Archive member included to satisfy reference by file (symbol)

C:/ST/STM32CubeIDE_1.18.1/STM32CubeIDE/plugins/com.st.stm32cube.ide.mcu.externaltools.gnu-tools-for-stm32.13.3.rel1.win32_1.0.0.202411081344/tools/bin/../lib/gcc/arm-none-eabi/13.3.1/../../../../arm-none-eabi/lib/thumb/v7e-m+fp/hard\libc_nano.a(libc_a-exit.o)
                              C:/ST/STM32CubeIDE_1.18.1/STM32CubeIDE/plugins/com.st.stm32cube.ide.mcu.externaltools.gnu-tools-for-stm32.13.3.rel1.win32_1.0.0.202411081344/tools/bin/../lib/gcc/arm-none-eabi/13.3.1/../../../../arm-none-eabi/lib/thumb/v7e-m+fp/hard/crt0.o (exit)
C:/ST/STM32CubeIDE_1.18.1/STM32CubeIDE/plugins/com.st.stm32cube.ide.mcu.externaltools.gnu-tools-for-stm32.13.3.rel1.win32_1.0.0.202411081344/tools/bin/../lib/gcc/arm-none-eabi/13.3.1/../../../../arm-none-eabi/lib/thumb/v7e-m+fp/hard\libc_nano.a(libc_a-nano-vfprintf_float.o)
                              (_printf_float)
C:/ST/STM32CubeIDE_1.18.1/STM32CubeIDE/plugins/com.st.stm32cube.ide.mcu.externaltools.gnu-tools-for-stm32.13.3.rel1.win32_1.0.0.202411081344/tools/bin/../lib/gcc/arm-none-eabi/13.3.1/../../../../arm-none-eabi/lib/thumb/v7e-m+fp/hard\libc_nano.a(libc_a-nano-vfprintf_i.o)
                              C:/ST/STM32CubeIDE_1.18.1/STM32CubeIDE/plugins/com.st.stm32cube.ide.mcu.externaltools.gnu-tools-for-stm32.13.3.rel1.win32_1.0.0.202411081344/tools/bin/../lib/gcc/arm-none-eabi/13.3.1/../../../../arm-none-eabi/lib/thumb/v7e-m+fp/hard\libc_nano.a(libc_a-nano-vfprintf_float.o) (_printf_common)
C:/ST/STM32CubeIDE_1.18.1/STM32CubeIDE/plugins/com.st.stm32cube.ide.mcu.externaltools.gnu-tools-for-stm32.13.3.rel1.win32_1.0.0.202411081344/tools/bin/../lib/gcc/arm-none-eabi/13.3.1/../../../../arm-none-eabi/lib/thumb/v7e-m+fp/hard\libc_nano.a(libc_a-findfp.o)
                              ./Middlewares/Third_Party/FreeRTOS/Source/tasks.o (__sf)
C:/ST/STM32CubeIDE_1.18.1/STM32CubeIDE/plugins/com.st.stm32cube.ide.mcu.externaltools.gnu-tools-for-stm32.13.3.rel1.win32_1.0.0.202411081344/tools/bin/../lib/gcc/arm-none-eabi/13.3.1/../../../../arm-none-eabi/lib/thumb/v7e-m+fp/hard\libc_nano.a(libc_a-fwalk.o)
                              C:/ST/STM32CubeIDE_1.18.1/STM32CubeIDE/plugins/com.st.stm32cube.ide.mcu.externaltools.gnu-tools-for-stm32.13.3.rel1.win32_1.0.0.202411081344/tools/bin/../lib/gcc/arm-none-eabi/13.3.1/../../../../arm-none-eabi/lib/thumb/v7e-m+fp/hard\libc_nano.a(libc_a-findfp.o) (_fwalk_sglue)
C:/ST/STM32CubeIDE_1.18.1/STM32CubeIDE/plugins/com.st.stm32cube.ide.mcu.externaltools.gnu-tools-for-stm32.13.3.rel1.win32_1.0.0.202411081344/tools/bin/../lib/gcc/arm-none-eabi/13.3.1/../../../../arm-none-eabi/lib/thumb/v7e-m+fp/hard\libc_nano.a(libc_a-printf.o)
                              ./Core/Src/BMI088.o (printf)
C:/ST/STM32CubeIDE_1.18.1/STM32CubeIDE/plugins/com.st.stm32cube.ide.mcu.externaltools.gnu-tools-for-stm32.13.3.rel1.win32_1.0.0.202411081344/tools/bin/../lib/gcc/arm-none-eabi/13.3.1/../../../../arm-none-eabi/lib/thumb/v7e-m+fp/hard\libc_nano.a(libc_a-puts.o)
                              ./Core/Src/common.o (puts)
C:/ST/STM32CubeIDE_1.18.1/STM32CubeIDE/plugins/com.st.stm32cube.ide.mcu.externaltools.gnu-tools-for-stm32.13.3.rel1.win32_1.0.0.202411081344/tools/bin/../lib/gcc/arm-none-eabi/13.3.1/../../../../arm-none-eabi/lib/thumb/v7e-m+fp/hard\libc_nano.a(libc_a-snprintf.o)
                              ./Core/Src/freertos.o (snprintf)
C:/ST/STM32CubeIDE_1.18.1/STM32CubeIDE/plugins/com.st.stm32cube.ide.mcu.externaltools.gnu-tools-for-stm32.13.3.rel1.win32_1.0.0.202411081344/tools/bin/../lib/gcc/arm-none-eabi/13.3.1/../../../../arm-none-eabi/lib/thumb/v7e-m+fp/hard\libc_nano.a(libc_a-stdio.o)
                              C:/ST/STM32CubeIDE_1.18.1/STM32CubeIDE/plugins/com.st.stm32cube.ide.mcu.externaltools.gnu-tools-for-stm32.13.3.rel1.win32_1.0.0.202411081344/tools/bin/../lib/gcc/arm-none-eabi/13.3.1/../../../../arm-none-eabi/lib/thumb/v7e-m+fp/hard\libc_nano.a(libc_a-findfp.o) (__sread)
C:/ST/STM32CubeIDE_1.18.1/STM32CubeIDE/plugins/com.st.stm32cube.ide.mcu.externaltools.gnu-tools-for-stm32.13.3.rel1.win32_1.0.0.202411081344/tools/bin/../lib/gcc/arm-none-eabi/13.3.1/../../../../arm-none-eabi/lib/thumb/v7e-m+fp/hard\libc_nano.a(libc_a-wbuf.o)
                              C:/ST/STM32CubeIDE_1.18.1/STM32CubeIDE/plugins/com.st.stm32cube.ide.mcu.externaltools.gnu-tools-for-stm32.13.3.rel1.win32_1.0.0.202411081344/tools/bin/../lib/gcc/arm-none-eabi/13.3.1/../../../../arm-none-eabi/lib/thumb/v7e-m+fp/hard\libc_nano.a(libc_a-puts.o) (__swbuf_r)
C:/ST/STM32CubeIDE_1.18.1/STM32CubeIDE/plugins/com.st.stm32cube.ide.mcu.externaltools.gnu-tools-for-stm32.13.3.rel1.win32_1.0.0.202411081344/tools/bin/../lib/gcc/arm-none-eabi/13.3.1/../../../../arm-none-eabi/lib/thumb/v7e-m+fp/hard\libc_nano.a(libc_a-wsetup.o)
[...]
Memory Configuration

Name             Origin             Length             Attributes
RAM              0x20000000         0x00020000         xrw
FLASH            0x08000000         0x00080000         xr
*default*        0x00000000         0xffffffff

Linker script and memory map

LOAD C:/ST/STM32CubeIDE_1.18.1/STM32CubeIDE/plugins/com.st.stm32cube.ide.mcu.externaltools.gnu-tools-for-stm32.13.3.rel1.win32_1.0.0.202411081344/tools/bin/../lib/gcc/arm-none-eabi/13.3.1/thumb/v7e-m+fp/hard/crti.o
LOAD C:/ST/STM32CubeIDE_1.18.1/STM32CubeIDE/plugins/com.st.stm32cube.ide.mcu.externaltools.gnu-tools-for-stm32.13.3.rel1.win32_1.0.0.202411081344/tools/bin/../lib/gcc/arm-none-eabi/13.3.1/thumb/v7e-m+fp/hard/crtbegin.o
LOAD C:/ST/STM32CubeIDE_1.18.1/STM32CubeIDE/plugins/com.st.stm32cube.ide.mcu.externaltools.gnu-tools-for-stm32.13.3.rel1.win32_1.0.0.202411081344/tools/bin/../lib/gcc/arm-none-eabi/13.3.1/../../../../arm-none-eabi/lib/thumb/v7e-m+fp/hard/crt0.o
LOAD ./Core/Src/BMI088.o
LOAD ./Core/Src/LoRa.o
LOAD ./Core/Src/bmp5.o
LOAD ./Core/Src/common.o
LOAD ./Core/Src/control.o
LOAD ./Core/Src/dma.o
LOAD ./Core/Src/freertos.o
LOAD ./Core/Src/gpio.o
LOAD ./Core/Src/i2c.o
LOAD ./Core/Src/main.o
LOAD ./Core/Src/read_sensor_data_continous_mode.o
LOAD ./Core/Src/sdio.o
LOAD ./Core/Src/spi.o
LOAD ./Core/Src/stm32f4xx_hal_msp.o
LOAD ./Core/Src/stm32f4xx_hal_timebase_tim.o
LOAD ./Core/Src/stm32f4xx_it.o
LOAD ./Core/Src/syscalls.o
LOAD ./Core/Src/sysmem.o
LOAD ./Core/Src/system_stm32f4xx.o
LOAD ./Core/Src/tim.o
LOAD ./Core/Startup/startup_stm32f446retx.o
LOAD ./Drivers/STM32F4xx_HAL_Driver/Src/stm32f4xx_hal.o
LOAD ./Drivers/STM32F4xx_HAL_Driver/Src/stm32f4xx_hal_cortex.o
LOAD ./Drivers/STM32F4xx_HAL_Driver/Src/stm32f4xx_hal_dma.o
LOAD ./Drivers/STM32F4xx_HAL_Driver/Src/stm32f4xx_hal_dma_ex.o
LOAD ./Drivers/STM32F4xx_HAL_Driver/Src/stm32f4xx_hal_exti.o
LOAD ./Drivers/STM32F4xx_HAL_Driver/Src/stm32f4xx_hal_flash.o
LOAD ./Drivers/STM32F4xx_HAL_Driver/Src/stm32f4xx_hal_flash_ex.o
LOAD ./Drivers/STM32F4xx_HAL_Driver/Src/stm32f4xx_hal_flash_ramfunc.o
LOAD ./Drivers/STM32F4xx_HAL_Driver/Src/stm32f4xx_hal_gpio.o
LOAD ./Drivers/STM32F4xx_HAL_Driver/Src/stm32f4xx_hal_i2c.o
LOAD ./Drivers/STM32F4xx_HAL_Driver/Src/stm32f4xx_hal_i2c_ex.o
LOAD ./Drivers/STM32F4xx_HAL_Driver/Src/stm32f4xx_hal_mmc.o
LOAD ./Drivers/STM32F4xx_HAL_Driver/Src/stm32f4xx_hal_pwr.o
LOAD ./Drivers/STM32F4xx_HAL_Driver/Src/stm32f4xx_hal_pwr_ex.o
LOAD ./Drivers/STM32F4xx_HAL_Driver/Src/stm32f4xx_hal_rcc.o
LOAD ./Drivers/STM32F4xx_HAL_Driver/Src/stm32f4xx_hal_rcc_ex.o
LOAD ./Drivers/STM32F4xx_HAL_Driver/Src/stm32f4xx_hal_sd.o
LOAD ./Drivers/STM32F4xx_HAL_Driver/Src/stm32f4xx_hal_spi.o
LOAD ./Drivers/STM32F4xx_HAL_Driver/Src/stm32f4xx_hal_tim.o
LOAD ./Drivers/STM32F4xx_HAL_Driver/Src/stm32f4xx_hal_tim_ex.o
LOAD ./Drivers/STM32F4xx_HAL_Driver/Src/stm32f4xx_ll_sdmmc.o
LOAD ./FATFS/App/fatfs.o
LOAD ./FATFS/Target/bsp_driver_sd.o
LOAD ./FATFS/Target/fatfs_platform.o
LOAD ./FATFS/Target/sd_diskio.o
LOAD ./Middlewares/Third_Party/FatFs/src/diskio.o
LOAD ./Middlewares/Third_Party/FatFs/src/ff.o
LOAD ./Middlewares/Third_Party/FatFs/src/ff_gen_drv.o
LOAD ./Middlewares/Third_Party/FatFs/src/option/ccsbcs.o
LOAD ./Middlewares/Third_Party/FatFs/src/option/syscall.o
LOAD ./Middlewares/Third_Party/FreeRTOS/Source/CMSIS_RTOS/cmsis_os.o
LOAD ./Middlewares/Third_Party/FreeRTOS/Source/croutine.o
LOAD ./Middlewares/Third_Party/FreeRTOS/Source/event_groups.o
LOAD ./Middlewares/Third_Party/FreeRTOS/Source/list.o
LOAD ./Middlewares/Third_Party/FreeRTOS/Source/queue.o
LOAD ./Middlewares/Third_Party/FreeRTOS/Source/stream_buffer.o
LOAD ./Middlewares/Third_Party/FreeRTOS/Source/tasks.o
LOAD ./Middlewares/Third_Party/FreeRTOS/Source/timers.o
LOAD ./Middlewares/Third_Party/FreeRTOS/Source/portable/GCC/ARM_CM4F/port.o
LOAD ./Middlewares/Third_Party/FreeRTOS/Source/portable/MemMang/heap_4.o
START GROUP
LOAD C:/ST/STM32CubeIDE_1.18.1/STM32CubeIDE/plugins/com.st.stm32cube.ide.mcu.externaltools.gnu-tools-for-stm32.13.3.rel1.win32_1.0.0.202411081344/tools/bin/../lib/gcc/arm-none-eabi/13.3.1/../../../../arm-none-eabi/lib/thumb/v7e-m+fp/hard\libc_nano.a
LOAD C:/ST/STM32CubeIDE_1.18.1/STM32CubeIDE/plugins/com.st.stm32cube.ide.mcu.externaltools.gnu-tools-for-stm32.13.3.rel1.win32_1.0.0.202411081344/tools/bin/../lib/gcc/arm-none-eabi/13.3.1/../../../../arm-none-eabi/lib/thumb/v7e-m+fp/hard\libm.a
END GROUP
START GROUP
LOAD C:/ST/STM32CubeIDE_1.18.1/STM32CubeIDE/plugins/com.st.stm32cube.ide.mcu.externaltools.gnu-tools-for-stm32.13.3.rel1.win32_1.0.0.202411081344/tools/bin/../lib/gcc/arm-none-eabi/13.3.1/thumb/v7e-m+fp/hard\libgcc.a
LOAD C:/ST/STM32CubeIDE_1.18.1/STM32CubeIDE/plugins/com.st.stm32cube.ide.mcu.externaltools.gnu-tools-for-stm32.13.3.rel1.win32_1.0.0.202411081344/tools/bin/../lib/gcc/arm-none-eabi/13.3.1/../../../../arm-none-eabi/lib/thumb/v7e-m+fp/hard\libc_nano.a
END GROUP
START GROUP
LOAD C:/ST/STM32CubeIDE_1.18.1/STM32CubeIDE/plugins/com.st.stm32cube.ide.mcu.externaltools.gnu-tools-for-stm32.13.3.rel1.win32_1.0.0.202411081344/tools/bin/../lib/gcc/arm-none-eabi/13.3.1/thumb/v7e-m+fp/hard\libgcc.a
LOAD C:/ST/STM32CubeIDE_1.18.1/STM32CubeIDE/plugins/com.st.stm32cube.ide.mcu.externaltools.gnu-tools-for-stm32.13.3.rel1.win32_1.0.0.202411081344/tools/bin/../lib/gcc/arm-none-eabi/13.3.1/../../../../arm-none-eabi/lib/thumb/v7e-m+fp/hard\libc_nano.a
LOAD C:/ST/STM32CubeIDE_1.18.1/STM32CubeIDE/plugins/com.st.stm32cube.ide.mcu.externaltools.gnu-tools-for-stm32.13.3.rel1.win32_1.0.0.202411081344/tools/bin/../lib/gcc/arm-none-eabi/13.3.1/../../../../arm-none-eabi/lib/thumb/v7e-m+fp/hard\libnosys.a
END GROUP
START GROUP
LOAD C:/ST/STM32CubeIDE_1.18.1/STM32CubeIDE/plugins/com.st.stm32cube.ide.mcu.externaltools.gnu-tools-for-stm32.13.3.rel1.win32_1.0.0.202411081344/tools/bin/../lib/gcc/arm-none-eabi/13.3.1/thumb/v7e-m+fp/hard\libgcc.a
LOAD C:/ST/STM32CubeIDE_1.18.1/STM32CubeIDE/plugins/com.st.stm32cube.ide.mcu.externaltools.gnu-tools-for-stm32.13.3.rel1.win32_1.0.0.202411081344/tools/bin/../lib/gcc/arm-none-eabi/13.3.1/../../../../arm-none-eabi/lib/thumb/v7e-m+fp/hard\libc_nano.a
LOAD C:/ST/STM32CubeIDE_1.18.1/STM32CubeIDE/plugins/com.st.stm32cube.ide.mcu.externaltools.gnu-tools-for-stm32.13.3.rel1.win32_1.0.0.202411081344/tools/bin/../lib/gcc/arm-none-eabi/13.3.1/../../../../arm-none-eabi/lib/thumb/v7e-m+fp/hard\libnosys.a
END GROUP
LOAD C:/ST/STM32CubeIDE_1.18.1/STM32CubeIDE/plugins/com.st.stm32cube.ide.mcu.externaltools.gnu-tools-for-stm32.13.3.rel1.win32_1.0.0.202411081344/tools/bin/../lib/gcc/arm-none-eabi/13.3.1/thumb/v7e-m+fp/hard/crtend.o
LOAD C:/ST/STM32CubeIDE_1.18.1/STM32CubeIDE/plugins/com.st.stm32cube.ide.mcu.externaltools.gnu-tools-for-stm32.13.3.rel1.win32_1.0.0.202411081344/tools/bin/../lib/gcc/arm-none-eabi/13.3.1/thumb/v7e-m+fp/hard/crtn.o
                0x20020000                        _estack = (ORIGIN (RAM) + LENGTH (RAM))
                0x00000200                        _Min_Heap_Size = 0x200
                0x00000400                        _Min_Stack_Size = 0x400

.isr_vector     0x08000000      0x1c4
                0x08000000                        . = ALIGN (0x4)
 *(.isr_vector)
 .isr_vector    0x08000000      0x1c4 ./Core/Startup/startup_stm32f446retx.o
                0x08000000                g_pfnVectors
                0x080001c4                        . = ALIGN (0x4)

.text           0x080001d0    0x121d8
                0x080001d0                        . = ALIGN (0x4)
 *(.text)
 .text          0x080001d0       0x40 C:/ST/STM32CubeIDE_1.18.1/STM32CubeIDE/plugins/com.st.stm32cube.ide.mcu.externaltools.gnu-tools-for-stm32.13.3.rel1.win32_1.0.0.202411081344/tools/bin/../lib/gcc/arm-none-eabi/13.3.1/thumb/v7e-m+fp/hard/crtbegin.o
 .text          0x08000210       0xa0 C:/ST/STM32CubeIDE_1.18.1/STM32CubeIDE/plugins/com.st.stm32cube.ide.mcu.externaltools.gnu-tools-for-stm32.13.3.rel1.win32_1.0.0.202411081344/tools/bin/../lib/gcc/arm-none-eabi/13.3.1/../../../../arm-none-eabi/lib/thumb/v7e-m+fp/hard\libc_nano.a(libc_a-memchr.o)
                0x08000210                memchr
 .text          0x080002b0       0x10 C:/ST/STM32CubeIDE_1.18.1/STM32CubeIDE/plugins/com.st.stm32cube.ide.mcu.externaltools.gnu-tools-for-stm32.13.3.rel1.win32_1.0.0.202411081344/tools/bin/../lib/gcc/arm-none-eabi/13.3.1/../../../../arm-none-eabi/lib/thumb/v7e-m+fp/hard\libc_nano.a(libc_a-strlen.o)
                0x080002b0                strlen
 .text          0x080002c0      0x378 C:/ST/STM32CubeIDE_1.18.1/STM32CubeIDE/plugins/com.st.stm32cube.ide.mcu.externaltools.gnu-tools-for-stm32.13.3.rel1.win32_1.0.0.202411081344/tools/bin/../lib/gcc/arm-none-eabi/13.3.1/thumb/v7e-m+fp/hard\libgcc.a(_arm_addsubdf3.o)
                0x080002c0                __aeabi_drsub
                0x080002c8                __aeabi_dsub
                0x080002c8                __subdf3
                0x080002cc                __aeabi_dadd
                0x080002cc                __adddf3
                0x08000544                __floatunsidf
                0x08000544                __aeabi_ui2d
                0x08000564                __floatsidf
                0x08000564                __aeabi_i2d
                0x08000588                __aeabi_f2d
                0x08000588                __extendsfdf2
                0x080005cc                __floatundidf
                0x080005cc                __aeabi_ul2d
                0x080005dc                __floatdidf
                0x080005dc                __aeabi_l2d
 .text          0x08000638      0x424 C:/ST/STM32CubeIDE_1.18.1/STM32CubeIDE/plugins/com.st.stm32cube.ide.mcu.externaltools.gnu-tools-for-stm32.13.3.rel1.win32_1.0.0.202411081344/tools/bin/../lib/gcc/arm-none-eabi/13.3.1/thumb/v7e-m+fp/hard\libgcc.a(_arm_muldivdf3.o)
                0x08000638                __aeabi_dmul
                0x08000638                __muldf3
                0x0800088c                __divdf3
                0x0800088c                __aeabi_ddiv
 .text          0x08000a5c      0x110 C:/ST/STM32CubeIDE_1.18.1/STM32CubeIDE/plugins/com.st.stm32cube.ide.mcu.externaltools.gnu-tools-for-stm32.13.3.rel1.win32_1.0.0.202411081344/tools/bin/../lib/gcc/arm-none-eabi/13.3.1/thumb/v7e-m+fp/hard\libgcc.a(_arm_cmpdf2.o)
                0x08000a5c                __gtdf2
                0x08000a5c                __gedf2
                0x08000a64                __ltdf2
                0x08000a64                __ledf2
                0x08000a6c                __nedf2
                0x08000a6c                __eqdf2
                0x08000a6c                __cmpdf2
                0x08000ae8                __aeabi_cdrcmple
                0x08000af8                __aeabi_cdcmpeq
                0x08000af8                __aeabi_cdcmple
                0x08000b08                __aeabi_dcmpeq
                0x08000b1c                __aeabi_dcmplt
                0x08000b30                __aeabi_dcmple
                0x08000b44                __aeabi_dcmpge
                0x08000b58                __aeabi_dcmpgt
 .text          0x08000b6c       0x2c C:/ST/STM32CubeIDE_1.18.1/STM32CubeIDE/plugins/com.st.stm32cube.ide.mcu.externaltools.gnu-tools-for-stm32.13.3.rel1.win32_1.0.0.202411081344/tools/bin/../lib/gcc/arm-none-eabi/13.3.1/thumb/v7e-m+fp/hard\libgcc.a(_arm_unorddf2.o)
                0x08000b6c                __unorddf2
                0x08000b6c                __aeabi_dcmpun
 .text          0x08000b98       0x50 C:/ST/STM32CubeIDE_1.18.1/STM32CubeIDE/plugins/com.st.stm32cube.ide.mcu.externaltools.gnu-tools-for-stm32.13.3.rel1.win32_1.0.0.202411081344/tools/bin/../lib/gcc/arm-none-eabi/13.3.1/thumb/v7e-m+fp/hard\libgcc.a(_arm_fixdfsi.o)
                0x08000b98                __aeabi_d2iz
                0x08000b98                __fixdfsi
 .text          0x08000be8       0x40 C:/ST/STM32CubeIDE_1.18.1/STM32CubeIDE/plugins/com.st.stm32cube.ide.mcu.externaltools.gnu-tools-for-stm32.13.3.rel1.win32_1.0.0.202411081344/tools/bin/../lib/gcc/arm-none-eabi/13.3.1/thumb/v7e-m+fp/hard\libgcc.a(_arm_fixunsdfsi.o)
                0x08000be8                __aeabi_d2uiz
                0x08000be8                __fixunsdfsi
 .text          0x08000c28       0xa0 C:/ST/STM32CubeIDE_1.18.1/STM32CubeIDE/plugins/com.st.stm32cube.ide.mcu.externaltools.gnu-tools-for-stm32.13.3.rel1.win32_1.0.0.202411081344/tools/bin/../lib/gcc/arm-none-eabi/13.3.1/thumb/v7e-m+fp/hard\libgcc.a(_arm_truncdfsf2.o)
                0x08000c28                __truncdfsf2
                0x08000c28                __aeabi_d2f
 .text          0x08000cc8       0x30 C:/ST/STM32CubeIDE_1.18.1/STM32CubeIDE/plugins/com.st.stm32cube.ide.mcu.externaltools.gnu-tools-for-stm32.13.3.rel1.win32_1.0.0.202411081344/tools/bin/../lib/gcc/arm-none-eabi/13.3.1/thumb/v7e-m+fp/hard\libgcc.a(_aeabi_uldivmod.o)
                0x08000cc8                __aeabi_uldivmod
 .text          0x08000cf8      0x2f8 C:/ST/STM32CubeIDE_1.18.1/STM32CubeIDE/plugins/com.st.stm32cube.ide.mcu.externaltools.gnu-tools-for-stm32.13.3.rel1.win32_1.0.0.202411081344/tools/bin/../lib/gcc/arm-none-eabi/13.3.1/thumb/v7e-m+fp/hard\libgcc.a(_udivmoddi4.o)
                0x08000cf8                __udivmoddi4
 .text          0x08000ff0        0x4 C:/ST/STM32CubeIDE_1.18.1/STM32CubeIDE/plugins/com.st.stm32cube.ide.mcu.externaltools.gnu-tools-for-stm32.13.3.rel1.win32_1.0.0.202411081344/tools/bin/../lib/gcc/arm-none-eabi/13.3.1/thumb/v7e-m+fp/hard\libgcc.a(_dvmd_tls.o)
                0x08000ff0                __aeabi_idiv0
                0x08000ff0                __aeabi_ldiv0
 *(.text*)
 .text.BMI088_Init_I2C
                0x08000ff4      0x3d4 ./Core/Src/BMI088.o
                0x08000ff4                BMI088_Init_I2C
 .text.configureLoRa
                0x080013c8       0x84 ./Core/Src/LoRa.o
                0x080013c8                configureLoRa
 .text.LoRa_gotoMode
                0x0800144c       0xc2 ./Core/Src/LoRa.o
                0x0800144c                LoRa_gotoMode
 .text.LoRa_readReg
                0x0800150e       0x7c ./Core/Src/LoRa.o
                0x0800150e                LoRa_readReg
 .text.LoRa_writeReg
                0x0800158a       0x7c ./Core/Src/LoRa.o
                0x0800158a                LoRa_writeReg
 .text.LoRa_setLowDaraRateOptimization
                0x08001606       0x4a ./Core/Src/LoRa.o
                0x08001606                LoRa_setLowDaraRateOptimization
 .text.LoRa_setAutoLDO
                0x08001650       0x6c ./Core/Src/LoRa.o
                0x08001650                LoRa_setAutoLDO
 *fill*         0x080016bc        0x4 
 .text.LoRa_setFrequency
                0x080016c0       0xa0 ./Core/Src/LoRa.o
                0x080016c0                LoRa_setFrequency
 .text.LoRa_setSpreadingFactor
                0x08001760       0x64 ./Core/Src/LoRa.o
                0x08001760                LoRa_setSpreadingFactor
 .text.LoRa_setPower
                0x080017c4       0x26 ./Core/Src/LoRa.o
                0x080017c4                LoRa_setPower
 *fill*         0x080017ea        0x2 
 .text.LoRa_setOCP
                0x080017ec       0x7c ./Core/Src/LoRa.o
                0x080017ec                LoRa_setOCP
 .text.LoRa_setTOMsb_setCRCon
                0x08001868       0x36 ./Core/Src/LoRa.o
                0x08001868                LoRa_setTOMsb_setCRCon
 .text.LoRa_read
                0x0800189e       0x34 ./Core/Src/LoRa.o
                0x0800189e                LoRa_read
 .text.LoRa_write
                0x080018d2       0x40 ./Core/Src/LoRa.o
                0x080018d2                LoRa_write
 .text.LoRa_BurstWrite
                0x08001912       0x8e ./Core/Src/LoRa.o
                0x08001912                LoRa_BurstWrite
 .text.LoRa_isvalid
                0x080019a0       0x16 ./Core/Src/LoRa.o
                0x080019a0                LoRa_isvalid
 .text.LoRa_transmit
                0x080019b6       0xb0 ./Core/Src/LoRa.o
                0x080019b6                LoRa_transmit
 .text.LoRa_startReceiving
                0x08001a66       0x18 ./Core/Src/LoRa.o
                0x08001a66                LoRa_startReceiving
 .text.LoRa_init
                0x08001a7e      0x152 ./Core/Src/LoRa.o
                0x08001a7e                LoRa_init
 .text.bmp5_init
                0x08001bd0       0xaa ./Core/Src/bmp5.o
                0x08001bd0                bmp5_init
 .text.bmp5_get_regs
                0x08001c7a       0x60 ./Core/Src/bmp5.o
                0x08001c7a                bmp5_get_regs
 .text.bmp5_set_regs
                0x08001cda       0xb8 ./Core/Src/bmp5.o
                0x08001cda                bmp5_set_regs
 .text.bmp5_soft_reset
                0x08001d92       0x86 ./Core/Src/bmp5.o
                0x08001d92                bmp5_soft_reset
 .text.bmp5_get_interrupt_status
                0x08001e18       0x32 ./Core/Src/bmp5.o
                0x08001e18                bmp5_get_interrupt_status
 *fill*         0x08001e4a        0x2 
 .text.bmp5_get_power_mode
                0x08001e4c       0xa0 ./Core/Src/bmp5.o
                0x08001e4c                bmp5_get_power_mode
 .text.bmp5_set_power_mode
                0x08001eec       0x96 ./Core/Src/bmp5.o
                0x08001eec                bmp5_set_power_mode
 *fill*         0x08001f82        0x2 
 .text.bmp5_get_sensor_data
                0x08001f84       0xc4 ./Core/Src/bmp5.o
                0x08001f84                bmp5_get_sensor_data
 .text.bmp5_int_source_select
                0x08002048       0xd2 ./Core/Src/bmp5.o
                0x08002048                bmp5_int_source_select
 .text.bmp5_configure_interrupt
                0x0800211a      0x112 ./Core/Src/bmp5.o
                0x0800211a                bmp5_configure_interrupt
 .text.bmp5_get_osr_odr_press_config
                0x0800222c       0x78 ./Core/Src/bmp5.o
                0x0800222c                bmp5_get_osr_odr_press_config
 .text.bmp5_set_osr_odr_press_config
                0x080022a4       0xf4 ./Core/Src/bmp5.o
                0x080022a4                bmp5_set_osr_odr_press_config
 .text.bmp5_get_iir_config
                0x08002398       0x80 ./Core/Src/bmp5.o
                0x08002398                bmp5_get_iir_config
 .text.bmp5_set_iir_config
                0x08002418       0xa8 ./Core/Src/bmp5.o
                0x08002418                bmp5_set_iir_config
 .text.null_ptr_check
                0x080024c0       0x40 ./Core/Src/bmp5.o
 .text.validate_chip_id
                0x08002500       0x38 ./Core/Src/bmp5.o
 .text.power_up_check
                0x08002538       0x7e ./Core/Src/bmp5.o
 .text.check_deepstandby_mode
                0x080025b6       0x8e ./Core/Src/bmp5.o
 .text.set_deep_standby_mode
                0x08002644       0xda ./Core/Src/bmp5.o
 .text.set_power_mode
                0x0800271e       0x6a ./Core/Src/bmp5.o
 .text.set_standby_mode
                0x08002788       0x3e ./Core/Src/bmp5.o
 .text.set_iir_config
                0x080027c6       0xd0 ./Core/Src/bmp5.o
 .text.get_nvm_status
                0x08002896       0x32 ./Core/Src/bmp5.o
 .text.bmp5_i2c_read
                0x080028c8       0xfc ./Core/Src/common.o
                0x080028c8                bmp5_i2c_read
 .text.bmp5_i2c_write
                0x080029c4       0x60 ./Core/Src/common.o
                0x080029c4                bmp5_i2c_write
 .text.bmp5_error_codes_print_result
                0x08002a24       0xfc ./Core/Src/common.o
                0x08002a24                bmp5_error_codes_print_result
 .text.init_bmp5_interface
                0x08002b20       0xb4 ./Core/Src/common.o
                0x08002b20                init_bmp5_interface
 .text.control_init
                0x08002bd4       0x30 ./Core/Src/control.o
                0x08002bd4                control_init
 .text.MX_DMA_Init
                0x08002c04       0x50 ./Core/Src/dma.o
                0x08002c04                MX_DMA_Init
 .text.vApplicationIdleHook
                0x08002c54        0xe ./Core/Src/freertos.o
                0x08002c54                vApplicationIdleHook
 .text.vApplicationTickHook
                0x08002c62        0xe ./Core/Src/freertos.o
                0x08002c62                vApplicationTickHook
 .text.vApplicationMallocFailedHook
                0x08002c70        0xe ./Core/Src/freertos.o
                0x08002c70                vApplicationMallocFailedHook
 *fill*         0x08002c7e        0x2 
 .text.vApplicationGetIdleTaskMemory
                0x08002c80       0x34 ./Core/Src/freertos.o
                0x08002c80                vApplicationGetIdleTaskMemory
 .text.MX_FREERTOS_Init
                0x08002cb4      0x140 ./Core/Src/freertos.o
                0x08002cb4                MX_FREERTOS_Init
 .text.StartDefaultTask
                0x08002df4       0x10 ./Core/Src/freertos.o
                0x08002df4                StartDefaultTask
 .text.BMI088_fonk
                0x08002e04       0x10 ./Core/Src/freertos.o
                0x08002e04                BMI088_fonk
 .text.BMP581_fonk
                0x08002e14       0x16 ./Core/Src/freertos.o
                0x08002e14                BMP581_fonk
 *fill*         0x08002e2a        0x2 
 .text.Transmit_veri
                0x08002e2c      0x1c0 ./Core/Src/freertos.o
                0x08002e2c                Transmit_veri
 .text.SDfonk   0x08002fec       0x10 ./Core/Src/freertos.o
                0x08002fec                SDfonk
 .text.servo_fonk
                0x08002ffc       0x1c ./Core/Src/freertos.o
                0x08002ffc                servo_fonk
 .text.MX_GPIO_Init
                0x08003018      0x14c ./Core/Src/gpio.o
                0x08003018                MX_GPIO_Init
 .text.MX_I2C1_Init
                0x08003164       0x5c ./Core/Src/i2c.o
                0x08003164                MX_I2C1_Init
 .text.MX_I2C3_Init
                0x080031c0       0x5c ./Core/Src/i2c.o
                0x080031c0                MX_I2C3_Init
 .text.HAL_I2C_MspInit
                0x0800321c      0x140 ./Core/Src/i2c.o
                0x0800321c                HAL_I2C_MspInit
 .text.HAL_I2C_MspDeInit
                0x0800335c       0x7c ./Core/Src/i2c.o
                0x0800335c                HAL_I2C_MspDeInit
 .text.main     0x080033d8       0x74 ./Core/Src/main.o
                0x080033d8                main
 .text.SystemClock_Config
                0x0800344c       0xe8 ./Core/Src/main.o
                0x0800344c                SystemClock_Config
 .text.HAL_TIM_PeriodElapsedCallback
                0x08003534       0x24 ./Core/Src/main.o
                0x08003534                HAL_TIM_PeriodElapsedCallback
 .text.Error_Handler
                0x08003558        0xc ./Core/Src/main.o
                0x08003558                Error_Handler
 .text.set_config
                0x08003564       0xbc ./Core/Src/read_sensor_data_continous_mode.o
 .text.get_sensor_data
                0x08003620       0x90 ./Core/Src/read_sensor_data_continous_mode.o
 .text.BMP581   0x080036b0       0x68 ./Core/Src/read_sensor_data_continous_mode.o
                0x080036b0                BMP581
 .text.MX_SDIO_SD_Init
                0x08003718       0x40 ./Core/Src/sdio.o
                0x08003718                MX_SDIO_SD_Init
 .text.HAL_SD_MspInit
                0x08003758      0x260 ./Core/Src/sdio.o
                0x08003758                HAL_SD_MspInit
 .text.HAL_SD_MspDeInit
                0x080039b8       0x70 ./Core/Src/sdio.o
                0x080039b8                HAL_SD_MspDeInit
 .text.MX_SPI1_Init
                0x08003a28       0x6c ./Core/Src/spi.o
                0x08003a28                MX_SPI1_Init
 .text.HAL_SPI_MspInit
                0x08003a94       0xa0 ./Core/Src/spi.o
                0x08003a94                HAL_SPI_MspInit
 .text.HAL_MspInit
                0x08003b34       0x58 ./Core/Src/stm32f4xx_hal_msp.o
                0x08003b34                HAL_MspInit
 .text.HAL_InitTick
                0x08003b8c       0xe8 ./Core/Src/stm32f4xx_hal_timebase_tim.o
                0x08003b8c                HAL_InitTick
 .text.NMI_Handler
                0x08003c74        0x8 ./Core/Src/stm32f4xx_it.o
                0x08003c74                NMI_Handler
 .text.HardFault_Handler
                0x08003c7c        0x8 ./Core/Src/stm32f4xx_it.o
                0x08003c7c                HardFault_Handler
 .text.MemManage_Handler
                0x08003c84        0x8 ./Core/Src/stm32f4xx_it.o
                0x08003c84                MemManage_Handler
 .text.BusFault_Handler
                0x08003c8c        0x8 ./Core/Src/stm32f4xx_it.o
                0x08003c8c                BusFault_Handler
 .text.UsageFault_Handler
                0x08003c94        0x8 ./Core/Src/stm32f4xx_it.o
                0x08003c94                UsageFault_Handler
 .text.DebugMon_Handler
                0x08003c9c        0xe ./Core/Src/stm32f4xx_it.o
                0x08003c9c                DebugMon_Handler
 *fill*         0x08003caa        0x2 
 .text.TIM1_UP_TIM10_IRQHandler
                0x08003cac       0x14 ./Core/Src/stm32f4xx_it.o
                0x08003cac                TIM1_UP_TIM10_IRQHandler
 .text.SPI1_IRQHandler
                0x08003cc0       0x14 ./Core/Src/stm32f4xx_it.o
                0x08003cc0                SPI1_IRQHandler
 .text.SDIO_IRQHandler
                0x08003cd4       0x14 ./Core/Src/stm32f4xx_it.o
                0x08003cd4                SDIO_IRQHandler
 .text.DMA2_Stream3_IRQHandler
                0x08003ce8       0x14 ./Core/Src/stm32f4xx_it.o
                0x08003ce8                DMA2_Stream3_IRQHandler
 .text.DMA2_Stream6_IRQHandler
                0x08003cfc       0x14 ./Core/Src/stm32f4xx_it.o
                0x08003cfc                DMA2_Stream6_IRQHandler
 .text._getpid  0x08003d10       0x10 ./Core/Src/syscalls.o
                0x08003d10                _getpid
 .text._kill    0x08003d20       0x20 ./Core/Src/syscalls.o
                0x08003d20                _kill
 .text._exit    0x08003d40       0x16 ./Core/Src/syscalls.o
                0x08003d40                _exit
 .text._read    0x08003d56       0x3a ./Core/Src/syscalls.o
                0x08003d56                _read
 .text._write   0x08003d90       0x38 ./Core/Src/syscalls.o
                0x08003d90                _write
 .text._close   0x08003dc8       0x18 ./Core/Src/syscalls.o
                0x08003dc8                _close
 .text._fstat   0x08003de0       0x20 ./Core/Src/syscalls.o
                0x08003de0                _fstat
 .text._isatty  0x08003e00       0x16 ./Core/Src/syscalls.o
                0x08003e00                _isatty
 .text._lseek   0x08003e16       0x1a ./Core/Src/syscalls.o
                0x08003e16                _lseek
 .text._sbrk    0x08003e30       0x6c ./Core/Src/sysmem.o
                0x08003e30                _sbrk
 .text.SystemInit
                0x08003e9c       0x24 ./Core/Src/system_stm32f4xx.o
                0x08003e9c                SystemInit
 .text.MX_TIM2_Init
                0x08003ec0       0xec ./Core/Src/tim.o
                0x08003ec0                MX_TIM2_Init
 .text.HAL_TIM_Base_MspInit
                0x08003fac       0x40 ./Core/Src/tim.o
                0x08003fac                HAL_TIM_Base_MspInit
 .text.HAL_TIM_MspPostInit
                0x08003fec       0x70 ./Core/Src/tim.o
                0x08003fec                HAL_TIM_MspPostInit
 .text.Reset_Handler
                0x0800405c       0x50 ./Core/Startup/startup_stm32f446retx.o
                0x0800405c                Reset_Handler
 .text.Default_Handler
                0x080040ac        0x2 ./Core/Startup/startup_stm32f446retx.o
                0x080040ac                RTC_Alarm_IRQHandler
                0x080040ac                EXTI2_IRQHandler
                0x080040ac                TIM8_CC_IRQHandler
                0x080040ac                FMPI2C1_EV_IRQHandler
                0x080040ac                SPI4_IRQHandler
                0x080040ac                TIM1_CC_IRQHandler
                0x080040ac                DMA2_Stream5_IRQHandler
                0x080040ac                DMA1_Stream5_IRQHandler
                0x080040ac                PVD_IRQHandler
                0x080040ac                TAMP_STAMP_IRQHandler
                0x080040ac                CAN2_RX1_IRQHandler
                0x080040ac                EXTI3_IRQHandler
                0x080040ac                TIM8_TRG_COM_TIM14_IRQHandler
                0x080040ac                TIM8_UP_TIM13_IRQHandler
                0x080040ac                I2C3_ER_IRQHandler
                0x080040ac                EXTI0_IRQHandler
                0x080040ac                I2C2_EV_IRQHandler
                0x080040ac                DMA1_Stream2_IRQHandler
                0x080040ac                CAN1_RX0_IRQHandler
                0x080040ac                FPU_IRQHandler
                0x080040ac                OTG_HS_WKUP_IRQHandler
                0x080040ac                CAN2_SCE_IRQHandler
                0x080040ac                DMA2_Stream2_IRQHandler
                0x080040ac                TIM6_DAC_IRQHandler
                0x080040ac                TIM1_BRK_TIM9_IRQHandler
                0x080040ac                DCMI_IRQHandler
                0x080040ac                CAN2_RX0_IRQHandler
                0x080040ac                SAI2_IRQHandler
                0x080040ac                USART6_IRQHandler
                0x080040ac                USART3_IRQHandler
                0x080040ac                CAN1_RX1_IRQHandler
                0x080040ac                UART5_IRQHandler
                0x080040ac                DMA2_Stream0_IRQHandler
                0x080040ac                TIM4_IRQHandler
                0x080040ac                QUADSPI_IRQHandler
                0x080040ac                I2C1_EV_IRQHandler
                0x080040ac                DMA1_Stream6_IRQHandler
                0x080040ac                DMA1_Stream1_IRQHandler
                0x080040ac                UART4_IRQHandler
                0x080040ac                TIM3_IRQHandler
                0x080040ac                RCC_IRQHandler
                0x080040ac                TIM8_BRK_TIM12_IRQHandler
                0x080040ac                Default_Handler
                0x080040ac                CEC_IRQHandler
                0x080040ac                EXTI15_10_IRQHandler
                0x080040ac                ADC_IRQHandler
                0x080040ac                DMA1_Stream7_IRQHandler
                0x080040ac                TIM7_IRQHandler
                0x080040ac                CAN2_TX_IRQHandler
                0x080040ac                TIM5_IRQHandler
                0x080040ac                DMA2_Stream7_IRQHandler
                0x080040ac                I2C3_EV_IRQHandler
                0x080040ac                EXTI9_5_IRQHandler
                0x080040ac                RTC_WKUP_IRQHandler
                0x080040ac                SPDIF_RX_IRQHandler
                0x080040ac                SPI2_IRQHandler
                0x080040ac                OTG_HS_EP1_IN_IRQHandler
                0x080040ac                DMA1_Stream0_IRQHandler
                0x080040ac                CAN1_TX_IRQHandler
                0x080040ac                FMPI2C1_ER_IRQHandler
                0x080040ac                EXTI4_IRQHandler
                0x080040ac                OTG_HS_EP1_OUT_IRQHandler
                0x080040ac                WWDG_IRQHandler
                0x080040ac                TIM2_IRQHandler
                0x080040ac                OTG_FS_WKUP_IRQHandler
                0x080040ac                TIM1_TRG_COM_TIM11_IRQHandler
                0x080040ac                OTG_HS_IRQHandler
                0x080040ac                EXTI1_IRQHandler
                0x080040ac                USART2_IRQHandler
                0x080040ac                I2C2_ER_IRQHandler
                0x080040ac                DMA2_Stream1_IRQHandler
                0x080040ac                CAN1_SCE_IRQHandler
                0x080040ac                FLASH_IRQHandler
                0x080040ac                DMA2_Stream4_IRQHandler
                0x080040ac                USART1_IRQHandler
                0x080040ac                OTG_FS_IRQHandler
                0x080040ac                SPI3_IRQHandler
                0x080040ac                DMA1_Stream4_IRQHandler
                0x080040ac                I2C1_ER_IRQHandler
                0x080040ac                FMC_IRQHandler
                0x080040ac                SAI1_IRQHandler
                0x080040ac                DMA1_Stream3_IRQHandler
 *fill*         0x080040ae        0x2 
 .text.HAL_Init
                0x080040b0       0x44 ./Drivers/STM32F4xx_HAL_Driver/Src/stm32f4xx_hal.o
                0x080040b0                HAL_Init
 .text.HAL_IncTick
                0x080040f4       0x28 ./Drivers/STM32F4xx_HAL_Driver/Src/stm32f4xx_hal.o
                0x080040f4                HAL_IncTick
 .text.HAL_GetTick
                0x0800411c       0x18 ./Drivers/STM32F4xx_HAL_Driver/Src/stm32f4xx_hal.o
                0x0800411c                HAL_GetTick
 .text.HAL_Delay
                0x08004134       0x48 ./Drivers/STM32F4xx_HAL_Driver/Src/stm32f4xx_hal.o
                0x08004134                HAL_Delay
 .text.__NVIC_SetPriorityGrouping
                0x0800417c       0x48 ./Drivers/STM32F4xx_HAL_Driver/Src/stm32f4xx_hal_cortex.o
 .text.__NVIC_GetPriorityGrouping
                0x080041c4       0x1c ./Drivers/STM32F4xx_HAL_Driver/Src/stm32f4xx_hal_cortex.o
 .text.__NVIC_EnableIRQ
                0x080041e0       0x3c ./Drivers/STM32F4xx_HAL_Driver/Src/stm32f4xx_hal_cortex.o
 .text.__NVIC_DisableIRQ
                0x0800421c       0x48 ./Drivers/STM32F4xx_HAL_Driver/Src/stm32f4xx_hal_cortex.o
 .text.__NVIC_SetPriority
                0x08004264       0x54 ./Drivers/STM32F4xx_HAL_Driver/Src/stm32f4xx_hal_cortex.o
 .text.NVIC_EncodePriority
                0x080042b8       0x66 ./Drivers/STM32F4xx_HAL_Driver/Src/stm32f4xx_hal_cortex.o
 .text.HAL_NVIC_SetPriorityGrouping
                0x0800431e       0x16 ./Drivers/STM32F4xx_HAL_Driver/Src/stm32f4xx_hal_cortex.o
                0x0800431e                HAL_NVIC_SetPriorityGrouping
 .text.HAL_NVIC_SetPriority
                0x08004334       0x38 ./Drivers/STM32F4xx_HAL_Driver/Src/stm32f4xx_hal_cortex.o
                0x08004334                HAL_NVIC_SetPriority
 .text.HAL_NVIC_EnableIRQ
                0x0800436c       0x1c ./Drivers/STM32F4xx_HAL_Driver/Src/stm32f4xx_hal_cortex.o
                0x0800436c                HAL_NVIC_EnableIRQ
 .text.HAL_NVIC_DisableIRQ
                0x08004388       0x1c ./Drivers/STM32F4xx_HAL_Driver/Src/stm32f4xx_hal_cortex.o
                0x08004388                HAL_NVIC_DisableIRQ
 .text.HAL_DMA_Init
                0x080043a4      0x15c ./Drivers/STM32F4xx_HAL_Driver/Src/stm32f4xx_hal_dma.o
                0x080043a4                HAL_DMA_Init
 .text.HAL_DMA_DeInit
                0x08004500       0xbc ./Drivers/STM32F4xx_HAL_Driver/Src/stm32f4xx_hal_dma.o
                0x08004500                HAL_DMA_DeInit
 .text.HAL_DMA_Start_IT
                0x080045bc       0xb0 ./Drivers/STM32F4xx_HAL_Driver/Src/stm32f4xx_hal_dma.o
                0x080045bc                HAL_DMA_Start_IT
 .text.HAL_DMA_Abort_IT
                0x0800466c       0x44 ./Drivers/STM32F4xx_HAL_Driver/Src/stm32f4xx_hal_dma.o
                0x0800466c                HAL_DMA_Abort_IT
 .text.HAL_DMA_IRQHandler
                0x080046b0      0x314 ./Drivers/STM32F4xx_HAL_Driver/Src/stm32f4xx_hal_dma.o
                0x080046b0                HAL_DMA_IRQHandler
 .text.HAL_DMA_GetError
                0x080049c4       0x18 ./Drivers/STM32F4xx_HAL_Driver/Src/stm32f4xx_hal_dma.o
                0x080049c4                HAL_DMA_GetError
 .text.DMA_SetConfig
                0x080049dc       0x5c ./Drivers/STM32F4xx_HAL_Driver/Src/stm32f4xx_hal_dma.o
 .text.DMA_CalcBaseAndBitshift
                0x08004a38       0x6c ./Drivers/STM32F4xx_HAL_Driver/Src/stm32f4xx_hal_dma.o
 .text.DMA_CheckFifoParam
                0x08004aa4       0xf8 ./Drivers/STM32F4xx_HAL_Driver/Src/stm32f4xx_hal_dma.o
 .text.HAL_GPIO_Init
                0x08004b9c      0x328 ./Drivers/STM32F4xx_HAL_Driver/Src/stm32f4xx_hal_gpio.o
                0x08004b9c                HAL_GPIO_Init
 .text.HAL_GPIO_DeInit
                0x08004ec4      0x1e8 ./Drivers/STM32F4xx_HAL_Driver/Src/stm32f4xx_hal_gpio.o
                0x08004ec4                HAL_GPIO_DeInit
 .text.HAL_GPIO_ReadPin
                0x080050ac       0x30 ./Drivers/STM32F4xx_HAL_Driver/Src/stm32f4xx_hal_gpio.o
                0x080050ac                HAL_GPIO_ReadPin
 .text.HAL_GPIO_WritePin
                0x080050dc       0x32 ./Drivers/STM32F4xx_HAL_Driver/Src/stm32f4xx_hal_gpio.o
                0x080050dc                HAL_GPIO_WritePin
 *fill*         0x0800510e        0x2 
 .text.HAL_I2C_Init
                0x08005110      0x288 ./Drivers/STM32F4xx_HAL_Driver/Src/stm32f4xx_hal_i2c.o
                0x08005110                HAL_I2C_Init
 .text.HAL_I2C_DeInit
                0x08005398       0x5e ./Drivers/STM32F4xx_HAL_Driver/Src/stm32f4xx_hal_i2c.o
                0x08005398                HAL_I2C_DeInit
 *fill*         0x080053f6        0x2 
 .text.HAL_I2C_Mem_Write
                0x080053f8      0x1f4 ./Drivers/STM32F4xx_HAL_Driver/Src/stm32f4xx_hal_i2c.o
                0x080053f8                HAL_I2C_Mem_Write
 .text.HAL_I2C_Mem_Read
                0x080055ec      0x464 ./Drivers/STM32F4xx_HAL_Driver/Src/stm32f4xx_hal_i2c.o
                0x080055ec                HAL_I2C_Mem_Read
 .text.HAL_I2C_IsDeviceReady
                0x08005a50      0x25c ./Drivers/STM32F4xx_HAL_Driver/Src/stm32f4xx_hal_i2c.o
                0x08005a50                HAL_I2C_IsDeviceReady
 .text.I2C_RequestMemoryWrite
                0x08005cac      0x12c ./Drivers/STM32F4xx_HAL_Driver/Src/stm32f4xx_hal_i2c.o
 .text.I2C_RequestMemoryRead
                0x08005dd8      0x1d0 ./Drivers/STM32F4xx_HAL_Driver/Src/stm32f4xx_hal_i2c.o
 .text.I2C_WaitOnFlagUntilTimeout
                0x08005fa8       0xf4 ./Drivers/STM32F4xx_HAL_Driver/Src/stm32f4xx_hal_i2c.o
 .text.I2C_WaitOnMasterAddressFlagUntilTimeout
                0x0800609c      0x140 ./Drivers/STM32F4xx_HAL_Driver/Src/stm32f4xx_hal_i2c.o
 .text.I2C_WaitOnTXEFlagUntilTimeout
                0x080061dc       0x90 ./Drivers/STM32F4xx_HAL_Driver/Src/stm32f4xx_hal_i2c.o
 .text.I2C_WaitOnBTFFlagUntilTimeout
                0x0800626c       0x90 ./Drivers/STM32F4xx_HAL_Driver/Src/stm32f4xx_hal_i2c.o
 .text.I2C_WaitOnRXNEFlagUntilTimeout
                0x080062fc       0xba ./Drivers/STM32F4xx_HAL_Driver/Src/stm32f4xx_hal_i2c.o
 .text.I2C_IsAcknowledgeFailed
                0x080063b6       0x5e ./Drivers/STM32F4xx_HAL_Driver/Src/stm32f4xx_hal_i2c.o
 .text.HAL_PWREx_EnableOverDrive
                0x08006414       0xa0 ./Drivers/STM32F4xx_HAL_Driver/Src/stm32f4xx_hal_pwr_ex.o
                0x08006414                HAL_PWREx_EnableOverDrive
 .text.HAL_RCC_ClockConfig
                0x080064b4      0x1cc ./Drivers/STM32F4xx_HAL_Driver/Src/stm32f4xx_hal_rcc.o
                0x080064b4                HAL_RCC_ClockConfig
 .text.HAL_RCC_GetHCLKFreq
                0x08006680       0x18 ./Drivers/STM32F4xx_HAL_Driver/Src/stm32f4xx_hal_rcc.o
                0x08006680                HAL_RCC_GetHCLKFreq
 .text.HAL_RCC_GetPCLK1Freq
                0x08006698       0x28 ./Drivers/STM32F4xx_HAL_Driver/Src/stm32f4xx_hal_rcc.o
                0x08006698                HAL_RCC_GetPCLK1Freq
 .text.HAL_RCC_GetPCLK2Freq
                0x080066c0       0x28 ./Drivers/STM32F4xx_HAL_Driver/Src/stm32f4xx_hal_rcc.o
                0x080066c0                HAL_RCC_GetPCLK2Freq
 .text.HAL_RCC_GetClockConfig
                0x080066e8       0x64 ./Drivers/STM32F4xx_HAL_Driver/Src/stm32f4xx_hal_rcc.o
                0x080066e8                HAL_RCC_GetClockConfig
 .text.HAL_RCCEx_PeriphCLKConfig
                0x0800674c      0x654 ./Drivers/STM32F4xx_HAL_Driver/Src/stm32f4xx_hal_rcc_ex.o
                0x0800674c                HAL_RCCEx_PeriphCLKConfig
 .text.HAL_RCC_GetSysClockFreq
                0x08006da0      0x460 ./Drivers/STM32F4xx_HAL_Driver/Src/stm32f4xx_hal_rcc_ex.o
                0x08006da0                HAL_RCC_GetSysClockFreq
 .text.HAL_RCC_OscConfig
                0x08007200      0x53c ./Drivers/STM32F4xx_HAL_Driver/Src/stm32f4xx_hal_rcc_ex.o
                0x08007200                HAL_RCC_OscConfig
 .text.HAL_SD_Init
                0x0800773c       0x60 ./Drivers/STM32F4xx_HAL_Driver/Src/stm32f4xx_hal_sd.o
                0x0800773c                HAL_SD_Init
 .text.HAL_SD_InitCard
                0x0800779c       0xf0 ./Drivers/STM32F4xx_HAL_Driver/Src/stm32f4xx_hal_sd.o
                0x0800779c                HAL_SD_InitCard
 .text.HAL_SD_DeInit
                0x0800788c       0x3e ./Drivers/STM32F4xx_HAL_Driver/Src/stm32f4xx_hal_sd.o
                0x0800788c                HAL_SD_DeInit
 *fill*         0x080078ca        0x2 
 .text.HAL_SD_ReadBlocks_DMA
                0x080078cc      0x1c0 ./Drivers/STM32F4xx_HAL_Driver/Src/stm32f4xx_hal_sd.o
                0x080078cc                HAL_SD_ReadBlocks_DMA
 .text.HAL_SD_WriteBlocks_DMA
                0x08007a8c      0x1c4 ./Drivers/STM32F4xx_HAL_Driver/Src/stm32f4xx_hal_sd.o
                0x08007a8c                HAL_SD_WriteBlocks_DMA
 .text.HAL_SD_IRQHandler
                0x08007c50      0x2ec ./Drivers/STM32F4xx_HAL_Driver/Src/stm32f4xx_hal_sd.o
                0x08007c50                HAL_SD_IRQHandler
 .text.HAL_SD_ErrorCallback
                0x08007f3c       0x14 ./Drivers/STM32F4xx_HAL_Driver/Src/stm32f4xx_hal_sd.o
                0x08007f3c                HAL_SD_ErrorCallback
 .text.HAL_SD_GetCardCSD
                0x08007f50      0x348 ./Drivers/STM32F4xx_HAL_Driver/Src/stm32f4xx_hal_sd.o
                0x08007f50                HAL_SD_GetCardCSD
 .text.HAL_SD_GetCardInfo
                0x08008298       0x58 ./Drivers/STM32F4xx_HAL_Driver/Src/stm32f4xx_hal_sd.o
                0x08008298                HAL_SD_GetCardInfo
 .text.HAL_SD_GetCardState
                0x080082f0       0x40 ./Drivers/STM32F4xx_HAL_Driver/Src/stm32f4xx_hal_sd.o
                0x080082f0                HAL_SD_GetCardState
 .text.SD_DMATransmitCplt
                0x08008330       0x2a ./Drivers/STM32F4xx_HAL_Driver/Src/stm32f4xx_hal_sd.o
 .text.SD_DMAReceiveCplt
                0x0800835a       0x70 ./Drivers/STM32F4xx_HAL_Driver/Src/stm32f4xx_hal_sd.o
 *fill*         0x080083ca        0x2 
 .text.SD_DMAError
                0x080083cc       0xa4 ./Drivers/STM32F4xx_HAL_Driver/Src/stm32f4xx_hal_sd.o
 .text.SD_DMATxAbort
                0x08008470       0x6e ./Drivers/STM32F4xx_HAL_Driver/Src/stm32f4xx_hal_sd.o
 .text.SD_DMARxAbort
                0x080084de       0x6e ./Drivers/STM32F4xx_HAL_Driver/Src/stm32f4xx_hal_sd.o
 .text.SD_InitCard
                0x0800854c      0x19c ./Drivers/STM32F4xx_HAL_Driver/Src/stm32f4xx_hal_sd.o
 .text.SD_PowerON
                0x080086e8      0x11c ./Drivers/STM32F4xx_HAL_Driver/Src/stm32f4xx_hal_sd.o
 .text.SD_PowerOFF
                0x08008804       0x1a ./Drivers/STM32F4xx_HAL_Driver/Src/stm32f4xx_hal_sd.o
 .text.SD_SendStatus
                0x0800881e       0x50 ./Drivers/STM32F4xx_HAL_Driver/Src/stm32f4xx_hal_sd.o
 .text.SD_Read_IT
                0x0800886e       0xa2 ./Drivers/STM32F4xx_HAL_Driver/Src/stm32f4xx_hal_sd.o
 .text.SD_Write_IT
                0x08008910       0xaa ./Drivers/STM32F4xx_HAL_Driver/Src/stm32f4xx_hal_sd.o
 .text.HAL_SPI_Init
                0x080089ba      0x112 ./Drivers/STM32F4xx_HAL_Driver/Src/stm32f4xx_hal_spi.o
                0x080089ba                HAL_SPI_Init
 .text.HAL_SPI_Transmit
                0x08008acc      0x288 ./Drivers/STM32F4xx_HAL_Driver/Src/stm32f4xx_hal_spi.o
                0x08008acc                HAL_SPI_Transmit
 .text.HAL_SPI_Receive
                0x08008d54      0x232 ./Drivers/STM32F4xx_HAL_Driver/Src/stm32f4xx_hal_spi.o
                0x08008d54                HAL_SPI_Receive
 .text.HAL_SPI_TransmitReceive
                0x08008f86      0x352 ./Drivers/STM32F4xx_HAL_Driver/Src/stm32f4xx_hal_spi.o
                0x08008f86                HAL_SPI_TransmitReceive
 .text.HAL_SPI_IRQHandler
                0x080092d8      0x200 ./Drivers/STM32F4xx_HAL_Driver/Src/stm32f4xx_hal_spi.o
                0x080092d8                HAL_SPI_IRQHandler
 .text.HAL_SPI_ErrorCallback
                0x080094d8       0x14 ./Drivers/STM32F4xx_HAL_Driver/Src/stm32f4xx_hal_spi.o
                0x080094d8                HAL_SPI_ErrorCallback
 .text.HAL_SPI_GetState
                0x080094ec       0x1c ./Drivers/STM32F4xx_HAL_Driver/Src/stm32f4xx_hal_spi.o
                0x080094ec                HAL_SPI_GetState
 .text.SPI_DMAAbortOnError
                0x08009508       0x28 ./Drivers/STM32F4xx_HAL_Driver/Src/stm32f4xx_hal_spi.o
 .text.SPI_WaitFlagStateUntilTimeout
                0x08009530      0x110 ./Drivers/STM32F4xx_HAL_Driver/Src/stm32f4xx_hal_spi.o
 .text.SPI_EndRxTransaction
                0x08009640       0xca ./Drivers/STM32F4xx_HAL_Driver/Src/stm32f4xx_hal_spi.o
 *fill*         0x0800970a        0x2 
 .text.SPI_EndRxTxTransaction
                0x0800970c       0xa8 ./Drivers/STM32F4xx_HAL_Driver/Src/stm32f4xx_hal_spi.o
 .text.HAL_TIM_Base_Init
                0x080097b4       0x9e ./Drivers/STM32F4xx_HAL_Driver/Src/stm32f4xx_hal_tim.o
                0x080097b4                HAL_TIM_Base_Init
 *fill*         0x08009852        0x2 
 .text.HAL_TIM_Base_Start_IT
                0x08009854       0xe0 ./Drivers/STM32F4xx_HAL_Driver/Src/stm32f4xx_hal_tim.o
                0x08009854                HAL_TIM_Base_Start_IT
 .text.HAL_TIM_PWM_Init
                0x08009934       0x9e ./Drivers/STM32F4xx_HAL_Driver/Src/stm32f4xx_hal_tim.o
                0x08009934                HAL_TIM_PWM_Init
 .text.HAL_TIM_PWM_MspInit
                0x080099d2       0x14 ./Drivers/STM32F4xx_HAL_Driver/Src/stm32f4xx_hal_tim.o
                0x080099d2                HAL_TIM_PWM_MspInit
 *fill*         0x080099e6        0x2 
 .text.HAL_TIM_PWM_Start
                0x080099e8      0x190 ./Drivers/STM32F4xx_HAL_Driver/Src/stm32f4xx_hal_tim.o
                0x080099e8                HAL_TIM_PWM_Start
 .text.HAL_TIM_IRQHandler
                0x08009b78      0x1e0 ./Drivers/STM32F4xx_HAL_Driver/Src/stm32f4xx_hal_tim.o
                0x08009b78                HAL_TIM_IRQHandler
 .text.HAL_TIM_PWM_ConfigChannel
                0x08009d58      0x184 ./Drivers/STM32F4xx_HAL_Driver/Src/stm32f4xx_hal_tim.o
                0x08009d58                HAL_TIM_PWM_ConfigChannel
 .text.HAL_TIM_ConfigClockSource
                0x08009edc      0x18e ./Drivers/STM32F4xx_HAL_Driver/Src/stm32f4xx_hal_tim.o
                0x08009edc                HAL_TIM_ConfigClockSource
 .text.HAL_TIM_OC_DelayElapsedCallback
                0x0800a06a       0x14 ./Drivers/STM32F4xx_HAL_Driver/Src/stm32f4xx_hal_tim.o
                0x0800a06a                HAL_TIM_OC_DelayElapsedCallback
 .text.HAL_TIM_IC_CaptureCallback
                0x0800a07e       0x14 ./Drivers/STM32F4xx_HAL_Driver/Src/stm32f4xx_hal_tim.o
                0x0800a07e                HAL_TIM_IC_CaptureCallback
 .text.HAL_TIM_PWM_PulseFinishedCallback
                0x0800a092       0x14 ./Drivers/STM32F4xx_HAL_Driver/Src/stm32f4xx_hal_tim.o
                0x0800a092                HAL_TIM_PWM_PulseFinishedCallback
 .text.HAL_TIM_TriggerCallback
                0x0800a0a6       0x14 ./Drivers/STM32F4xx_HAL_Driver/Src/stm32f4xx_hal_tim.o
                0x0800a0a6                HAL_TIM_TriggerCallback
 *fill*         0x0800a0ba        0x2 
 .text.TIM_Base_SetConfig
                0x0800a0bc      0x14c ./Drivers/STM32F4xx_HAL_Driver/Src/stm32f4xx_hal_tim.o
                0x0800a0bc                TIM_Base_SetConfig
 .text.TIM_OC1_SetConfig
                0x0800a208       0xe0 ./Drivers/STM32F4xx_HAL_Driver/Src/stm32f4xx_hal_tim.o
 .text.TIM_OC2_SetConfig
                0x0800a2e8       0xec ./Drivers/STM32F4xx_HAL_Driver/Src/stm32f4xx_hal_tim.o
                0x0800a2e8                TIM_OC2_SetConfig
 .text.TIM_OC3_SetConfig
                0x0800a3d4       0xe8 ./Drivers/STM32F4xx_HAL_Driver/Src/stm32f4xx_hal_tim.o
 .text.TIM_OC4_SetConfig
                0x0800a4bc       0xac ./Drivers/STM32F4xx_HAL_Driver/Src/stm32f4xx_hal_tim.o
 .text.TIM_TI1_ConfigInputStage
                0x0800a568       0x5e ./Drivers/STM32F4xx_HAL_Driver/Src/stm32f4xx_hal_tim.o
 .text.TIM_TI2_ConfigInputStage
                0x0800a5c6       0x60 ./Drivers/STM32F4xx_HAL_Driver/Src/stm32f4xx_hal_tim.o
 .text.TIM_ITRx_SetConfig
                0x0800a626       0x36 ./Drivers/STM32F4xx_HAL_Driver/Src/stm32f4xx_hal_tim.o
 .text.TIM_ETR_SetConfig
                0x0800a65c       0x40 ./Drivers/STM32F4xx_HAL_Driver/Src/stm32f4xx_hal_tim.o
                0x0800a65c                TIM_ETR_SetConfig
 .text.TIM_CCxChannelCmd
                0x0800a69c       0x4a ./Drivers/STM32F4xx_HAL_Driver/Src/stm32f4xx_hal_tim.o
                0x0800a69c                TIM_CCxChannelCmd
 *fill*         0x0800a6e6        0x2 
 .text.HAL_TIMEx_MasterConfigSynchronization
                0x0800a6e8       0xf8 ./Drivers/STM32F4xx_HAL_Driver/Src/stm32f4xx_hal_tim_ex.o
                0x0800a6e8                HAL_TIMEx_MasterConfigSynchronization
 .text.HAL_TIMEx_CommutCallback
                0x0800a7e0       0x14 ./Drivers/STM32F4xx_HAL_Driver/Src/stm32f4xx_hal_tim_ex.o
                0x0800a7e0                HAL_TIMEx_CommutCallback
 .text.HAL_TIMEx_BreakCallback
                0x0800a7f4       0x14 ./Drivers/STM32F4xx_HAL_Driver/Src/stm32f4xx_hal_tim_ex.o
                0x0800a7f4                HAL_TIMEx_BreakCallback
 .text.SDIO_Init
                0x0800a808       0x56 ./Drivers/STM32F4xx_HAL_Driver/Src/stm32f4xx_ll_sdmmc.o
                0x0800a808                SDIO_Init
 .text.SDIO_ReadFIFO
                0x0800a85e       0x1a ./Drivers/STM32F4xx_HAL_Driver/Src/stm32f4xx_ll_sdmmc.o
                0x0800a85e                SDIO_ReadFIFO
 .text.SDIO_WriteFIFO
                0x0800a878       0x22 ./Drivers/STM32F4xx_HAL_Driver/Src/stm32f4xx_ll_sdmmc.o
                0x0800a878                SDIO_WriteFIFO
 .text.SDIO_PowerState_ON
                0x0800a89a       0x1c ./Drivers/STM32F4xx_HAL_Driver/Src/stm32f4xx_ll_sdmmc.o
                0x0800a89a                SDIO_PowerState_ON
 .text.SDIO_PowerState_OFF
                0x0800a8b6       0x1c ./Drivers/STM32F4xx_HAL_Driver/Src/stm32f4xx_ll_sdmmc.o
                0x0800a8b6                SDIO_PowerState_OFF
 .text.SDIO_GetPowerState
                0x0800a8d2       0x1c ./Drivers/STM32F4xx_HAL_Driver/Src/stm32f4xx_ll_sdmmc.o
                0x0800a8d2                SDIO_GetPowerState
 .text.SDIO_SendCommand
                0x0800a8ee       0x54 ./Drivers/STM32F4xx_HAL_Driver/Src/stm32f4xx_ll_sdmmc.o
                0x0800a8ee                SDIO_SendCommand
 .text.SDIO_GetCommandResponse
                0x0800a942       0x1a ./Drivers/STM32F4xx_HAL_Driver/Src/stm32f4xx_ll_sdmmc.o
                0x0800a942                SDIO_GetCommandResponse
 .text.SDIO_GetResponse
                0x0800a95c       0x26 ./Drivers/STM32F4xx_HAL_Driver/Src/stm32f4xx_ll_sdmmc.o
                0x0800a95c                SDIO_GetResponse
 .text.SDIO_ConfigData
                0x0800a982       0x58 ./Drivers/STM32F4xx_HAL_Driver/Src/stm32f4xx_ll_sdmmc.o
                0x0800a982                SDIO_ConfigData
 .text.SDMMC_CmdBlockLength
                0x0800a9da       0x44 ./Drivers/STM32F4xx_HAL_Driver/Src/stm32f4xx_ll_sdmmc.o
                0x0800a9da                SDMMC_CmdBlockLength
 .text.SDMMC_CmdReadSingleBlock
                0x0800aa1e       0x44 ./Drivers/STM32F4xx_HAL_Driver/Src/stm32f4xx_ll_sdmmc.o
                0x0800aa1e                SDMMC_CmdReadSingleBlock
 .text.SDMMC_CmdReadMultiBlock
                0x0800aa62       0x44 ./Drivers/STM32F4xx_HAL_Driver/Src/stm32f4xx_ll_sdmmc.o
                0x0800aa62                SDMMC_CmdReadMultiBlock
 .text.SDMMC_CmdWriteSingleBlock
                0x0800aaa6       0x44 ./Drivers/STM32F4xx_HAL_Driver/Src/stm32f4xx_ll_sdmmc.o
                0x0800aaa6                SDMMC_CmdWriteSingleBlock
 .text.SDMMC_CmdWriteMultiBlock
                0x0800aaea       0x44 ./Drivers/STM32F4xx_HAL_Driver/Src/stm32f4xx_ll_sdmmc.o
                0x0800aaea                SDMMC_CmdWriteMultiBlock
 *fill*         0x0800ab2e        0x2 
 .text.SDMMC_CmdStopTransfer
                0x0800ab30       0x44 ./Drivers/STM32F4xx_HAL_Driver/Src/stm32f4xx_ll_sdmmc.o
                0x0800ab30                SDMMC_CmdStopTransfer
 .text.SDMMC_CmdSelDesel
                0x0800ab74       0x46 ./Drivers/STM32F4xx_HAL_Driver/Src/stm32f4xx_ll_sdmmc.o
                0x0800ab74                SDMMC_CmdSelDesel
 .text.SDMMC_CmdGoIdleState
                0x0800abba       0x3c ./Drivers/STM32F4xx_HAL_Driver/Src/stm32f4xx_ll_sdmmc.o
                0x0800abba                SDMMC_CmdGoIdleState
 .text.SDMMC_CmdOperCond
                0x0800abf6       0x3e ./Drivers/STM32F4xx_HAL_Driver/Src/stm32f4xx_ll_sdmmc.o
                0x0800abf6                SDMMC_CmdOperCond
 .text.SDMMC_CmdAppCommand
                0x0800ac34       0x44 ./Drivers/STM32F4xx_HAL_Driver/Src/stm32f4xx_ll_sdmmc.o
                0x0800ac34                SDMMC_CmdAppCommand
 .text.SDMMC_CmdAppOperCommand
                0x0800ac78       0x46 ./Drivers/STM32F4xx_HAL_Driver/Src/stm32f4xx_ll_sdmmc.o
                0x0800ac78                SDMMC_CmdAppOperCommand
 .text.SDMMC_CmdSendCID
                0x0800acbe       0x3c ./Drivers/STM32F4xx_HAL_Driver/Src/stm32f4xx_ll_sdmmc.o
                0x0800acbe                SDMMC_CmdSendCID
 .text.SDMMC_CmdSendCSD
                0x0800acfa       0x3e ./Drivers/STM32F4xx_HAL_Driver/Src/stm32f4xx_ll_sdmmc.o
                0x0800acfa                SDMMC_CmdSendCSD
 .text.SDMMC_CmdSetRelAdd
                0x0800ad38       0x42 ./Drivers/STM32F4xx_HAL_Driver/Src/stm32f4xx_ll_sdmmc.o
                0x0800ad38                SDMMC_CmdSetRelAdd
 .text.SDMMC_CmdSendStatus
                0x0800ad7a       0x44 ./Drivers/STM32F4xx_HAL_Driver/Src/stm32f4xx_ll_sdmmc.o
                0x0800ad7a                SDMMC_CmdSendStatus
 *fill*         0x0800adbe        0x2 
 .text.SDMMC_GetCmdResp1
                0x0800adc0      0x1dc ./Drivers/STM32F4xx_HAL_Driver/Src/stm32f4xx_ll_sdmmc.o
                0x0800adc0                SDMMC_GetCmdResp1
 .text.SDMMC_GetCmdResp2
                0x0800af9c       0x90 ./Drivers/STM32F4xx_HAL_Driver/Src/stm32f4xx_ll_sdmmc.o
                0x0800af9c                SDMMC_GetCmdResp2
 .text.SDMMC_GetCmdResp3
                0x0800b02c       0x7c ./Drivers/STM32F4xx_HAL_Driver/Src/stm32f4xx_ll_sdmmc.o
                0x0800b02c                SDMMC_GetCmdResp3
 .text.SDMMC_GetCmdResp6
                0x0800b0a8       0xec ./Drivers/STM32F4xx_HAL_Driver/Src/stm32f4xx_ll_sdmmc.o
                0x0800b0a8                SDMMC_GetCmdResp6
 .text.SDMMC_GetCmdResp7
                0x0800b194       0x9c ./Drivers/STM32F4xx_HAL_Driver/Src/stm32f4xx_ll_sdmmc.o
                0x0800b194                SDMMC_GetCmdResp7
 .text.SDMMC_GetCmdError
                0x0800b230       0x58 ./Drivers/STM32F4xx_HAL_Driver/Src/stm32f4xx_ll_sdmmc.o
 .text.MX_FATFS_Init
                0x0800b288       0x24 ./FATFS/App/fatfs.o
                0x0800b288                MX_FATFS_Init
 .text.BSP_SD_Init
                0x0800b2ac       0x30 ./FATFS/Target/bsp_driver_sd.o
                0x0800b2ac                BSP_SD_Init
 .text.BSP_SD_ReadBlocks_DMA
                0x0800b2dc       0x34 ./FATFS/Target/bsp_driver_sd.o
                0x0800b2dc                BSP_SD_ReadBlocks_DMA
 .text.BSP_SD_WriteBlocks_DMA
                0x0800b310       0x34 ./FATFS/Target/bsp_driver_sd.o
                0x0800b310                BSP_SD_WriteBlocks_DMA
 .text.BSP_SD_GetCardState
                0x0800b344       0x20 ./FATFS/Target/bsp_driver_sd.o
                0x0800b344                BSP_SD_GetCardState
 .text.BSP_SD_GetCardInfo
                0x0800b364       0x1c ./FATFS/Target/bsp_driver_sd.o
                0x0800b364                BSP_SD_GetCardInfo
 .text.HAL_SD_AbortCallback
                0x0800b380       0x14 ./FATFS/Target/bsp_driver_sd.o
                0x0800b380                HAL_SD_AbortCallback
 .text.HAL_SD_TxCpltCallback
                0x0800b394       0x14 ./FATFS/Target/bsp_driver_sd.o
                0x0800b394                HAL_SD_TxCpltCallback
 .text.HAL_SD_RxCpltCallback
                0x0800b3a8       0x14 ./FATFS/Target/bsp_driver_sd.o
                0x0800b3a8                HAL_SD_RxCpltCallback
 .text.BSP_SD_AbortCallback
                0x0800b3bc        0xe ./FATFS/Target/bsp_driver_sd.o
                0x0800b3bc                BSP_SD_AbortCallback
 .text.BSP_SD_IsDetected
                0x0800b3ca       0x24 ./FATFS/Target/bsp_driver_sd.o
                0x0800b3ca                BSP_SD_IsDetected
 *fill*         0x0800b3ee        0x2 
 .text.BSP_PlatformIsDetected
                0x0800b3f0       0x2c ./FATFS/Target/fatfs_platform.o
                0x0800b3f0                BSP_PlatformIsDetected
 .text.SD_CheckStatusWithTimeout
                0x0800b41c       0x3a ./FATFS/Target/sd_diskio.o
 *fill*         0x0800b456        0x2 
 .text.SD_CheckStatus
                0x0800b458       0x3c ./FATFS/Target/sd_diskio.o
 .text.SD_initialize
                0x0800b494       0x98 ./FATFS/Target/sd_diskio.o
                0x0800b494                SD_initialize
 .text.SD_status
                0x0800b52c       0x1c ./FATFS/Target/sd_diskio.o
                0x0800b52c                SD_status
 .text.SD_read  0x0800b548       0x9c ./FATFS/Target/sd_diskio.o
                0x0800b548                SD_read
 .text.SD_write
                0x0800b5e4       0x94 ./FATFS/Target/sd_diskio.o
                0x0800b5e4                SD_write
 .text.SD_ioctl
                0x0800b678       0xb0 ./FATFS/Target/sd_diskio.o
                0x0800b678                SD_ioctl
 .text.BSP_SD_WriteCpltCallback
                0x0800b728       0x1c ./FATFS/Target/sd_diskio.o
                0x0800b728                BSP_SD_WriteCpltCallback
 .text.BSP_SD_ReadCpltCallback
                0x0800b744       0x1c ./FATFS/Target/sd_diskio.o
                0x0800b744                BSP_SD_ReadCpltCallback
 .text.disk_status
                0x0800b760       0x34 ./Middlewares/Third_Party/FatFs/src/diskio.o
                0x0800b760                disk_status
 .text.disk_initialize
                0x0800b794       0x50 ./Middlewares/Third_Party/FatFs/src/diskio.o
                0x0800b794                disk_initialize
 .text.disk_read
                0x0800b7e4       0x40 ./Middlewares/Third_Party/FatFs/src/diskio.o
                0x0800b7e4                disk_read
 .text.disk_write
                0x0800b824       0x40 ./Middlewares/Third_Party/FatFs/src/diskio.o
                0x0800b824                disk_write
 .text.ld_word  0x0800b864       0x32 ./Middlewares/Third_Party/FatFs/src/ff.o
 .text.ld_dword
                0x0800b896       0x46 ./Middlewares/Third_Party/FatFs/src/ff.o
 .text.ld_qword
                0x0800b8dc      0x1b6 ./Middlewares/Third_Party/FatFs/src/ff.o
 .text.mem_cmp  0x0800ba92       0x4e ./Middlewares/Third_Party/FatFs/src/ff.o
 .text.lock_fs  0x0800bae0       0x2c ./Middlewares/Third_Party/FatFs/src/ff.o
 .text.unlock_fs
                0x0800bb0c       0x36 ./Middlewares/Third_Party/FatFs/src/ff.o
 *fill*         0x0800bb42        0x2 
 .text.clear_lock
                0x0800bb44       0x48 ./Middlewares/Third_Party/FatFs/src/ff.o
 .text.sync_window
                0x0800bb8c       0x88 ./Middlewares/Third_Party/FatFs/src/ff.o
 .text.move_window
                0x0800bc14       0x5a ./Middlewares/Third_Party/FatFs/src/ff.o
 .text.clust2sect
                0x0800bc6e       0x3e ./Middlewares/Third_Party/FatFs/src/ff.o
 .text.get_ldnumber
                0x0800bcac       0x88 ./Middlewares/Third_Party/FatFs/src/ff.o
 .text.check_fs
                0x0800bd34       0xc8 ./Middlewares/Third_Party/FatFs/src/ff.o
 .text.find_volume
                0x0800bdfc      0x6b4 ./Middlewares/Third_Party/FatFs/src/ff.o
 .text.f_mount  0x0800c4b0       0xc8 ./Middlewares/Third_Party/FatFs/src/ff.o
                0x0800c4b0                f_mount
 .text.FATFS_LinkDriverEx
                0x0800c578       0x98 ./Middlewares/Third_Party/FatFs/src/ff_gen_drv.o
                0x0800c578                FATFS_LinkDriverEx
 .text.FATFS_LinkDriver
                0x0800c610       0x1e ./Middlewares/Third_Party/FatFs/src/ff_gen_drv.o
                0x0800c610                FATFS_LinkDriver
 .text.ff_cre_syncobj
                0x0800c62e       0x3e ./Middlewares/Third_Party/FatFs/src/option/syscall.o
                0x0800c62e                ff_cre_syncobj
 .text.ff_del_syncobj
                0x0800c66c       0x18 ./Middlewares/Third_Party/FatFs/src/option/syscall.o
                0x0800c66c                ff_del_syncobj
 .text.ff_req_grant
                0x0800c684       0x2a ./Middlewares/Third_Party/FatFs/src/option/syscall.o
                0x0800c684                ff_req_grant
 .text.ff_rel_grant
                0x0800c6ae       0x16 ./Middlewares/Third_Party/FatFs/src/option/syscall.o
                0x0800c6ae                ff_rel_grant
 .text.makeFreeRtosPriority
                0x0800c6c4       0x30 ./Middlewares/Third_Party/FreeRTOS/Source/CMSIS_RTOS/cmsis_os.o
 .text.inHandlerMode
                0x0800c6f4       0x24 ./Middlewares/Third_Party/FreeRTOS/Source/CMSIS_RTOS/cmsis_os.o
 .text.osKernelStart
                0x0800c718        0xe ./Middlewares/Third_Party/FreeRTOS/Source/CMSIS_RTOS/cmsis_os.o
                0x0800c718                osKernelStart
 .text.osKernelRunning
                0x0800c726       0x18 ./Middlewares/Third_Party/FreeRTOS/Source/CMSIS_RTOS/cmsis_os.o
                0x0800c726                osKernelRunning
 .text.osKernelSysTick
                0x0800c73e       0x20 ./Middlewares/Third_Party/FreeRTOS/Source/CMSIS_RTOS/cmsis_os.o
                0x0800c73e                osKernelSysTick
 .text.osThreadCreate
                0x0800c75e       0x98 ./Middlewares/Third_Party/FreeRTOS/Source/CMSIS_RTOS/cmsis_os.o
                0x0800c75e                osThreadCreate
 .text.osDelay  0x0800c7f6       0x28 ./Middlewares/Third_Party/FreeRTOS/Source/CMSIS_RTOS/cmsis_os.o
                0x0800c7f6                osDelay
 .text.osMutexCreate
                0x0800c81e       0x30 ./Middlewares/Third_Party/FreeRTOS/Source/CMSIS_RTOS/cmsis_os.o
                0x0800c81e                osMutexCreate
 *fill*         0x0800c84e        0x2 
 .text.osMutexWait
                0x0800c850       0x9c ./Middlewares/Third_Party/FreeRTOS/Source/CMSIS_RTOS/cmsis_os.o
                0x0800c850                osMutexWait
 .text.osMutexRelease
                0x0800c8ec       0x6c ./Middlewares/Third_Party/FreeRTOS/Source/CMSIS_RTOS/cmsis_os.o
                0x0800c8ec                osMutexRelease
 .text.osMutexDelete
                0x0800c958       0x26 ./Middlewares/Third_Party/FreeRTOS/Source/CMSIS_RTOS/cmsis_os.o
                0x0800c958                osMutexDelete
 .text.osMessageCreate
                0x0800c97e       0x50 ./Middlewares/Third_Party/FreeRTOS/Source/CMSIS_RTOS/cmsis_os.o
                0x0800c97e                osMessageCreate
 *fill*         0x0800c9ce        0x2 
 .text.osMessagePut
                0x0800c9d0       0x80 ./Middlewares/Third_Party/FreeRTOS/Source/CMSIS_RTOS/cmsis_os.o
                0x0800c9d0                osMessagePut
 .text.osMessageGet
                0x0800ca50       0xe8 ./Middlewares/Third_Party/FreeRTOS/Source/CMSIS_RTOS/cmsis_os.o
                0x0800ca50                osMessageGet
 .text.vListInitialise
                0x0800cb38       0x40 ./Middlewares/Third_Party/FreeRTOS/Source/list.o
                0x0800cb38                vListInitialise
 .text.vListInitialiseItem
                0x0800cb78       0x1a ./Middlewares/Third_Party/FreeRTOS/Source/list.o
                0x0800cb78                vListInitialiseItem
 .text.vListInsertEnd
                0x0800cb92       0x48 ./Middlewares/Third_Party/FreeRTOS/Source/list.o
                0x0800cb92                vListInsertEnd
 .text.vListInsert
                0x0800cbda       0x72 ./Middlewares/Third_Party/FreeRTOS/Source/list.o
                0x0800cbda                vListInsert
 .text.uxListRemove
                0x0800cc4c       0x54 ./Middlewares/Third_Party/FreeRTOS/Source/list.o
                0x0800cc4c                uxListRemove
 .text.xQueueGenericReset
                0x0800cca0       0xd4 ./Middlewares/Third_Party/FreeRTOS/Source/queue.o
                0x0800cca0                xQueueGenericReset
 .text.xQueueGenericCreateStatic
                0x0800cd74       0xfa ./Middlewares/Third_Party/FreeRTOS/Source/queue.o
                0x0800cd74                xQueueGenericCreateStatic
 .text.xQueueGenericCreate
                0x0800ce6e       0x76 ./Middlewares/Third_Party/FreeRTOS/Source/queue.o
                0x0800ce6e                xQueueGenericCreate
 .text.prvInitialiseNewQueue
                0x0800cee4       0x3e ./Middlewares/Third_Party/FreeRTOS/Source/queue.o
 .text.prvInitialiseMutex
                0x0800cf22       0x34 ./Middlewares/Third_Party/FreeRTOS/Source/queue.o
 .text.xQueueCreateMutex
                0x0800cf56       0x30 ./Middlewares/Third_Party/FreeRTOS/Source/queue.o
                0x0800cf56                xQueueCreateMutex
 .text.xQueueCreateMutexStatic
                0x0800cf86       0x36 ./Middlewares/Third_Party/FreeRTOS/Source/queue.o
                0x0800cf86                xQueueCreateMutexStatic
 .text.xQueueGenericSend
                0x0800cfbc      0x204 ./Middlewares/Third_Party/FreeRTOS/Source/queue.o
                0x0800cfbc                xQueueGenericSend
 .text.xQueueGenericSendFromISR
                0x0800d1c0      0x13c ./Middlewares/Third_Party/FreeRTOS/Source/queue.o
                0x0800d1c0                xQueueGenericSendFromISR
 .text.xQueueGiveFromISR
                0x0800d2fc      0x120 ./Middlewares/Third_Party/FreeRTOS/Source/queue.o
                0x0800d2fc                xQueueGiveFromISR
 .text.xQueueReceive
                0x0800d41c      0x1c4 ./Middlewares/Third_Party/FreeRTOS/Source/queue.o
                0x0800d41c                xQueueReceive
 .text.xQueueSemaphoreTake
                0x0800d5e0      0x220 ./Middlewares/Third_Party/FreeRTOS/Source/queue.o
                0x0800d5e0                xQueueSemaphoreTake
 .text.xQueueReceiveFromISR
                0x0800d800      0x104 ./Middlewares/Third_Party/FreeRTOS/Source/queue.o
                0x0800d800                xQueueReceiveFromISR
 .text.vQueueDelete
                0x0800d904       0x48 ./Middlewares/Third_Party/FreeRTOS/Source/queue.o
                0x0800d904                vQueueDelete
 .text.prvGetDisinheritPriorityAfterTimeout
                0x0800d94c       0x30 ./Middlewares/Third_Party/FreeRTOS/Source/queue.o
 .text.prvCopyDataToQueue
                0x0800d97c       0xd4 ./Middlewares/Third_Party/FreeRTOS/Source/queue.o
 .text.prvCopyDataFromQueue
                0x0800da50       0x4c ./Middlewares/Third_Party/FreeRTOS/Source/queue.o
 .text.prvUnlockQueue
                0x0800da9c       0xa4 ./Middlewares/Third_Party/FreeRTOS/Source/queue.o
 .text.prvIsQueueEmpty
                0x0800db40       0x2c ./Middlewares/Third_Party/FreeRTOS/Source/queue.o
 .text.prvIsQueueFull
                0x0800db6c       0x30 ./Middlewares/Third_Party/FreeRTOS/Source/queue.o
 .text.vQueueUnregisterQueue
                0x0800db9c       0x54 ./Middlewares/Third_Party/FreeRTOS/Source/queue.o
                0x0800db9c                vQueueUnregisterQueue
 .text.xTaskCreateStatic
                0x0800dbf0       0xc0 ./Middlewares/Third_Party/FreeRTOS/Source/tasks.o
                0x0800dbf0                xTaskCreateStatic
 .text.xTaskCreate
                0x0800dcb0       0x8a ./Middlewares/Third_Party/FreeRTOS/Source/tasks.o
                0x0800dcb0                xTaskCreate
 *fill*         0x0800dd3a        0x2 
 .text.prvInitialiseNewTask
                0x0800dd3c      0x140 ./Middlewares/Third_Party/FreeRTOS/Source/tasks.o
 .text.prvAddNewTaskToReadyList
                0x0800de7c       0xd4 ./Middlewares/Third_Party/FreeRTOS/Source/tasks.o
 .text.vTaskDelay
                0x0800df50       0x6c ./Middlewares/Third_Party/FreeRTOS/Source/tasks.o
                0x0800df50                vTaskDelay
 .text.vTaskStartScheduler
                0x0800dfbc       0xd4 ./Middlewares/Third_Party/FreeRTOS/Source/tasks.o
                0x0800dfbc                vTaskStartScheduler
 .text.vTaskSuspendAll
                0x0800e090       0x1c ./Middlewares/Third_Party/FreeRTOS/Source/tasks.o
                0x0800e090                vTaskSuspendAll
 .text.xTaskResumeAll
                0x0800e0ac      0x13c ./Middlewares/Third_Party/FreeRTOS/Source/tasks.o
                0x0800e0ac                xTaskResumeAll
 .text.xTaskGetTickCount
                0x0800e1e8       0x20 ./Middlewares/Third_Party/FreeRTOS/Source/tasks.o
                0x0800e1e8                xTaskGetTickCount
 .text.xTaskGetTickCountFromISR
                0x0800e208       0x24 ./Middlewares/Third_Party/FreeRTOS/Source/tasks.o
                0x0800e208                xTaskGetTickCountFromISR
 .text.xTaskIncrementTick
                0x0800e22c      0x184 ./Middlewares/Third_Party/FreeRTOS/Source/tasks.o
                0x0800e22c                xTaskIncrementTick
 .text.vTaskSwitchContext
                0x0800e3b0       0xc8 ./Middlewares/Third_Party/FreeRTOS/Source/tasks.o
                0x0800e3b0                vTaskSwitchContext
 .text.vTaskPlaceOnEventList
                0x0800e478       0x4c ./Middlewares/Third_Party/FreeRTOS/Source/tasks.o
                0x0800e478                vTaskPlaceOnEventList
 .text.xTaskRemoveFromEventList
                0x0800e4c4       0xc8 ./Middlewares/Third_Party/FreeRTOS/Source/tasks.o
                0x0800e4c4                xTaskRemoveFromEventList
 .text.vTaskInternalSetTimeOutState
                0x0800e58c       0x2c ./Middlewares/Third_Party/FreeRTOS/Source/tasks.o
                0x0800e58c                vTaskInternalSetTimeOutState
 .text.xTaskCheckForTimeOut
                0x0800e5b8       0xc8 ./Middlewares/Third_Party/FreeRTOS/Source/tasks.o
                0x0800e5b8                xTaskCheckForTimeOut
 .text.vTaskMissedYield
                0x0800e680       0x18 ./Middlewares/Third_Party/FreeRTOS/Source/tasks.o
                0x0800e680                vTaskMissedYield
 .text.prvIdleTask
                0x0800e698       0x34 ./Middlewares/Third_Party/FreeRTOS/Source/tasks.o
 .text.prvInitialiseTaskLists
                0x0800e6cc       0x80 ./Middlewares/Third_Party/FreeRTOS/Source/tasks.o
 .text.prvCheckTasksWaitingTermination
                0x0800e74c       0x5c ./Middlewares/Third_Party/FreeRTOS/Source/tasks.o
 .text.prvDeleteTCB
                0x0800e7a8       0x6a ./Middlewares/Third_Party/FreeRTOS/Source/tasks.o
 *fill*         0x0800e812        0x2 
 .text.prvResetNextTaskUnblockTime
                0x0800e814       0x40 ./Middlewares/Third_Party/FreeRTOS/Source/tasks.o
 .text.xTaskGetSchedulerState
                0x0800e854       0x3c ./Middlewares/Third_Party/FreeRTOS/Source/tasks.o
                0x0800e854                xTaskGetSchedulerState
 .text.xTaskPriorityInherit
                0x0800e890       0xec ./Middlewares/Third_Party/FreeRTOS/Source/tasks.o
                0x0800e890                xTaskPriorityInherit
 .text.xTaskPriorityDisinherit
                0x0800e97c      0x110 ./Middlewares/Third_Party/FreeRTOS/Source/tasks.o
                0x0800e97c                xTaskPriorityDisinherit
 .text.vTaskPriorityDisinheritAfterTimeout
                0x0800ea8c      0x120 ./Middlewares/Third_Party/FreeRTOS/Source/tasks.o
                0x0800ea8c                vTaskPriorityDisinheritAfterTimeout
 .text.pvTaskIncrementMutexHeldCount
                0x0800ebac       0x28 ./Middlewares/Third_Party/FreeRTOS/Source/tasks.o
                0x0800ebac                pvTaskIncrementMutexHeldCount
 .text.prvAddCurrentTaskToDelayedList
                0x0800ebd4       0xcc ./Middlewares/Third_Party/FreeRTOS/Source/tasks.o
 .text.pxPortInitialiseStack
                0x0800eca0       0x68 ./Middlewares/Third_Party/FreeRTOS/Source/portable/GCC/ARM_CM4F/port.o
                0x0800eca0                pxPortInitialiseStack
 .text.prvTaskExitError
                0x0800ed08       0x5c ./Middlewares/Third_Party/FreeRTOS/Source/portable/GCC/ARM_CM4F/port.o
 *fill*         0x0800ed64        0xc 
 .text.SVC_Handler
                0x0800ed70       0x28 ./Middlewares/Third_Party/FreeRTOS/Source/portable/GCC/ARM_CM4F/port.o
                0x0800ed70                SVC_Handler
 .text.prvPortStartFirstTask
                0x0800ed98       0x28 ./Middlewares/Third_Party/FreeRTOS/Source/portable/GCC/ARM_CM4F/port.o
 .text.xPortStartScheduler
                0x0800edc0      0x148 ./Middlewares/Third_Party/FreeRTOS/Source/portable/GCC/ARM_CM4F/port.o
                0x0800edc0                xPortStartScheduler
 .text.vPortEnterCritical
                0x0800ef08       0x64 ./Middlewares/Third_Party/FreeRTOS/Source/portable/GCC/ARM_CM4F/port.o
                0x0800ef08                vPortEnterCritical
 .text.vPortExitCritical
                0x0800ef6c       0x54 ./Middlewares/Third_Party/FreeRTOS/Source/portable/GCC/ARM_CM4F/port.o
                0x0800ef6c                vPortExitCritical
 .text.PendSV_Handler
                0x0800efc0       0x68 ./Middlewares/Third_Party/FreeRTOS/Source/portable/GCC/ARM_CM4F/port.o
                0x0800efc0                PendSV_Handler
 .text.SysTick_Handler
                0x0800f028       0x44 ./Middlewares/Third_Party/FreeRTOS/Source/portable/GCC/ARM_CM4F/port.o
                0x0800f028                SysTick_Handler
 .text.vPortSetupTimerInterrupt
                0x0800f06c       0x48 ./Middlewares/Third_Party/FreeRTOS/Source/portable/GCC/ARM_CM4F/port.o
                0x0800f06c                vPortSetupTimerInterrupt
 .text.vPortEnableVFP
                0x0800f0b4       0x14 ./Middlewares/Third_Party/FreeRTOS/Source/portable/GCC/ARM_CM4F/port.o
 .text.vPortValidateInterruptPriority
                0x0800f0c8       0x84 ./Middlewares/Third_Party/FreeRTOS/Source/portable/GCC/ARM_CM4F/port.o
                0x0800f0c8                vPortValidateInterruptPriority
 .text.pvPortMalloc
                0x0800f14c      0x1a8 ./Middlewares/Third_Party/FreeRTOS/Source/portable/MemMang/heap_4.o
                0x0800f14c                pvPortMalloc
 .text.vPortFree
                0x0800f2f4       0xc8 ./Middlewares/Third_Party/FreeRTOS/Source/portable/MemMang/heap_4.o
                0x0800f2f4                vPortFree
 .text.prvHeapInit
                0x0800f3bc       0xc4 ./Middlewares/Third_Party/FreeRTOS/Source/portable/MemMang/heap_4.o
 .text.prvInsertBlockIntoFreeList
                0x0800f480       0xb4 ./Middlewares/Third_Party/FreeRTOS/Source/portable/MemMang/heap_4.o
 .text.__cvt    0x0800f534       0xca C:/ST/STM32CubeIDE_1.18.1/STM32CubeIDE/plugins/com.st.stm32cube.ide.mcu.externaltools.gnu-tools-for-stm32.13.3.rel1.win32_1.0.0.202411081344/tools/bin/../lib/gcc/arm-none-eabi/13.3.1/../../../../arm-none-eabi/lib/thumb/v7e-m+fp/hard\libc_nano.a(libc_a-nano-vfprintf_float.o)
                0x0800f534                __cvt
 .text.__exponent
                0x0800f5fe       0x74 C:/ST/STM32CubeIDE_1.18.1/STM32CubeIDE/plugins/com.st.stm32cube.ide.mcu.externaltools.gnu-tools-for-stm32.13.3.rel1.win32_1.0.0.202411081344/tools/bin/../lib/gcc/arm-none-eabi/13.3.1/../../../../arm-none-eabi/lib/thumb/v7e-m+fp/hard\libc_nano.a(libc_a-nano-vfprintf_float.o)
                0x0800f5fe                __exponent
 *fill*         0x0800f672        0x2 
 .text._printf_float
                0x0800f674      0x454 C:/ST/STM32CubeIDE_1.18.1/STM32CubeIDE/plugins/com.st.stm32cube.ide.mcu.externaltools.gnu-tools-for-stm32.13.3.rel1.win32_1.0.0.202411081344/tools/bin/../lib/gcc/arm-none-eabi/13.3.1/../../../../arm-none-eabi/lib/thumb/v7e-m+fp/hard\libc_nano.a(libc_a-nano-vfprintf_float.o)
                0x0800f674                _printf_float
 .text._printf_common
                0x0800fac8       0xda C:/ST/STM32CubeIDE_1.18.1/STM32CubeIDE/plugins/com.st.stm32cube.ide.mcu.externaltools.gnu-tools-for-stm32.13.3.rel1.win32_1.0.0.202411081344/tools/bin/../lib/gcc/arm-none-eabi/13.3.1/../../../../arm-none-eabi/lib/thumb/v7e-m+fp/hard\libc_nano.a(libc_a-nano-vfprintf_i.o)
                0x0800fac8                _printf_common
 *fill*         0x0800fba2        0x2 
 .text._printf_i
                0x0800fba4      0x23c C:/ST/STM32CubeIDE_1.18.1/STM32CubeIDE/plugins/com.st.stm32cube.ide.mcu.externaltools.gnu-tools-for-stm32.13.3.rel1.win32_1.0.0.202411081344/tools/bin/../lib/gcc/arm-none-eabi/13.3.1/../../../../arm-none-eabi/lib/thumb/v7e-m+fp/hard\libc_nano.a(libc_a-nano-vfprintf_i.o)
                0x0800fba4                _printf_i
 .text.std      0x0800fde0       0x6c C:/ST/STM32CubeIDE_1.18.1/STM32CubeIDE/plugins/com.st.stm32cube.ide.mcu.externaltools.gnu-tools-for-stm32.13.3.rel1.win32_1.0.0.202411081344/tools/bin/../lib/gcc/arm-none-eabi/13.3.1/../../../../arm-none-eabi/lib/thumb/v7e-m+fp/hard\libc_nano.a(libc_a-findfp.o)
 .text.stdio_exit_handler
                0x0800fe4c       0x18 C:/ST/STM32CubeIDE_1.18.1/STM32CubeIDE/plugins/com.st.stm32cube.ide.mcu.externaltools.gnu-tools-for-stm32.13.3.rel1.win32_1.0.0.202411081344/tools/bin/../lib/gcc/arm-none-eabi/13.3.1/../../../../arm-none-eabi/lib/thumb/v7e-m+fp/hard\libc_nano.a(libc_a-findfp.o)
 .text.cleanup_stdio
                0x0800fe64       0x40 C:/ST/STM32CubeIDE_1.18.1/STM32CubeIDE/plugins/com.st.stm32cube.ide.mcu.externaltools.gnu-tools-for-stm32.13.3.rel1.win32_1.0.0.202411081344/tools/bin/../lib/gcc/arm-none-eabi/13.3.1/../../../../arm-none-eabi/lib/thumb/v7e-m+fp/hard\libc_nano.a(libc_a-findfp.o)
 .text.global_stdio_init.part.0
                0x0800fea4       0x3c C:/ST/STM32CubeIDE_1.18.1/STM32CubeIDE/plugins/com.st.stm32cube.ide.mcu.externaltools.gnu-tools-for-stm32.13.3.rel1.win32_1.0.0.202411081344/tools/bin/../lib/gcc/arm-none-eabi/13.3.1/../../../../arm-none-eabi/lib/thumb/v7e-m+fp/hard\libc_nano.a(libc_a-findfp.o)
 .text.__sfp_lock_acquire
                0x0800fee0        0xc C:/ST/STM32CubeIDE_1.18.1/STM32CubeIDE/plugins/com.st.stm32cube.ide.mcu.externaltools.gnu-tools-for-stm32.13.3.rel1.win32_1.0.0.202411081344/tools/bin/../lib/gcc/arm-none-eabi/13.3.1/../../../../arm-none-eabi/lib/thumb/v7e-m+fp/hard\libc_nano.a(libc_a-findfp.o)
                0x0800fee0                __sfp_lock_acquire
 .text.__sfp_lock_release
                0x0800feec        0xc C:/ST/STM32CubeIDE_1.18.1/STM32CubeIDE/plugins/com.st.stm32cube.ide.mcu.externaltools.gnu-tools-for-stm32.13.3.rel1.win32_1.0.0.202411081344/tools/bin/../lib/gcc/arm-none-eabi/13.3.1/../../../../arm-none-eabi/lib/thumb/v7e-m+fp/hard\libc_nano.a(libc_a-findfp.o)
                0x0800feec                __sfp_lock_release
 .text.__sinit  0x0800fef8       0x30 C:/ST/STM32CubeIDE_1.18.1/STM32CubeIDE/plugins/com.st.stm32cube.ide.mcu.externaltools.gnu-tools-for-stm32.13.3.rel1.win32_1.0.0.202411081344/tools/bin/../lib/gcc/arm-none-eabi/13.3.1/../../../../arm-none-eabi/lib/thumb/v7e-m+fp/hard\libc_nano.a(libc_a-findfp.o)
                0x0800fef8                __sinit
 .text._fwalk_sglue
                0x0800ff28       0x3c C:/ST/STM32CubeIDE_1.18.1/STM32CubeIDE/plugins/com.st.stm32cube.ide.mcu.externaltools.gnu-tools-for-stm32.13.3.rel1.win32_1.0.0.202411081344/tools/bin/../lib/gcc/arm-none-eabi/13.3.1/../../../../arm-none-eabi/lib/thumb/v7e-m+fp/hard\libc_nano.a(libc_a-fwalk.o)
                0x0800ff28                _fwalk_sglue
 .text.printf   0x0800ff64       0x24 C:/ST/STM32CubeIDE_1.18.1/STM32CubeIDE/plugins/com.st.stm32cube.ide.mcu.externaltools.gnu-tools-for-stm32.13.3.rel1.win32_1.0.0.202411081344/tools/bin/../lib/gcc/arm-none-eabi/13.3.1/../../../../arm-none-eabi/lib/thumb/v7e-m+fp/hard\libc_nano.a(libc_a-printf.o)
                0x0800ff64                iprintf
                0x0800ff64                printf
 .text._puts_r  0x0800ff88       0xaa C:/ST/STM32CubeIDE_1.18.1/STM32CubeIDE/plugins/com.st.stm32cube.ide.mcu.externaltools.gnu-tools-for-stm32.13.3.rel1.win32_1.0.0.202411081344/tools/bin/../lib/gcc/arm-none-eabi/13.3.1/../../../../arm-none-eabi/lib/thumb/v7e-m+fp/hard\libc_nano.a(libc_a-puts.o)
                0x0800ff88                _puts_r
 *fill*         0x08010032        0x2 
 .text.puts     0x08010034       0x10 C:/ST/STM32CubeIDE_1.18.1/STM32CubeIDE/plugins/com.st.stm32cube.ide.mcu.externaltools.gnu-tools-for-stm32.13.3.rel1.win32_1.0.0.202411081344/tools/bin/../lib/gcc/arm-none-eabi/13.3.1/../../../../arm-none-eabi/lib/thumb/v7e-m+fp/hard\libc_nano.a(libc_a-puts.o)
                0x08010034                puts
 .text.snprintf
                0x08010044       0x6c C:/ST/STM32CubeIDE_1.18.1/STM32CubeIDE/plugins/com.st.stm32cube.ide.mcu.externaltools.gnu-tools-for-stm32.13.3.rel1.win32_1.0.0.202411081344/tools/bin/../lib/gcc/arm-none-eabi/13.3.1/../../../../arm-none-eabi/lib/thumb/v7e-m+fp/hard\libc_nano.a(libc_a-snprintf.o)
                0x08010044                sniprintf
                0x08010044                snprintf
 .text.__sread  0x080100b0       0x22 C:/ST/STM32CubeIDE_1.18.1/STM32CubeIDE/plugins/com.st.stm32cube.ide.mcu.externaltools.gnu-tools-for-stm32.13.3.rel1.win32_1.0.0.202411081344/tools/bin/../lib/gcc/arm-none-eabi/13.3.1/../../../../arm-none-eabi/lib/thumb/v7e-m+fp/hard\libc_nano.a(libc_a-stdio.o)
                0x080100b0                __sread
 .text.__swrite
                0x080100d2       0x38 C:/ST/STM32CubeIDE_1.18.1/STM32CubeIDE/plugins/com.st.stm32cube.ide.mcu.externaltools.gnu-tools-for-stm32.13.3.rel1.win32_1.0.0.202411081344/tools/bin/../lib/gcc/arm-none-eabi/13.3.1/../../../../arm-none-eabi/lib/thumb/v7e-m+fp/hard\libc_nano.a(libc_a-stdio.o)
                0x080100d2                __swrite
 .text.__sseek  0x0801010a       0x24 C:/ST/STM32CubeIDE_1.18.1/STM32CubeIDE/plugins/com.st.stm32cube.ide.mcu.externaltools.gnu-tools-for-stm32.13.3.rel1.win32_1.0.0.202411081344/tools/bin/../lib/gcc/arm-none-eabi/13.3.1/../../../../arm-none-eabi/lib/thumb/v7e-m+fp/hard\libc_nano.a(libc_a-stdio.o)
                0x0801010a                __sseek
 .text.__sclose
                0x0801012e        0x8 C:/ST/STM32CubeIDE_1.18.1/STM32CubeIDE/plugins/com.st.stm32cube.ide.mcu.externaltools.gnu-tools-for-stm32.13.3.rel1.win32_1.0.0.202411081344/tools/bin/../lib/gcc/arm-none-eabi/13.3.1/../../../../arm-none-eabi/lib/thumb/v7e-m+fp/hard\libc_nano.a(libc_a-stdio.o)
                0x0801012e                __sclose
 .text.__swbuf_r
                0x08010136       0x7c C:/ST/STM32CubeIDE_1.18.1/STM32CubeIDE/plugins/com.st.stm32cube.ide.mcu.externaltools.gnu-tools-for-stm32.13.3.rel1.win32_1.0.0.202411081344/tools/bin/../lib/gcc/arm-none-eabi/13.3.1/../../../../arm-none-eabi/lib/thumb/v7e-m+fp/hard\libc_nano.a(libc_a-wbuf.o)
                0x08010136                __swbuf_r
 *fill*         0x080101b2        0x2 
 .text.__swsetup_r
                0x080101b4       0xac C:/ST/STM32CubeIDE_1.18.1/STM32CubeIDE/plugins/com.st.stm32cube.ide.mcu.externaltools.gnu-tools-for-stm32.13.3.rel1.win32_1.0.0.202411081344/tools/bin/../lib/gcc/arm-none-eabi/13.3.1/../../../../arm-none-eabi/lib/thumb/v7e-m+fp/hard\libc_nano.a(libc_a-wsetup.o)
                0x080101b4                __swsetup_r
 .text.memset   0x08010260       0x10 C:/ST/STM32CubeIDE_1.18.1/STM32CubeIDE/plugins/com.st.stm32cube.ide.mcu.externaltools.gnu-tools-for-stm32.13.3.rel1.win32_1.0.0.202411081344/tools/bin/../lib/gcc/arm-none-eabi/13.3.1/../../../../arm-none-eabi/lib/thumb/v7e-m+fp/hard\libc_nano.a(libc_a-memset.o)
                0x08010260                memset
 .text._localeconv_r
                0x08010270        0x8 C:/ST/STM32CubeIDE_1.18.1/STM32CubeIDE/plugins/com.st.stm32cube.ide.mcu.externaltools.gnu-tools-for-stm32.13.3.rel1.win32_1.0.0.202411081344/tools/bin/../lib/gcc/arm-none-eabi/13.3.1/../../../../arm-none-eabi/lib/thumb/v7e-m+fp/hard\libc_nano.a(libc_a-localeconv.o)
                0x08010270                _localeconv_r
 .text._close_r
                0x08010278       0x20 C:/ST/STM32CubeIDE_1.18.1/STM32CubeIDE/plugins/com.st.stm32cube.ide.mcu.externaltools.gnu-tools-for-stm32.13.3.rel1.win32_1.0.0.202411081344/tools/bin/../lib/gcc/arm-none-eabi/13.3.1/../../../../arm-none-eabi/lib/thumb/v7e-m+fp/hard\libc_nano.a(libc_a-closer.o)
                0x08010278                _close_r
 .text._reclaim_reent
                0x08010298       0xbc C:/ST/STM32CubeIDE_1.18.1/STM32CubeIDE/plugins/com.st.stm32cube.ide.mcu.externaltools.gnu-tools-for-stm32.13.3.rel1.win32_1.0.0.202411081344/tools/bin/../lib/gcc/arm-none-eabi/13.3.1/../../../../arm-none-eabi/lib/thumb/v7e-m+fp/hard\libc_nano.a(libc_a-reent.o)
                0x08010298                _reclaim_reent
 .text._lseek_r
                0x08010354       0x24 C:/ST/STM32CubeIDE_1.18.1/STM32CubeIDE/plugins/com.st.stm32cube.ide.mcu.externaltools.gnu-tools-for-stm32.13.3.rel1.win32_1.0.0.202411081344/tools/bin/../lib/gcc/arm-none-eabi/13.3.1/../../../../arm-none-eabi/lib/thumb/v7e-m+fp/hard\libc_nano.a(libc_a-lseekr.o)
                0x08010354                _lseek_r
 .text._read_r  0x08010378       0x24 C:/ST/STM32CubeIDE_1.18.1/STM32CubeIDE/plugins/com.st.stm32cube.ide.mcu.externaltools.gnu-tools-for-stm32.13.3.rel1.win32_1.0.0.202411081344/tools/bin/../lib/gcc/arm-none-eabi/13.3.1/../../../../arm-none-eabi/lib/thumb/v7e-m+fp/hard\libc_nano.a(libc_a-readr.o)
                0x08010378                _read_r
 .text._write_r
                0x0801039c       0x24 C:/ST/STM32CubeIDE_1.18.1/STM32CubeIDE/plugins/com.st.stm32cube.ide.mcu.externaltools.gnu-tools-for-stm32.13.3.rel1.win32_1.0.0.202411081344/tools/bin/../lib/gcc/arm-none-eabi/13.3.1/../../../../arm-none-eabi/lib/thumb/v7e-m+fp/hard\libc_nano.a(libc_a-writer.o)
                0x0801039c                _write_r
 .text.__errno  0x080103c0        0xc C:/ST/STM32CubeIDE_1.18.1/STM32CubeIDE/plugins/com.st.stm32cube.ide.mcu.externaltools.gnu-tools-for-stm32.13.3.rel1.win32_1.0.0.202411081344/tools/bin/../lib/gcc/arm-none-eabi/13.3.1/../../../../arm-none-eabi/lib/thumb/v7e-m+fp/hard\libc_nano.a(libc_a-errno.o)
                0x080103c0                __errno
 .text.__libc_init_array
                0x080103cc       0x48 C:/ST/STM32CubeIDE_1.18.1/STM32CubeIDE/plugins/com.st.stm32cube.ide.mcu.externaltools.gnu-tools-for-stm32.13.3.rel1.win32_1.0.0.202411081344/tools/bin/../lib/gcc/arm-none-eabi/13.3.1/../../../../arm-none-eabi/lib/thumb/v7e-m+fp/hard\libc_nano.a(libc_a-init.o)
                0x080103cc                __libc_init_array
 .text.__retarget_lock_init_recursive
                0x08010414        0x2 C:/ST/STM32CubeIDE_1.18.1/STM32CubeIDE/plugins/com.st.stm32cube.ide.mcu.externaltools.gnu-tools-for-stm32.13.3.rel1.win32_1.0.0.202411081344/tools/bin/../lib/gcc/arm-none-eabi/13.3.1/../../../../arm-none-eabi/lib/thumb/v7e-m+fp/hard\libc_nano.a(libc_a-lock.o)
                0x08010414                __retarget_lock_init_recursive
 .text.__retarget_lock_acquire_recursive
                0x08010416        0x2 C:/ST/STM32CubeIDE_1.18.1/STM32CubeIDE/plugins/com.st.stm32cube.ide.mcu.externaltools.gnu-tools-for-stm32.13.3.rel1.win32_1.0.0.202411081344/tools/bin/../lib/gcc/arm-none-eabi/13.3.1/../../../../arm-none-eabi/lib/thumb/v7e-m+fp/hard\libc_nano.a(libc_a-lock.o)
                0x08010416                __retarget_lock_acquire_recursive
 .text.__retarget_lock_release_recursive
                0x08010418        0x2 C:/ST/STM32CubeIDE_1.18.1/STM32CubeIDE/plugins/com.st.stm32cube.ide.mcu.externaltools.gnu-tools-for-stm32.13.3.rel1.win32_1.0.0.202411081344/tools/bin/../lib/gcc/arm-none-eabi/13.3.1/../../../../arm-none-eabi/lib/thumb/v7e-m+fp/hard\libc_nano.a(libc_a-lock.o)
                0x08010418                __retarget_lock_release_recursive
 .text.memcpy   0x0801041a       0x1c C:/ST/STM32CubeIDE_1.18.1/STM32CubeIDE/plugins/com.st.stm32cube.ide.mcu.externaltools.gnu-tools-for-stm32.13.3.rel1.win32_1.0.0.202411081344/tools/bin/../lib/gcc/arm-none-eabi/13.3.1/../../../../arm-none-eabi/lib/thumb/v7e-m+fp/hard\libc_nano.a(libc_a-memcpy-stub.o)
                0x0801041a                memcpy
 .text.quorem   0x08010436      0x110 C:/ST/STM32CubeIDE_1.18.1/STM32CubeIDE/plugins/com.st.stm32cube.ide.mcu.externaltools.gnu-tools-for-stm32.13.3.rel1.win32_1.0.0.202411081344/tools/bin/../lib/gcc/arm-none-eabi/13.3.1/../../../../arm-none-eabi/lib/thumb/v7e-m+fp/hard\libc_nano.a(libc_a-dtoa.o)
 *fill*         0x08010546        0x2 
 .text._dtoa_r  0x08010548      0xba0 C:/ST/STM32CubeIDE_1.18.1/STM32CubeIDE/plugins/com.st.stm32cube.ide.mcu.externaltools.gnu-tools-for-stm32.13.3.rel1.win32_1.0.0.202411081344/tools/bin/../lib/gcc/arm-none-eabi/13.3.1/../../../../arm-none-eabi/lib/thumb/v7e-m+fp/hard\libc_nano.a(libc_a-dtoa.o)
                0x08010548                _dtoa_r
 .text._free_r  0x080110e8       0x94 C:/ST/STM32CubeIDE_1.18.1/STM32CubeIDE/plugins/com.st.stm32cube.ide.mcu.externaltools.gnu-tools-for-stm32.13.3.rel1.win32_1.0.0.202411081344/tools/bin/../lib/gcc/arm-none-eabi/13.3.1/../../../../arm-none-eabi/lib/thumb/v7e-m+fp/hard\libc_nano.a(libc_a-freer.o)
                0x080110e8                _free_r
 .text.malloc   0x0801117c       0x10 C:/ST/STM32CubeIDE_1.18.1/STM32CubeIDE/plugins/com.st.stm32cube.ide.mcu.externaltools.gnu-tools-for-stm32.13.3.rel1.win32_1.0.0.202411081344/tools/bin/../lib/gcc/arm-none-eabi/13.3.1/../../../../arm-none-eabi/lib/thumb/v7e-m+fp/hard\libc_nano.a(libc_a-malloc.o)
                0x0801117c                malloc
 .text.sbrk_aligned
                0x0801118c       0x44 C:/ST/STM32CubeIDE_1.18.1/STM32CubeIDE/plugins/com.st.stm32cube.ide.mcu.externaltools.gnu-tools-for-stm32.13.3.rel1.win32_1.0.0.202411081344/tools/bin/../lib/gcc/arm-none-eabi/13.3.1/../../../../arm-none-eabi/lib/thumb/v7e-m+fp/hard\libc_nano.a(libc_a-mallocr.o)
 .text._malloc_r
                0x080111d0      0x100 C:/ST/STM32CubeIDE_1.18.1/STM32CubeIDE/plugins/com.st.stm32cube.ide.mcu.externaltools.gnu-tools-for-stm32.13.3.rel1.win32_1.0.0.202411081344/tools/bin/../lib/gcc/arm-none-eabi/13.3.1/../../../../arm-none-eabi/lib/thumb/v7e-m+fp/hard\libc_nano.a(libc_a-mallocr.o)
                0x080111d0                _malloc_r
 .text.__malloc_lock
                0x080112d0        0xc C:/ST/STM32CubeIDE_1.18.1/STM32CubeIDE/plugins/com.st.stm32cube.ide.mcu.externaltools.gnu-tools-for-stm32.13.3.rel1.win32_1.0.0.202411081344/tools/bin/../lib/gcc/arm-none-eabi/13.3.1/../../../../arm-none-eabi/lib/thumb/v7e-m+fp/hard\libc_nano.a(libc_a-mlock.o)
                0x080112d0                __malloc_lock
 .text.__malloc_unlock
                0x080112dc        0xc C:/ST/STM32CubeIDE_1.18.1/STM32CubeIDE/plugins/com.st.stm32cube.ide.mcu.externaltools.gnu-tools-for-stm32.13.3.rel1.win32_1.0.0.202411081344/tools/bin/../lib/gcc/arm-none-eabi/13.3.1/../../../../arm-none-eabi/lib/thumb/v7e-m+fp/hard\libc_nano.a(libc_a-mlock.o)
                0x080112dc                __malloc_unlock
 .text._Balloc  0x080112e8       0x80 C:/ST/STM32CubeIDE_1.18.1/STM32CubeIDE/plugins/com.st.stm32cube.ide.mcu.externaltools.gnu-tools-for-stm32.13.3.rel1.win32_1.0.0.202411081344/tools/bin/../lib/gcc/arm-none-eabi/13.3.1/../../../../arm-none-eabi/lib/thumb/v7e-m+fp/hard\libc_nano.a(libc_a-mprec.o)
                0x080112e8                _Balloc
 .text._Bfree   0x08011368       0x44 C:/ST/STM32CubeIDE_1.18.1/STM32CubeIDE/plugins/com.st.stm32cube.ide.mcu.externaltools.gnu-tools-for-stm32.13.3.rel1.win32_1.0.0.202411081344/tools/bin/../lib/gcc/arm-none-eabi/13.3.1/../../../../arm-none-eabi/lib/thumb/v7e-m+fp/hard\libc_nano.a(libc_a-mprec.o)
                0x08011368                _Bfree
 .text.__multadd
                0x080113ac       0x8c C:/ST/STM32CubeIDE_1.18.1/STM32CubeIDE/plugins/com.st.stm32cube.ide.mcu.externaltools.gnu-tools-for-stm32.13.3.rel1.win32_1.0.0.202411081344/tools/bin/../lib/gcc/arm-none-eabi/13.3.1/../../../../arm-none-eabi/lib/thumb/v7e-m+fp/hard\libc_nano.a(libc_a-mprec.o)
                0x080113ac                __multadd
 .text.__hi0bits
                0x08011438       0x3e C:/ST/STM32CubeIDE_1.18.1/STM32CubeIDE/plugins/com.st.stm32cube.ide.mcu.externaltools.gnu-tools-for-stm32.13.3.rel1.win32_1.0.0.202411081344/tools/bin/../lib/gcc/arm-none-eabi/13.3.1/../../../../arm-none-eabi/lib/thumb/v7e-m+fp/hard\libc_nano.a(libc_a-mprec.o)
                0x08011438                __hi0bits
 .text.__lo0bits
                0x08011476       0x5a C:/ST/STM32CubeIDE_1.18.1/STM32CubeIDE/plugins/com.st.stm32cube.ide.mcu.externaltools.gnu-tools-for-stm32.13.3.rel1.win32_1.0.0.202411081344/tools/bin/../lib/gcc/arm-none-eabi/13.3.1/../../../../arm-none-eabi/lib/thumb/v7e-m+fp/hard\libc_nano.a(libc_a-mprec.o)
                0x08011476                __lo0bits
 .text.__i2b    0x080114d0       0x2c C:/ST/STM32CubeIDE_1.18.1/STM32CubeIDE/plugins/com.st.stm32cube.ide.mcu.externaltools.gnu-tools-for-stm32.13.3.rel1.win32_1.0.0.202411081344/tools/bin/../lib/gcc/arm-none-eabi/13.3.1/../../../../arm-none-eabi/lib/thumb/v7e-m+fp/hard\libc_nano.a(libc_a-mprec.o)
                0x080114d0                __i2b
 .text.__multiply
                0x080114fc      0x144 C:/ST/STM32CubeIDE_1.18.1/STM32CubeIDE/plugins/com.st.stm32cube.ide.mcu.externaltools.gnu-tools-for-stm32.13.3.rel1.win32_1.0.0.202411081344/tools/bin/../lib/gcc/arm-none-eabi/13.3.1/../../../../arm-none-eabi/lib/thumb/v7e-m+fp/hard\libc_nano.a(libc_a-mprec.o)
                0x080114fc                __multiply
 .text.__pow5mult
                0x08011640       0xb4 C:/ST/STM32CubeIDE_1.18.1/STM32CubeIDE/plugins/com.st.stm32cube.ide.mcu.externaltools.gnu-tools-for-stm32.13.3.rel1.win32_1.0.0.202411081344/tools/bin/../lib/gcc/arm-none-eabi/13.3.1/../../../../arm-none-eabi/lib/thumb/v7e-m+fp/hard\libc_nano.a(libc_a-mprec.o)
                0x08011640                __pow5mult
 .text.__lshift