Archive member included to satisfy reference by file (symbol)

D:/STM32CubeIDE_1.17.0/STM32CubeIDE/plugins/com.st.stm32cube.ide.mcu.externaltools.gnu-tools-for-stm32.13.3.rel1.win32_1.0.0.202411081344/tools/bin/../lib/gcc/arm-none-eabi/13.3.1/../../../../arm-none-eabi/lib/thumb/v7e-m+fp/hard\libc_nano.a(libc_a-exit.o)
                              D:/STM32CubeIDE_1.17.0/STM32CubeIDE/plugins/com.st.stm32cube.ide.mcu.externaltools.gnu-tools-for-stm32.13.3.rel1.win32_1.0.0.202411081344/tools/bin/../lib/gcc/arm-none-eabi/13.3.1/../../../../arm-none-eabi/lib/thumb/v7e-m+fp/hard/crt0.o (exit)
D:/STM32CubeIDE_1.17.0/STM32CubeIDE/plugins/com.st.stm32cube.ide.mcu.externaltools.gnu-tools-for-stm32.13.3.rel1.win32_1.0.0.202411081344/tools/bin/../lib/gcc/arm-none-eabi/13.3.1/../../../../arm-none-eabi/lib/thumb/v7e-m+fp/hard\libc_nano.a(libc_a-nano-vfprintf_float.o)
                              (_printf_float)
D:/STM32CubeIDE_1.17.0/STM32CubeIDE/plugins/com.st.stm32cube.ide.mcu.externaltools.gnu-tools-for-stm32.13.3.rel1.win32_1.0.0.202411081344/tools/bin/../lib/gcc/arm-none-eabi/13.3.1/../../../../arm-none-eabi/lib/thumb/v7e-m+fp/hard\libc_nano.a(libc_a-nano-vfprintf_i.o)
                              D:/STM32CubeIDE_1.17.0/STM32CubeIDE/plugins/com.st.stm32cube.ide.mcu.externaltools.gnu-tools-for-stm32.13.3.rel1.win32_1.0.0.202411081344/tools/bin/../lib/gcc/arm-none-eabi/13.3.1/../../../../arm-none-eabi/lib/thumb/v7e-m+fp/hard\libc_nano.a(libc_a-nano-vfprintf_float.o) (_printf_common)
D:/STM32CubeIDE_1.17.0/STM32CubeIDE/plugins/com.st.stm32cube.ide.mcu.externaltools.gnu-tools-for-stm32.13.3.rel1.win32_1.0.0.202411081344/tools/bin/../lib/gcc/arm-none-eabi/13.3.1/../../../../arm-none-eabi/lib/thumb/v7e-m+fp/hard\libc_nano.a(libc_a-findfp.o)
                              ./Middlewares/Third_Party/FreeRTOS/Source/tasks.o (__sf)
D:/STM32CubeIDE_1.17.0/STM32CubeIDE/plugins/com.st.stm32cube.ide.mcu.externaltools.gnu-tools-for-stm32.13.3.rel1.win32_1.0.0.202411081344/tools/bin/../lib/gcc/arm-none-eabi/13.3.1/../../../../arm-none-eabi/lib/thumb/v7e-m+fp/hard\libc_nano.a(libc_a-fwalk.o)
                              D:/STM32CubeIDE_1.17.0/STM32CubeIDE/plugins/com.st.stm32cube.ide.mcu.externaltools.gnu-tools-for-stm32.13.3.rel1.win32_1.0.0.202411081344/tools/bin/../lib/gcc/arm-none-eabi/13.3.1/../../../../arm-none-eabi/lib/thumb/v7e-m+fp/hard\libc_nano.a(libc_a-findfp.o) (_fwalk_sglue)
D:/STM32CubeIDE_1.17.0/STM32CubeIDE/plugins/com.st.stm32cube.ide.mcu.externaltools.gnu-tools-for-stm32.13.3.rel1.win32_1.0.0.202411081344/tools/bin/../lib/gcc/arm-none-eabi/13.3.1/../../../../arm-none-eabi/lib/thumb/v7e-m+fp/hard\libc_nano.a(libc_a-printf.o)
                              ./Core/Src/BMI088.o (printf)
D:/STM32CubeIDE_1.17.0/STM32CubeIDE/plugins/com.st.stm32cube.ide.mcu.externaltools.gnu-tools-for-stm32.13.3.rel1.win32_1.0.0.202411081344/tools/bin/../lib/gcc/arm-none-eabi/13.3.1/../../../../arm-none-eabi/lib/thumb/v7e-m+fp/hard\libc_nano.a(libc_a-puts.o)
                              ./Core/Src/common.o (puts)
D:/STM32CubeIDE_1.17.0/STM32CubeIDE/plugins/com.st.stm32cube.ide.mcu.externaltools.gnu-tools-for-stm32.13.3.rel1.win32_1.0.0.202411081344/tools/bin/../lib/gcc/arm-none-eabi/13.3.1/../../../../arm-none-eabi/lib/thumb/v7e-m+fp/hard\libc_nano.a(libc_a-snprintf.o)
                              ./Core/Src/freertos.o (snprintf)
D:/STM32CubeIDE_1.17.0/STM32CubeIDE/plugins/com.st.stm32cube.ide.mcu.externaltools.gnu-tools-for-stm32.13.3.rel1.win32_1.0.0.202411081344/tools/bin/../lib/gcc/arm-none-eabi/13.3.1/../../../../arm-none-eabi/lib/thumb/v7e-m+fp/hard\libc_nano.a(libc_a-stdio.o)
                              D:/STM32CubeIDE_1.17.0/STM32CubeIDE/plugins/com.st.stm32cube.ide.mcu.externaltools.gnu-tools-for-stm32.13.3.rel1.win32_1.0.0.202411081344/tools/bin/../lib/gcc/arm-none-eabi/13.3.1/../../../../arm-none-eabi/lib/thumb/v7e-m+fp/hard\libc_nano.a(libc_a-findfp.o) (__sread)
D:/STM32CubeIDE_1.17.0/STM32CubeIDE/plugins/com.st.stm32cube.ide.mcu.externaltools.gnu-tools-for-stm32.13.3.rel1.win32_1.0.0.202411081344/tools/bin/../lib/gcc/arm-none-eabi/13.3.1/../../../../arm-none-eabi/lib/thumb/v7e-m+fp/hard\libc_nano.a(libc_a-wbuf.o)
                              D:/STM32CubeIDE_1.17.0/STM32CubeIDE/plugins/com.st.stm32cube.ide.mcu.externaltools.gnu-tools-for-stm32.13.3.rel1.win32_1.0.0.202411081344/tools/bin/../lib/gcc/arm-none-eabi/13.3.1/../../../../arm-none-eabi/lib/thumb/v7e-m+fp/hard\libc_nano.a(libc_a-puts.o) (__swbuf_r)
D:/STM32CubeIDE_1.17.0/STM32CubeIDE/plugins/com.st.stm32cube.ide.mcu.externaltools.gnu-tools-for-stm32.13.3.rel1.win32_1.0.0.202411081344/tools/bin/../lib/gcc/arm-none-eabi/13.3.1/../../../../arm-none-eabi/lib/thumb/v7e-m+fp/hard\libc_nano.a(libc_a-wsetup.o)
[...]
Memory Configuration

Name             Origin             Length             Attributes
RAM              0x20000000         0x00020000         xrw
FLASH            0x08000000         0x00080000         xr
*default*        0x00000000         0xffffffff

Linker script and memory map

LOAD D:/STM32CubeIDE_1.17.0/STM32CubeIDE/plugins/com.st.stm32cube.ide.mcu.externaltools.gnu-tools-for-stm32.13.3.rel1.win32_1.0.0.202411081344/tools/bin/../lib/gcc/arm-none-eabi/13.3.1/thumb/v7e-m+fp/hard/crti.o
LOAD D:/STM32CubeIDE_1.17.0/STM32CubeIDE/plugins/com.st.stm32cube.ide.mcu.externaltools.gnu-tools-for-stm32.13.3.rel1.win32_1.0.0.202411081344/tools/bin/../lib/gcc/arm-none-eabi/13.3.1/thumb/v7e-m+fp/hard/crtbegin.o
LOAD D:/STM32CubeIDE_1.17.0/STM32CubeIDE/plugins/com.st.stm32cube.ide.mcu.externaltools.gnu-tools-for-stm32.13.3.rel1.win32_1.0.0.202411081344/tools/bin/../lib/gcc/arm-none-eabi/13.3.1/../../../../arm-none-eabi/lib/thumb/v7e-m+fp/hard/crt0.o
LOAD ./Core/Src/BMI088.o
LOAD ./Core/Src/LoRa.o
LOAD ./Core/Src/bmp5.o
LOAD ./Core/Src/common.o
LOAD ./Core/Src/dma.o
LOAD ./Core/Src/freertos.o
LOAD ./Core/Src/gpio.o
LOAD ./Core/Src/i2c.o
LOAD ./Core/Src/main.o
LOAD ./Core/Src/read_sensor_data_continous_mode.o
LOAD ./Core/Src/sdio.o
LOAD ./Core/Src/spi.o
LOAD ./Core/Src/stm32f4xx_hal_msp.o
LOAD ./Core/Src/stm32f4xx_hal_timebase_tim.o
LOAD ./Core/Src/stm32f4xx_it.o
LOAD ./Core/Src/syscalls.o
LOAD ./Core/Src/sysmem.o
LOAD ./Core/Src/system_stm32f4xx.o
LOAD ./Core/Src/tim.o
LOAD ./Core/Startup/startup_stm32f446retx.o
LOAD ./Drivers/STM32F4xx_HAL_Driver/Src/stm32f4xx_hal.o
LOAD ./Drivers/STM32F4xx_HAL_Driver/Src/stm32f4xx_hal_cortex.o
LOAD ./Drivers/STM32F4xx_HAL_Driver/Src/stm32f4xx_hal_dma.o
LOAD ./Drivers/STM32F4xx_HAL_Driver/Src/stm32f4xx_hal_dma_ex.o
LOAD ./Drivers/STM32F4xx_HAL_Driver/Src/stm32f4xx_hal_exti.o
LOAD ./Drivers/STM32F4xx_HAL_Driver/Src/stm32f4xx_hal_flash.o
LOAD ./Drivers/STM32F4xx_HAL_Driver/Src/stm32f4xx_hal_flash_ex.o
LOAD ./Drivers/STM32F4xx_HAL_Driver/Src/stm32f4xx_hal_flash_ramfunc.o
LOAD ./Drivers/STM32F4xx_HAL_Driver/Src/stm32f4xx_hal_gpio.o
LOAD ./Drivers/STM32F4xx_HAL_Driver/Src/stm32f4xx_hal_i2c.o
LOAD ./Drivers/STM32F4xx_HAL_Driver/Src/stm32f4xx_hal_i2c_ex.o
LOAD ./Drivers/STM32F4xx_HAL_Driver/Src/stm32f4xx_hal_mmc.o
LOAD ./Drivers/STM32F4xx_HAL_Driver/Src/stm32f4xx_hal_pwr.o
LOAD ./Drivers/STM32F4xx_HAL_Driver/Src/stm32f4xx_hal_pwr_ex.o
LOAD ./Drivers/STM32F4xx_HAL_Driver/Src/stm32f4xx_hal_rcc.o
LOAD ./Drivers/STM32F4xx_HAL_Driver/Src/stm32f4xx_hal_rcc_ex.o
LOAD ./Drivers/STM32F4xx_HAL_Driver/Src/stm32f4xx_hal_sd.o
LOAD ./Drivers/STM32F4xx_HAL_Driver/Src/stm32f4xx_hal_spi.o
LOAD ./Drivers/STM32F4xx_HAL_Driver/Src/stm32f4xx_hal_tim.o
LOAD ./Drivers/STM32F4xx_HAL_Driver/Src/stm32f4xx_hal_tim_ex.o
LOAD ./Drivers/STM32F4xx_HAL_Driver/Src/stm32f4xx_ll_sdmmc.o
LOAD ./FATFS/App/fatfs.o
LOAD ./FATFS/Target/bsp_driver_sd.o
LOAD ./FATFS/Target/fatfs_platform.o
LOAD ./FATFS/Target/sd_diskio.o
LOAD ./Middlewares/Third_Party/FatFs/src/diskio.o
LOAD ./Middlewares/Third_Party/FatFs/src/ff.o
LOAD ./Middlewares/Third_Party/FatFs/src/ff_gen_drv.o
LOAD ./Middlewares/Third_Party/FatFs/src/option/ccsbcs.o
LOAD ./Middlewares/Third_Party/FatFs/src/option/syscall.o
LOAD ./Middlewares/Third_Party/FreeRTOS/Source/CMSIS_RTOS/cmsis_os.o
LOAD ./Middlewares/Third_Party/FreeRTOS/Source/croutine.o
LOAD ./Middlewares/Third_Party/FreeRTOS/Source/event_groups.o
LOAD ./Middlewares/Third_Party/FreeRTOS/Source/list.o
LOAD ./Middlewares/Third_Party/FreeRTOS/Source/queue.o
LOAD ./Middlewares/Third_Party/FreeRTOS/Source/stream_buffer.o
LOAD ./Middlewares/Third_Party/FreeRTOS/Source/tasks.o
LOAD ./Middlewares/Third_Party/FreeRTOS/Source/timers.o
LOAD ./Middlewares/Third_Party/FreeRTOS/Source/portable/GCC/ARM_CM4F/port.o
LOAD ./Middlewares/Third_Party/FreeRTOS/Source/portable/MemMang/heap_4.o
START GROUP
LOAD D:/STM32CubeIDE_1.17.0/STM32CubeIDE/plugins/com.st.stm32cube.ide.mcu.externaltools.gnu-tools-for-stm32.13.3.rel1.win32_1.0.0.202411081344/tools/bin/../lib/gcc/arm-none-eabi/13.3.1/../../../../arm-none-eabi/lib/thumb/v7e-m+fp/hard\libc_nano.a
LOAD D:/STM32CubeIDE_1.17.0/STM32CubeIDE/plugins/com.st.stm32cube.ide.mcu.externaltools.gnu-tools-for-stm32.13.3.rel1.win32_1.0.0.202411081344/tools/bin/../lib/gcc/arm-none-eabi/13.3.1/../../../../arm-none-eabi/lib/thumb/v7e-m+fp/hard\libm.a
END GROUP
START GROUP
LOAD D:/STM32CubeIDE_1.17.0/STM32CubeIDE/plugins/com.st.stm32cube.ide.mcu.externaltools.gnu-tools-for-stm32.13.3.rel1.win32_1.0.0.202411081344/tools/bin/../lib/gcc/arm-none-eabi/13.3.1/thumb/v7e-m+fp/hard\libgcc.a
LOAD D:/STM32CubeIDE_1.17.0/STM32CubeIDE/plugins/com.st.stm32cube.ide.mcu.externaltools.gnu-tools-for-stm32.13.3.rel1.win32_1.0.0.202411081344/tools/bin/../lib/gcc/arm-none-eabi/13.3.1/../../../../arm-none-eabi/lib/thumb/v7e-m+fp/hard\libc_nano.a
END GROUP
START GROUP
LOAD D:/STM32CubeIDE_1.17.0/STM32CubeIDE/plugins/com.st.stm32cube.ide.mcu.externaltools.gnu-tools-for-stm32.13.3.rel1.win32_1.0.0.202411081344/tools/bin/../lib/gcc/arm-none-eabi/13.3.1/thumb/v7e-m+fp/hard\libgcc.a
LOAD D:/STM32CubeIDE_1.17.0/STM32CubeIDE/plugins/com.st.stm32cube.ide.mcu.externaltools.gnu-tools-for-stm32.13.3.rel1.win32_1.0.0.202411081344/tools/bin/../lib/gcc/arm-none-eabi/13.3.1/../../../../arm-none-eabi/lib/thumb/v7e-m+fp/hard\libc_nano.a
LOAD D:/STM32CubeIDE_1.17.0/STM32CubeIDE/plugins/com.st.stm32cube.ide.mcu.externaltools.gnu-tools-for-stm32.13.3.rel1.win32_1.0.0.202411081344/tools/bin/../lib/gcc/arm-none-eabi/13.3.1/../../../../arm-none-eabi/lib/thumb/v7e-m+fp/hard\libnosys.a
END GROUP
START GROUP
LOAD D:/STM32CubeIDE_1.17.0/STM32CubeIDE/plugins/com.st.stm32cube.ide.mcu.externaltools.gnu-tools-for-stm32.13.3.rel1.win32_1.0.0.202411081344/tools/bin/../lib/gcc/arm-none-eabi/13.3.1/thumb/v7e-m+fp/hard\libgcc.a
LOAD D:/STM32CubeIDE_1.17.0/STM32CubeIDE/plugins/com.st.stm32cube.ide.mcu.externaltools.gnu-tools-for-stm32.13.3.rel1.win32_1.0.0.202411081344/tools/bin/../lib/gcc/arm-none-eabi/13.3.1/../../../../arm-none-eabi/lib/thumb/v7e-m+fp/hard\libc_nano.a
LOAD D:/STM32CubeIDE_1.17.0/STM32CubeIDE/plugins/com.st.stm32cube.ide.mcu.externaltools.gnu-tools-for-stm32.13.3.rel1.win32_1.0.0.202411081344/tools/bin/../lib/gcc/arm-none-eabi/13.3.1/../../../../arm-none-eabi/lib/thumb/v7e-m+fp/hard\libnosys.a
END GROUP
LOAD D:/STM32CubeIDE_1.17.0/STM32CubeIDE/plugins/com.st.stm32cube.ide.mcu.externaltools.gnu-tools-for-stm32.13.3.rel1.win32_1.0.0.202411081344/tools/bin/../lib/gcc/arm-none-eabi/13.3.1/thumb/v7e-m+fp/hard/crtend.o
LOAD D:/STM32CubeIDE_1.17.0/STM32CubeIDE/plugins/com.st.stm32cube.ide.mcu.externaltools.gnu-tools-for-stm32.13.3.rel1.win32_1.0.0.202411081344/tools/bin/../lib/gcc/arm-none-eabi/13.3.1/thumb/v7e-m+fp/hard/crtn.o
                0x20020000                        _estack = (ORIGIN (RAM) + LENGTH (RAM))
                0x00000200                        _Min_Heap_Size = 0x200
                0x00000400                        _Min_Stack_Size = 0x400

.isr_vector     0x08000000      0x1c4
                0x08000000                        . = ALIGN (0x4)
 *(.isr_vector)
 .isr_vector    0x08000000      0x1c4 ./Core/Startup/startup_stm32f446retx.o
                0x08000000                g_pfnVectors
                0x080001c4                        . = ALIGN (0x4)

.text           0x080001d0    0x13040
                0x080001d0                        . = ALIGN (0x4)
 *(.text)
 .text          0x080001d0       0x40 D:/STM32CubeIDE_1.17.0/STM32CubeIDE/plugins/com.st.stm32cube.ide.mcu.externaltools.gnu-tools-for-stm32.13.3.rel1.win32_1.0.0.202411081344/tools/bin/../lib/gcc/arm-none-eabi/13.3.1/thumb/v7e-m+fp/hard/crtbegin.o
 .text          0x08000210       0xa0 D:/STM32CubeIDE_1.17.0/STM32CubeIDE/plugins/com.st.stm32cube.ide.mcu.externaltools.gnu-tools-for-stm32.13.3.rel1.win32_1.0.0.202411081344/tools/bin/../lib/gcc/arm-none-eabi/13.3.1/../../../../arm-none-eabi/lib/thumb/v7e-m+fp/hard\libc_nano.a(libc_a-memchr.o)
                0x08000210                memchr
 .text          0x080002b0       0x10 D:/STM32CubeIDE_1.17.0/STM32CubeIDE/plugins/com.st.stm32cube.ide.mcu.externaltools.gnu-tools-for-stm32.13.3.rel1.win32_1.0.0.202411081344/tools/bin/../lib/gcc/arm-none-eabi/13.3.1/../../../../arm-none-eabi/lib/thumb/v7e-m+fp/hard\libc_nano.a(libc_a-strlen.o)
                0x080002b0                strlen
 .text          0x080002c0      0x378 D:/STM32CubeIDE_1.17.0/STM32CubeIDE/plugins/com.st.stm32cube.ide.mcu.externaltools.gnu-tools-for-stm32.13.3.rel1.win32_1.0.0.202411081344/tools/bin/../lib/gcc/arm-none-eabi/13.3.1/thumb/v7e-m+fp/hard\libgcc.a(_arm_addsubdf3.o)
                0x080002c0                __aeabi_drsub
                0x080002c8                __aeabi_dsub
                0x080002c8                __subdf3
                0x080002cc                __aeabi_dadd
                0x080002cc                __adddf3
                0x08000544                __floatunsidf
                0x08000544                __aeabi_ui2d
                0x08000564                __floatsidf
                0x08000564                __aeabi_i2d
                0x08000588                __aeabi_f2d
                0x08000588                __extendsfdf2
                0x080005cc                __floatundidf
                0x080005cc                __aeabi_ul2d
                0x080005dc                __floatdidf
                0x080005dc                __aeabi_l2d
 .text          0x08000638      0x424 D:/STM32CubeIDE_1.17.0/STM32CubeIDE/plugins/com.st.stm32cube.ide.mcu.externaltools.gnu-tools-for-stm32.13.3.rel1.win32_1.0.0.202411081344/tools/bin/../lib/gcc/arm-none-eabi/13.3.1/thumb/v7e-m+fp/hard\libgcc.a(_arm_muldivdf3.o)
                0x08000638                __aeabi_dmul
                0x08000638                __muldf3
                0x0800088c                __divdf3
                0x0800088c                __aeabi_ddiv
 .text          0x08000a5c      0x110 D:/STM32CubeIDE_1.17.0/STM32CubeIDE/plugins/com.st.stm32cube.ide.mcu.externaltools.gnu-tools-for-stm32.13.3.rel1.win32_1.0.0.202411081344/tools/bin/../lib/gcc/arm-none-eabi/13.3.1/thumb/v7e-m+fp/hard\libgcc.a(_arm_cmpdf2.o)
                0x08000a5c                __gtdf2
                0x08000a5c                __gedf2
                0x08000a64                __ltdf2
                0x08000a64                __ledf2
                0x08000a6c                __nedf2
                0x08000a6c                __eqdf2
                0x08000a6c                __cmpdf2
                0x08000ae8                __aeabi_cdrcmple
                0x08000af8                __aeabi_cdcmpeq
                0x08000af8                __aeabi_cdcmple
                0x08000b08                __aeabi_dcmpeq
                0x08000b1c                __aeabi_dcmplt
                0x08000b30                __aeabi_dcmple
                0x08000b44                __aeabi_dcmpge
                0x08000b58                __aeabi_dcmpgt
 .text          0x08000b6c       0x2c D:/STM32CubeIDE_1.17.0/STM32CubeIDE/plugins/com.st.stm32cube.ide.mcu.externaltools.gnu-tools-for-stm32.13.3.rel1.win32_1.0.0.202411081344/tools/bin/../lib/gcc/arm-none-eabi/13.3.1/thumb/v7e-m+fp/hard\libgcc.a(_arm_unorddf2.o)
                0x08000b6c                __unorddf2
                0x08000b6c                __aeabi_dcmpun
 .text          0x08000b98       0x50 D:/STM32CubeIDE_1.17.0/STM32CubeIDE/plugins/com.st.stm32cube.ide.mcu.externaltools.gnu-tools-for-stm32.13.3.rel1.win32_1.0.0.202411081344/tools/bin/../lib/gcc/arm-none-eabi/13.3.1/thumb/v7e-m+fp/hard\libgcc.a(_arm_fixdfsi.o)
                0x08000b98                __aeabi_d2iz
                0x08000b98                __fixdfsi
 .text          0x08000be8       0x40 D:/STM32CubeIDE_1.17.0/STM32CubeIDE/plugins/com.st.stm32cube.ide.mcu.externaltools.gnu-tools-for-stm32.13.3.rel1.win32_1.0.0.202411081344/tools/bin/../lib/gcc/arm-none-eabi/13.3.1/thumb/v7e-m+fp/hard\libgcc.a(_arm_fixunsdfsi.o)
                0x08000be8                __aeabi_d2uiz
                0x08000be8                __fixunsdfsi
 .text          0x08000c28       0xa0 D:/STM32CubeIDE_1.17.0/STM32CubeIDE/plugins/com.st.stm32cube.ide.mcu.externaltools.gnu-tools-for-stm32.13.3.rel1.win32_1.0.0.202411081344/tools/bin/../lib/gcc/arm-none-eabi/13.3.1/thumb/v7e-m+fp/hard\libgcc.a(_arm_truncdfsf2.o)
                0x08000c28                __truncdfsf2
                0x08000c28                __aeabi_d2f
 .text          0x08000cc8       0x30 D:/STM32CubeIDE_1.17.0/STM32CubeIDE/plugins/com.st.stm32cube.ide.mcu.externaltools.gnu-tools-for-stm32.13.3.rel1.win32_1.0.0.202411081344/tools/bin/../lib/gcc/arm-none-eabi/13.3.1/thumb/v7e-m+fp/hard\libgcc.a(_aeabi_uldivmod.o)
                0x08000cc8                __aeabi_uldivmod
 .text          0x08000cf8      0x2f8 D:/STM32CubeIDE_1.17.0/STM32CubeIDE/plugins/com.st.stm32cube.ide.mcu.externaltools.gnu-tools-for-stm32.13.3.rel1.win32_1.0.0.202411081344/tools/bin/../lib/gcc/arm-none-eabi/13.3.1/thumb/v7e-m+fp/hard\libgcc.a(_udivmoddi4.o)
                0x08000cf8                __udivmoddi4
 .text          0x08000ff0        0x4 D:/STM32CubeIDE_1.17.0/STM32CubeIDE/plugins/com.st.stm32cube.ide.mcu.externaltools.gnu-tools-for-stm32.13.3.rel1.win32_1.0.0.202411081344/tools/bin/../lib/gcc/arm-none-eabi/13.3.1/thumb/v7e-m+fp/hard\libgcc.a(_dvmd_tls.o)
                0x08000ff0                __aeabi_idiv0
                0x08000ff0                __aeabi_ldiv0
 *(.text*)
 .text.BMI088_Init_I2C
                0x08000ff4      0x3d4 ./Core/Src/BMI088.o
                0x08000ff4                BMI088_Init_I2C
 .text.rollpitchyaw
                0x080013c8      0x180 ./Core/Src/BMI088.o
                0x080013c8                rollpitchyaw
 .text.BMI088_ReadAccelerometer
                0x08001548      0x134 ./Core/Src/BMI088.o
                0x08001548                BMI088_ReadAccelerometer
 .text.BMI088_ReadGyroscope
                0x0800167c      0x108 ./Core/Src/BMI088.o
                0x0800167c                BMI088_ReadGyroscope
 .text.configureLoRa
                0x08001784       0x84 ./Core/Src/LoRa.o
                0x08001784                configureLoRa
 .text.LoRa_gotoMode
                0x08001808       0xc2 ./Core/Src/LoRa.o
                0x08001808                LoRa_gotoMode
 .text.LoRa_readReg
                0x080018ca       0x7c ./Core/Src/LoRa.o
                0x080018ca                LoRa_readReg
 .text.LoRa_writeReg
                0x08001946       0x7c ./Core/Src/LoRa.o
                0x08001946                LoRa_writeReg
 .text.LoRa_setLowDaraRateOptimization
                0x080019c2       0x4a ./Core/Src/LoRa.o
                0x080019c2                LoRa_setLowDaraRateOptimization
 .text.LoRa_setAutoLDO
                0x08001a0c       0x6c ./Core/Src/LoRa.o
                0x08001a0c                LoRa_setAutoLDO
 .text.LoRa_setFrequency
                0x08001a78       0xa0 ./Core/Src/LoRa.o
                0x08001a78                LoRa_setFrequency
 .text.LoRa_setSpreadingFactor
                0x08001b18       0x64 ./Core/Src/LoRa.o
                0x08001b18                LoRa_setSpreadingFactor
 .text.LoRa_setPower
                0x08001b7c       0x26 ./Core/Src/LoRa.o
                0x08001b7c                LoRa_setPower
 *fill*         0x08001ba2        0x2 
 .text.LoRa_setOCP
                0x08001ba4       0x7c ./Core/Src/LoRa.o
                0x08001ba4                LoRa_setOCP
 .text.LoRa_setTOMsb_setCRCon
                0x08001c20       0x36 ./Core/Src/LoRa.o
                0x08001c20                LoRa_setTOMsb_setCRCon
 .text.LoRa_read
                0x08001c56       0x34 ./Core/Src/LoRa.o
                0x08001c56                LoRa_read
 .text.LoRa_write
                0x08001c8a       0x40 ./Core/Src/LoRa.o
                0x08001c8a                LoRa_write
 .text.LoRa_BurstWrite
                0x08001cca       0x8e ./Core/Src/LoRa.o
                0x08001cca                LoRa_BurstWrite
 .text.LoRa_isvalid
                0x08001d58       0x16 ./Core/Src/LoRa.o
                0x08001d58                LoRa_isvalid
 .text.LoRa_transmit
                0x08001d6e       0xb0 ./Core/Src/LoRa.o
                0x08001d6e                LoRa_transmit
 .text.LoRa_startReceiving
                0x08001e1e       0x18 ./Core/Src/LoRa.o
                0x08001e1e                LoRa_startReceiving
 .text.LoRa_init
                0x08001e36      0x152 ./Core/Src/LoRa.o
                0x08001e36                LoRa_init
 .text.bmp5_init
                0x08001f88       0xaa ./Core/Src/bmp5.o
                0x08001f88                bmp5_init
 .text.bmp5_get_regs
                0x08002032       0x60 ./Core/Src/bmp5.o
                0x08002032                bmp5_get_regs
 .text.bmp5_set_regs
                0x08002092       0xb8 ./Core/Src/bmp5.o
                0x08002092                bmp5_set_regs
 .text.bmp5_soft_reset
                0x0800214a       0x86 ./Core/Src/bmp5.o
                0x0800214a                bmp5_soft_reset
 .text.bmp5_get_interrupt_status
                0x080021d0       0x32 ./Core/Src/bmp5.o
                0x080021d0                bmp5_get_interrupt_status
 *fill*         0x08002202        0x2 
 .text.bmp5_get_power_mode
                0x08002204       0xa0 ./Core/Src/bmp5.o
                0x08002204                bmp5_get_power_mode
 .text.bmp5_set_power_mode
                0x080022a4       0x96 ./Core/Src/bmp5.o
                0x080022a4                bmp5_set_power_mode
 *fill*         0x0800233a        0x2 
 .text.bmp5_get_sensor_data
                0x0800233c       0xc4 ./Core/Src/bmp5.o
                0x0800233c                bmp5_get_sensor_data
 .text.bmp5_int_source_select
                0x08002400       0xd2 ./Core/Src/bmp5.o
                0x08002400                bmp5_int_source_select
 .text.bmp5_configure_interrupt
                0x080024d2      0x112 ./Core/Src/bmp5.o
                0x080024d2                bmp5_configure_interrupt
 .text.bmp5_get_osr_odr_press_config
                0x080025e4       0x78 ./Core/Src/bmp5.o
                0x080025e4                bmp5_get_osr_odr_press_config
 .text.bmp5_set_osr_odr_press_config
                0x0800265c       0xf4 ./Core/Src/bmp5.o
                0x0800265c                bmp5_set_osr_odr_press_config
 .text.bmp5_get_iir_config
                0x08002750       0x80 ./Core/Src/bmp5.o
                0x08002750                bmp5_get_iir_config
 .text.bmp5_set_iir_config
                0x080027d0       0xa8 ./Core/Src/bmp5.o
                0x080027d0                bmp5_set_iir_config
 .text.null_ptr_check
                0x08002878       0x40 ./Core/Src/bmp5.o
 .text.validate_chip_id
                0x080028b8       0x38 ./Core/Src/bmp5.o
 .text.power_up_check
                0x080028f0       0x7e ./Core/Src/bmp5.o
 .text.check_deepstandby_mode
                0x0800296e       0x8e ./Core/Src/bmp5.o
 .text.set_deep_standby_mode
                0x080029fc       0xda ./Core/Src/bmp5.o
 .text.set_power_mode
                0x08002ad6       0x6a ./Core/Src/bmp5.o
 .text.set_standby_mode
                0x08002b40       0x3e ./Core/Src/bmp5.o
 .text.set_iir_config
                0x08002b7e       0xd0 ./Core/Src/bmp5.o
 .text.get_nvm_status
                0x08002c4e       0x32 ./Core/Src/bmp5.o
 .text.bmp5_i2c_read
                0x08002c80       0xfc ./Core/Src/common.o
                0x08002c80                bmp5_i2c_read
 .text.bmp5_i2c_write
                0x08002d7c       0x60 ./Core/Src/common.o
                0x08002d7c                bmp5_i2c_write
 .text.bmp5_error_codes_print_result
                0x08002ddc       0xfc ./Core/Src/common.o
                0x08002ddc                bmp5_error_codes_print_result
 .text.init_bmp5_interface
                0x08002ed8       0xb4 ./Core/Src/common.o
                0x08002ed8                init_bmp5_interface
 .text.MX_DMA_Init
                0x08002f8c       0x50 ./Core/Src/dma.o
                0x08002f8c                MX_DMA_Init
 .text.vApplicationIdleHook
                0x08002fdc        0xe ./Core/Src/freertos.o
                0x08002fdc                vApplicationIdleHook
 .text.vApplicationTickHook
                0x08002fea        0xe ./Core/Src/freertos.o
                0x08002fea                vApplicationTickHook
 .text.vApplicationMallocFailedHook
                0x08002ff8        0xe ./Core/Src/freertos.o
                0x08002ff8                vApplicationMallocFailedHook
 *fill*         0x08003006        0x2 
 .text.vApplicationGetIdleTaskMemory
                0x08003008       0x34 ./Core/Src/freertos.o
                0x08003008                vApplicationGetIdleTaskMemory
 .text.MX_FREERTOS_Init
                0x0800303c      0x140 ./Core/Src/freertos.o
                0x0800303c                MX_FREERTOS_Init
 .text.StartDefaultTask
                0x0800317c       0x10 ./Core/Src/freertos.o
                0x0800317c                StartDefaultTask
 .text.BMI088_fonk
                0x0800318c       0x38 ./Core/Src/freertos.o
                0x0800318c                BMI088_fonk
 .text.BMP581_fonk
                0x080031c4       0x16 ./Core/Src/freertos.o
                0x080031c4                BMP581_fonk
 *fill*         0x080031da        0x2 
 .text.Transmit_veri
                0x080031dc      0x1c0 ./Core/Src/freertos.o
                0x080031dc                Transmit_veri
 .text.SDfonk   0x0800339c       0x10 ./Core/Src/freertos.o
                0x0800339c                SDfonk
 .text.servo_fonk
                0x080033ac       0x64 ./Core/Src/freertos.o
                0x080033ac                servo_fonk
 .text.MX_GPIO_Init
                0x08003410      0x14c ./Core/Src/gpio.o
                0x08003410                MX_GPIO_Init
 .text.MX_I2C1_Init
                0x0800355c       0x5c ./Core/Src/i2c.o
                0x0800355c                MX_I2C1_Init
 .text.MX_I2C3_Init
                0x080035b8       0x5c ./Core/Src/i2c.o
                0x080035b8                MX_I2C3_Init
 .text.HAL_I2C_MspInit
                0x08003614      0x140 ./Core/Src/i2c.o
                0x08003614                HAL_I2C_MspInit
 .text.HAL_I2C_MspDeInit
                0x08003754       0x7c ./Core/Src/i2c.o
                0x08003754                HAL_I2C_MspDeInit
 .text.Set_Servo_Angle
                0x080037d0       0x74 ./Core/Src/main.o
                0x080037d0                Set_Servo_Angle
 .text.main     0x08003844       0x74 ./Core/Src/main.o
                0x08003844                main
 .text.SystemClock_Config
                0x080038b8       0xd8 ./Core/Src/main.o
                0x080038b8                SystemClock_Config
 .text.HAL_TIM_PeriodElapsedCallback
                0x08003990       0x24 ./Core/Src/main.o
                0x08003990                HAL_TIM_PeriodElapsedCallback
 .text.Error_Handler
                0x080039b4        0xc ./Core/Src/main.o
                0x080039b4                Error_Handler
 .text.set_config
                0x080039c0       0xbc ./Core/Src/read_sensor_data_continous_mode.o
 .text.get_sensor_data
                0x08003a7c       0x90 ./Core/Src/read_sensor_data_continous_mode.o
 .text.BMP581   0x08003b0c       0x68 ./Core/Src/read_sensor_data_continous_mode.o
                0x08003b0c                BMP581
 .text.MX_SDIO_SD_Init
                0x08003b74       0x40 ./Core/Src/sdio.o
                0x08003b74                MX_SDIO_SD_Init
 .text.HAL_SD_MspInit
                0x08003bb4      0x260 ./Core/Src/sdio.o
                0x08003bb4                HAL_SD_MspInit
 .text.HAL_SD_MspDeInit
                0x08003e14       0x70 ./Core/Src/sdio.o
                0x08003e14                HAL_SD_MspDeInit
 .text.MX_SPI1_Init
                0x08003e84       0x6c ./Core/Src/spi.o
                0x08003e84                MX_SPI1_Init
 .text.HAL_SPI_MspInit
                0x08003ef0       0xa0 ./Core/Src/spi.o
                0x08003ef0                HAL_SPI_MspInit
 .text.HAL_MspInit
                0x08003f90       0x58 ./Core/Src/stm32f4xx_hal_msp.o
                0x08003f90                HAL_MspInit
 .text.HAL_InitTick
                0x08003fe8       0xe8 ./Core/Src/stm32f4xx_hal_timebase_tim.o
                0x08003fe8                HAL_InitTick
 .text.NMI_Handler
                0x080040d0        0x8 ./Core/Src/stm32f4xx_it.o
                0x080040d0                NMI_Handler
 .text.HardFault_Handler
                0x080040d8        0x8 ./Core/Src/stm32f4xx_it.o
                0x080040d8                HardFault_Handler
 .text.MemManage_Handler
                0x080040e0        0x8 ./Core/Src/stm32f4xx_it.o
                0x080040e0                MemManage_Handler
 .text.BusFault_Handler
                0x080040e8        0x8 ./Core/Src/stm32f4xx_it.o
                0x080040e8                BusFault_Handler
 .text.UsageFault_Handler
                0x080040f0        0x8 ./Core/Src/stm32f4xx_it.o
                0x080040f0                UsageFault_Handler
 .text.DebugMon_Handler
                0x080040f8        0xe ./Core/Src/stm32f4xx_it.o
                0x080040f8                DebugMon_Handler
 *fill*         0x08004106        0x2 
 .text.TIM1_UP_TIM10_IRQHandler
                0x08004108       0x14 ./Core/Src/stm32f4xx_it.o
                0x08004108                TIM1_UP_TIM10_IRQHandler
 .text.SPI1_IRQHandler
                0x0800411c       0x14 ./Core/Src/stm32f4xx_it.o
                0x0800411c                SPI1_IRQHandler
 .text.SDIO_IRQHandler
                0x08004130       0x14 ./Core/Src/stm32f4xx_it.o
                0x08004130                SDIO_IRQHandler
 .text.DMA2_Stream3_IRQHandler
                0x08004144       0x14 ./Core/Src/stm32f4xx_it.o
                0x08004144                DMA2_Stream3_IRQHandler
 .text.DMA2_Stream6_IRQHandler
                0x08004158       0x14 ./Core/Src/stm32f4xx_it.o
                0x08004158                DMA2_Stream6_IRQHandler
 .text._getpid  0x0800416c       0x10 ./Core/Src/syscalls.o
                0x0800416c                _getpid
 .text._kill    0x0800417c       0x20 ./Core/Src/syscalls.o
                0x0800417c                _kill
 .text._exit    0x0800419c       0x16 ./Core/Src/syscalls.o
                0x0800419c                _exit
 .text._read    0x080041b2       0x3a ./Core/Src/syscalls.o
                0x080041b2                _read
 .text._write   0x080041ec       0x38 ./Core/Src/syscalls.o
                0x080041ec                _write
 .text._close   0x08004224       0x18 ./Core/Src/syscalls.o
                0x08004224                _close
 .text._fstat   0x0800423c       0x20 ./Core/Src/syscalls.o
                0x0800423c                _fstat
 .text._isatty  0x0800425c       0x16 ./Core/Src/syscalls.o
                0x0800425c                _isatty
 .text._lseek   0x08004272       0x1a ./Core/Src/syscalls.o
                0x08004272                _lseek
 .text._sbrk    0x0800428c       0x6c ./Core/Src/sysmem.o
                0x0800428c                _sbrk
 .text.SystemInit
                0x080042f8       0x24 ./Core/Src/system_stm32f4xx.o
                0x080042f8                SystemInit
 .text.MX_TIM2_Init
                0x0800431c       0xec ./Core/Src/tim.o
                0x0800431c                MX_TIM2_Init
 .text.HAL_TIM_Base_MspInit
                0x08004408       0x40 ./Core/Src/tim.o
                0x08004408                HAL_TIM_Base_MspInit
 .text.HAL_TIM_MspPostInit
                0x08004448       0x70 ./Core/Src/tim.o
                0x08004448                HAL_TIM_MspPostInit
 .text.Reset_Handler
                0x080044b8       0x50 ./Core/Startup/startup_stm32f446retx.o
                0x080044b8                Reset_Handler
 .text.Default_Handler
                0x08004508        0x2 ./Core/Startup/startup_stm32f446retx.o
                0x08004508                RTC_Alarm_IRQHandler
                0x08004508                EXTI2_IRQHandler
                0x08004508                TIM8_CC_IRQHandler
                0x08004508                FMPI2C1_EV_IRQHandler
                0x08004508                SPI4_IRQHandler
                0x08004508                TIM1_CC_IRQHandler
                0x08004508                DMA2_Stream5_IRQHandler
                0x08004508                DMA1_Stream5_IRQHandler
                0x08004508                PVD_IRQHandler
                0x08004508                TAMP_STAMP_IRQHandler
                0x08004508                CAN2_RX1_IRQHandler
                0x08004508                EXTI3_IRQHandler
                0x08004508                TIM8_TRG_COM_TIM14_IRQHandler
                0x08004508                TIM8_UP_TIM13_IRQHandler
                0x08004508                I2C3_ER_IRQHandler
                0x08004508                EXTI0_IRQHandler
                0x08004508                I2C2_EV_IRQHandler
                0x08004508                DMA1_Stream2_IRQHandler
                0x08004508                CAN1_RX0_IRQHandler
                0x08004508                FPU_IRQHandler
                0x08004508                OTG_HS_WKUP_IRQHandler
                0x08004508                CAN2_SCE_IRQHandler
                0x08004508                DMA2_Stream2_IRQHandler
                0x08004508                TIM6_DAC_IRQHandler
                0x08004508                TIM1_BRK_TIM9_IRQHandler
                0x08004508                DCMI_IRQHandler
                0x08004508                CAN2_RX0_IRQHandler
                0x08004508                SAI2_IRQHandler
                0x08004508                USART6_IRQHandler
                0x08004508                USART3_IRQHandler
                0x08004508                CAN1_RX1_IRQHandler
                0x08004508                UART5_IRQHandler
                0x08004508                DMA2_Stream0_IRQHandler
                0x08004508                TIM4_IRQHandler
                0x08004508                QUADSPI_IRQHandler
                0x08004508                I2C1_EV_IRQHandler
                0x08004508                DMA1_Stream6_IRQHandler
                0x08004508                DMA1_Stream1_IRQHandler
                0x08004508                UART4_IRQHandler
                0x08004508                TIM3_IRQHandler
                0x08004508                RCC_IRQHandler
                0x08004508                TIM8_BRK_TIM12_IRQHandler
                0x08004508                Default_Handler
                0x08004508                CEC_IRQHandler
                0x08004508                EXTI15_10_IRQHandler
                0x08004508                ADC_IRQHandler
                0x08004508                DMA1_Stream7_IRQHandler
                0x08004508                TIM7_IRQHandler
                0x08004508                CAN2_TX_IRQHandler
                0x08004508                TIM5_IRQHandler
                0x08004508                DMA2_Stream7_IRQHandler
                0x08004508                I2C3_EV_IRQHandler
                0x08004508                EXTI9_5_IRQHandler
                0x08004508                RTC_WKUP_IRQHandler
                0x08004508                SPDIF_RX_IRQHandler
                0x08004508                SPI2_IRQHandler
                0x08004508                OTG_HS_EP1_IN_IRQHandler
                0x08004508                DMA1_Stream0_IRQHandler
                0x08004508                CAN1_TX_IRQHandler
                0x08004508                FMPI2C1_ER_IRQHandler
                0x08004508                EXTI4_IRQHandler
                0x08004508                OTG_HS_EP1_OUT_IRQHandler
                0x08004508                WWDG_IRQHandler
                0x08004508                TIM2_IRQHandler
                0x08004508                OTG_FS_WKUP_IRQHandler
                0x08004508                TIM1_TRG_COM_TIM11_IRQHandler
                0x08004508                OTG_HS_IRQHandler
                0x08004508                EXTI1_IRQHandler
                0x08004508                USART2_IRQHandler
                0x08004508                I2C2_ER_IRQHandler
                0x08004508                DMA2_Stream1_IRQHandler
                0x08004508                CAN1_SCE_IRQHandler
                0x08004508                FLASH_IRQHandler
                0x08004508                DMA2_Stream4_IRQHandler
                0x08004508                USART1_IRQHandler
                0x08004508                OTG_FS_IRQHandler
                0x08004508                SPI3_IRQHandler
                0x08004508                DMA1_Stream4_IRQHandler
                0x08004508                I2C1_ER_IRQHandler
                0x08004508                FMC_IRQHandler
                0x08004508                SAI1_IRQHandler
                0x08004508                DMA1_Stream3_IRQHandler
 *fill*         0x0800450a        0x2 
 .text.HAL_Init
                0x0800450c       0x44 ./Drivers/STM32F4xx_HAL_Driver/Src/stm32f4xx_hal.o
                0x0800450c                HAL_Init
 .text.HAL_IncTick
                0x08004550       0x28 ./Drivers/STM32F4xx_HAL_Driver/Src/stm32f4xx_hal.o
                0x08004550                HAL_IncTick
 .text.HAL_GetTick
                0x08004578       0x18 ./Drivers/STM32F4xx_HAL_Driver/Src/stm32f4xx_hal.o
                0x08004578                HAL_GetTick
 .text.HAL_Delay
                0x08004590       0x48 ./Drivers/STM32F4xx_HAL_Driver/Src/stm32f4xx_hal.o
                0x08004590                HAL_Delay
 .text.__NVIC_SetPriorityGrouping
                0x080045d8       0x48 ./Drivers/STM32F4xx_HAL_Driver/Src/stm32f4xx_hal_cortex.o
 .text.__NVIC_GetPriorityGrouping
                0x08004620       0x1c ./Drivers/STM32F4xx_HAL_Driver/Src/stm32f4xx_hal_cortex.o
 .text.__NVIC_EnableIRQ
                0x0800463c       0x3c ./Drivers/STM32F4xx_HAL_Driver/Src/stm32f4xx_hal_cortex.o
 .text.__NVIC_DisableIRQ
                0x08004678       0x48 ./Drivers/STM32F4xx_HAL_Driver/Src/stm32f4xx_hal_cortex.o
 .text.__NVIC_SetPriority
                0x080046c0       0x54 ./Drivers/STM32F4xx_HAL_Driver/Src/stm32f4xx_hal_cortex.o
 .text.NVIC_EncodePriority
                0x08004714       0x66 ./Drivers/STM32F4xx_HAL_Driver/Src/stm32f4xx_hal_cortex.o
 .text.HAL_NVIC_SetPriorityGrouping
                0x0800477a       0x16 ./Drivers/STM32F4xx_HAL_Driver/Src/stm32f4xx_hal_cortex.o
                0x0800477a                HAL_NVIC_SetPriorityGrouping
 .text.HAL_NVIC_SetPriority
                0x08004790       0x38 ./Drivers/STM32F4xx_HAL_Driver/Src/stm32f4xx_hal_cortex.o
                0x08004790                HAL_NVIC_SetPriority
 .text.HAL_NVIC_EnableIRQ
                0x080047c8       0x1c ./Drivers/STM32F4xx_HAL_Driver/Src/stm32f4xx_hal_cortex.o
                0x080047c8                HAL_NVIC_EnableIRQ
 .text.HAL_NVIC_DisableIRQ
                0x080047e4       0x1c ./Drivers/STM32F4xx_HAL_Driver/Src/stm32f4xx_hal_cortex.o
                0x080047e4                HAL_NVIC_DisableIRQ
 .text.HAL_DMA_Init
                0x08004800      0x15c ./Drivers/STM32F4xx_HAL_Driver/Src/stm32f4xx_hal_dma.o
                0x08004800                HAL_DMA_Init
 .text.HAL_DMA_DeInit
                0x0800495c       0xbc ./Drivers/STM32F4xx_HAL_Driver/Src/stm32f4xx_hal_dma.o
                0x0800495c                HAL_DMA_DeInit
 .text.HAL_DMA_Start_IT
                0x08004a18       0xb0 ./Drivers/STM32F4xx_HAL_Driver/Src/stm32f4xx_hal_dma.o
                0x08004a18                HAL_DMA_Start_IT
 .text.HAL_DMA_Abort_IT
                0x08004ac8       0x44 ./Drivers/STM32F4xx_HAL_Driver/Src/stm32f4xx_hal_dma.o
                0x08004ac8                HAL_DMA_Abort_IT
 .text.HAL_DMA_IRQHandler
                0x08004b0c      0x314 ./Drivers/STM32F4xx_HAL_Driver/Src/stm32f4xx_hal_dma.o
                0x08004b0c                HAL_DMA_IRQHandler
 .text.HAL_DMA_GetError
                0x08004e20       0x18 ./Drivers/STM32F4xx_HAL_Driver/Src/stm32f4xx_hal_dma.o
                0x08004e20                HAL_DMA_GetError
 .text.DMA_SetConfig
                0x08004e38       0x5c ./Drivers/STM32F4xx_HAL_Driver/Src/stm32f4xx_hal_dma.o
 .text.DMA_CalcBaseAndBitshift
                0x08004e94       0x6c ./Drivers/STM32F4xx_HAL_Driver/Src/stm32f4xx_hal_dma.o
 .text.DMA_CheckFifoParam
                0x08004f00       0xf8 ./Drivers/STM32F4xx_HAL_Driver/Src/stm32f4xx_hal_dma.o
 .text.HAL_GPIO_Init
                0x08004ff8      0x328 ./Drivers/STM32F4xx_HAL_Driver/Src/stm32f4xx_hal_gpio.o
                0x08004ff8                HAL_GPIO_Init
 .text.HAL_GPIO_DeInit
                0x08005320      0x1e8 ./Drivers/STM32F4xx_HAL_Driver/Src/stm32f4xx_hal_gpio.o
                0x08005320                HAL_GPIO_DeInit
 .text.HAL_GPIO_ReadPin
                0x08005508       0x30 ./Drivers/STM32F4xx_HAL_Driver/Src/stm32f4xx_hal_gpio.o
                0x08005508                HAL_GPIO_ReadPin
 .text.HAL_GPIO_WritePin
                0x08005538       0x32 ./Drivers/STM32F4xx_HAL_Driver/Src/stm32f4xx_hal_gpio.o
                0x08005538                HAL_GPIO_WritePin
 *fill*         0x0800556a        0x2 
 .text.HAL_I2C_Init
                0x0800556c      0x288 ./Drivers/STM32F4xx_HAL_Driver/Src/stm32f4xx_hal_i2c.o
                0x0800556c                HAL_I2C_Init
 .text.HAL_I2C_DeInit
                0x080057f4       0x5e ./Drivers/STM32F4xx_HAL_Driver/Src/stm32f4xx_hal_i2c.o
                0x080057f4                HAL_I2C_DeInit
 *fill*         0x08005852        0x2 
 .text.HAL_I2C_Mem_Write
                0x08005854      0x1f4 ./Drivers/STM32F4xx_HAL_Driver/Src/stm32f4xx_hal_i2c.o
                0x08005854                HAL_I2C_Mem_Write
 .text.HAL_I2C_Mem_Read
                0x08005a48      0x464 ./Drivers/STM32F4xx_HAL_Driver/Src/stm32f4xx_hal_i2c.o
                0x08005a48                HAL_I2C_Mem_Read
 .text.HAL_I2C_IsDeviceReady
                0x08005eac      0x25c ./Drivers/STM32F4xx_HAL_Driver/Src/stm32f4xx_hal_i2c.o
                0x08005eac                HAL_I2C_IsDeviceReady
 .text.I2C_RequestMemoryWrite
                0x08006108      0x12c ./Drivers/STM32F4xx_HAL_Driver/Src/stm32f4xx_hal_i2c.o
 .text.I2C_RequestMemoryRead
                0x08006234      0x1d0 ./Drivers/STM32F4xx_HAL_Driver/Src/stm32f4xx_hal_i2c.o
 .text.I2C_WaitOnFlagUntilTimeout
                0x08006404       0xf4 ./Drivers/STM32F4xx_HAL_Driver/Src/stm32f4xx_hal_i2c.o
 .text.I2C_WaitOnMasterAddressFlagUntilTimeout
                0x080064f8      0x140 ./Drivers/STM32F4xx_HAL_Driver/Src/stm32f4xx_hal_i2c.o
 .text.I2C_WaitOnTXEFlagUntilTimeout
                0x08006638       0x90 ./Drivers/STM32F4xx_HAL_Driver/Src/stm32f4xx_hal_i2c.o
 .text.I2C_WaitOnBTFFlagUntilTimeout
                0x080066c8       0x90 ./Drivers/STM32F4xx_HAL_Driver/Src/stm32f4xx_hal_i2c.o
 .text.I2C_WaitOnRXNEFlagUntilTimeout
                0x08006758       0xba ./Drivers/STM32F4xx_HAL_Driver/Src/stm32f4xx_hal_i2c.o
 .text.I2C_IsAcknowledgeFailed
                0x08006812       0x5e ./Drivers/STM32F4xx_HAL_Driver/Src/stm32f4xx_hal_i2c.o
 .text.HAL_RCC_ClockConfig
                0x08006870      0x1cc ./Drivers/STM32F4xx_HAL_Driver/Src/stm32f4xx_hal_rcc.o
                0x08006870                HAL_RCC_ClockConfig
 .text.HAL_RCC_GetHCLKFreq
                0x08006a3c       0x18 ./Drivers/STM32F4xx_HAL_Driver/Src/stm32f4xx_hal_rcc.o
                0x08006a3c                HAL_RCC_GetHCLKFreq
 .text.HAL_RCC_GetPCLK1Freq
                0x08006a54       0x28 ./Drivers/STM32F4xx_HAL_Driver/Src/stm32f4xx_hal_rcc.o
                0x08006a54                HAL_RCC_GetPCLK1Freq
 .text.HAL_RCC_GetPCLK2Freq
                0x08006a7c       0x28 ./Drivers/STM32F4xx_HAL_Driver/Src/stm32f4xx_hal_rcc.o
                0x08006a7c                HAL_RCC_GetPCLK2Freq
 .text.HAL_RCC_GetClockConfig
                0x08006aa4       0x64 ./Drivers/STM32F4xx_HAL_Driver/Src/stm32f4xx_hal_rcc.o
                0x08006aa4                HAL_RCC_GetClockConfig
 .text.HAL_RCCEx_PeriphCLKConfig
                0x08006b08      0x654 ./Drivers/STM32F4xx_HAL_Driver/Src/stm32f4xx_hal_rcc_ex.o
                0x08006b08                HAL_RCCEx_PeriphCLKConfig
 .text.HAL_RCC_GetSysClockFreq
                0x0800715c      0x460 ./Drivers/STM32F4xx_HAL_Driver/Src/stm32f4xx_hal_rcc_ex.o
                0x0800715c                HAL_RCC_GetSysClockFreq
 .text.HAL_RCC_OscConfig
                0x080075bc      0x53c ./Drivers/STM32F4xx_HAL_Driver/Src/stm32f4xx_hal_rcc_ex.o
                0x080075bc                HAL_RCC_OscConfig
 .text.HAL_SD_Init
                0x08007af8       0x60 ./Drivers/STM32F4xx_HAL_Driver/Src/stm32f4xx_hal_sd.o
                0x08007af8                HAL_SD_Init
 .text.HAL_SD_InitCard
                0x08007b58       0xf0 ./Drivers/STM32F4xx_HAL_Driver/Src/stm32f4xx_hal_sd.o
                0x08007b58                HAL_SD_InitCard
 .text.HAL_SD_DeInit
                0x08007c48       0x3e ./Drivers/STM32F4xx_HAL_Driver/Src/stm32f4xx_hal_sd.o
                0x08007c48                HAL_SD_DeInit
 *fill*         0x08007c86        0x2 
 .text.HAL_SD_ReadBlocks_DMA
                0x08007c88      0x1c0 ./Drivers/STM32F4xx_HAL_Driver/Src/stm32f4xx_hal_sd.o
                0x08007c88                HAL_SD_ReadBlocks_DMA
 .text.HAL_SD_WriteBlocks_DMA
                0x08007e48      0x1c4 ./Drivers/STM32F4xx_HAL_Driver/Src/stm32f4xx_hal_sd.o
                0x08007e48                HAL_SD_WriteBlocks_DMA
 .text.HAL_SD_IRQHandler
                0x0800800c      0x2ec ./Drivers/STM32F4xx_HAL_Driver/Src/stm32f4xx_hal_sd.o
                0x0800800c                HAL_SD_IRQHandler
 .text.HAL_SD_ErrorCallback
                0x080082f8       0x14 ./Drivers/STM32F4xx_HAL_Driver/Src/stm32f4xx_hal_sd.o
                0x080082f8                HAL_SD_ErrorCallback
 .text.HAL_SD_GetCardCSD
                0x0800830c      0x348 ./Drivers/STM32F4xx_HAL_Driver/Src/stm32f4xx_hal_sd.o
                0x0800830c                HAL_SD_GetCardCSD
 .text.HAL_SD_GetCardInfo
                0x08008654       0x58 ./Drivers/STM32F4xx_HAL_Driver/Src/stm32f4xx_hal_sd.o
                0x08008654                HAL_SD_GetCardInfo
 .text.HAL_SD_GetCardState
                0x080086ac       0x40 ./Drivers/STM32F4xx_HAL_Driver/Src/stm32f4xx_hal_sd.o
                0x080086ac                HAL_SD_GetCardState
 .text.SD_DMATransmitCplt
                0x080086ec       0x2a ./Drivers/STM32F4xx_HAL_Driver/Src/stm32f4xx_hal_sd.o
 .text.SD_DMAReceiveCplt
                0x08008716       0x70 ./Drivers/STM32F4xx_HAL_Driver/Src/stm32f4xx_hal_sd.o
 *fill*         0x08008786        0x2 
 .text.SD_DMAError
                0x08008788       0xa4 ./Drivers/STM32F4xx_HAL_Driver/Src/stm32f4xx_hal_sd.o
 .text.SD_DMATxAbort
                0x0800882c       0x6e ./Drivers/STM32F4xx_HAL_Driver/Src/stm32f4xx_hal_sd.o
 .text.SD_DMARxAbort
                0x0800889a       0x6e ./Drivers/STM32F4xx_HAL_Driver/Src/stm32f4xx_hal_sd.o
 .text.SD_InitCard
                0x08008908      0x19c ./Drivers/STM32F4xx_HAL_Driver/Src/stm32f4xx_hal_sd.o
 .text.SD_PowerON
                0x08008aa4      0x11c ./Drivers/STM32F4xx_HAL_Driver/Src/stm32f4xx_hal_sd.o
 .text.SD_PowerOFF
                0x08008bc0       0x1a ./Drivers/STM32F4xx_HAL_Driver/Src/stm32f4xx_hal_sd.o
 .text.SD_SendStatus
                0x08008bda       0x50 ./Drivers/STM32F4xx_HAL_Driver/Src/stm32f4xx_hal_sd.o
 .text.SD_Read_IT
                0x08008c2a       0xa2 ./Drivers/STM32F4xx_HAL_Driver/Src/stm32f4xx_hal_sd.o
 .text.SD_Write_IT
                0x08008ccc       0xaa ./Drivers/STM32F4xx_HAL_Driver/Src/stm32f4xx_hal_sd.o
 .text.HAL_SPI_Init
                0x08008d76      0x112 ./Drivers/STM32F4xx_HAL_Driver/Src/stm32f4xx_hal_spi.o
                0x08008d76                HAL_SPI_Init
 .text.HAL_SPI_Transmit
                0x08008e88      0x288 ./Drivers/STM32F4xx_HAL_Driver/Src/stm32f4xx_hal_spi.o
                0x08008e88                HAL_SPI_Transmit
 .text.HAL_SPI_Receive
                0x08009110      0x232 ./Drivers/STM32F4xx_HAL_Driver/Src/stm32f4xx_hal_spi.o
                0x08009110                HAL_SPI_Receive
 .text.HAL_SPI_TransmitReceive
                0x08009342      0x352 ./Drivers/STM32F4xx_HAL_Driver/Src/stm32f4xx_hal_spi.o
                0x08009342                HAL_SPI_TransmitReceive
 .text.HAL_SPI_IRQHandler
                0x08009694      0x200 ./Drivers/STM32F4xx_HAL_Driver/Src/stm32f4xx_hal_spi.o
                0x08009694                HAL_SPI_IRQHandler
 .text.HAL_SPI_ErrorCallback
                0x08009894       0x14 ./Drivers/STM32F4xx_HAL_Driver/Src/stm32f4xx_hal_spi.o
                0x08009894                HAL_SPI_ErrorCallback
 .text.HAL_SPI_GetState
                0x080098a8       0x1c ./Drivers/STM32F4xx_HAL_Driver/Src/stm32f4xx_hal_spi.o
                0x080098a8                HAL_SPI_GetState
 .text.SPI_DMAAbortOnError
                0x080098c4       0x28 ./Drivers/STM32F4xx_HAL_Driver/Src/stm32f4xx_hal_spi.o
 .text.SPI_WaitFlagStateUntilTimeout
                0x080098ec      0x110 ./Drivers/STM32F4xx_HAL_Driver/Src/stm32f4xx_hal_spi.o
 .text.SPI_EndRxTransaction
                0x080099fc       0xca ./Drivers/STM32F4xx_HAL_Driver/Src/stm32f4xx_hal_spi.o
 *fill*         0x08009ac6        0x2 
 .text.SPI_EndRxTxTransaction
                0x08009ac8       0xa8 ./Drivers/STM32F4xx_HAL_Driver/Src/stm32f4xx_hal_spi.o
 .text.HAL_TIM_Base_Init
                0x08009b70       0x9e ./Drivers/STM32F4xx_HAL_Driver/Src/stm32f4xx_hal_tim.o
                0x08009b70                HAL_TIM_Base_Init
 *fill*         0x08009c0e        0x2 
 .text.HAL_TIM_Base_Start_IT
                0x08009c10       0xe0 ./Drivers/STM32F4xx_HAL_Driver/Src/stm32f4xx_hal_tim.o
                0x08009c10                HAL_TIM_Base_Start_IT
 .text.HAL_TIM_PWM_Init
                0x08009cf0       0x9e ./Drivers/STM32F4xx_HAL_Driver/Src/stm32f4xx_hal_tim.o
                0x08009cf0                HAL_TIM_PWM_Init
 .text.HAL_TIM_PWM_MspInit
                0x08009d8e       0x14 ./Drivers/STM32F4xx_HAL_Driver/Src/stm32f4xx_hal_tim.o
                0x08009d8e                HAL_TIM_PWM_MspInit
 *fill*         0x08009da2        0x2 
 .text.HAL_TIM_PWM_Start
                0x08009da4      0x190 ./Drivers/STM32F4xx_HAL_Driver/Src/stm32f4xx_hal_tim.o
                0x08009da4                HAL_TIM_PWM_Start
 .text.HAL_TIM_IRQHandler
                0x08009f34      0x1e0 ./Drivers/STM32F4xx_HAL_Driver/Src/stm32f4xx_hal_tim.o
                0x08009f34                HAL_TIM_IRQHandler
 .text.HAL_TIM_PWM_ConfigChannel
                0x0800a114      0x184 ./Drivers/STM32F4xx_HAL_Driver/Src/stm32f4xx_hal_tim.o
                0x0800a114                HAL_TIM_PWM_ConfigChannel
 .text.HAL_TIM_ConfigClockSource
                0x0800a298      0x18e ./Drivers/STM32F4xx_HAL_Driver/Src/stm32f4xx_hal_tim.o
                0x0800a298                HAL_TIM_ConfigClockSource
 .text.HAL_TIM_OC_DelayElapsedCallback
                0x0800a426       0x14 ./Drivers/STM32F4xx_HAL_Driver/Src/stm32f4xx_hal_tim.o
                0x0800a426                HAL_TIM_OC_DelayElapsedCallback
 .text.HAL_TIM_IC_CaptureCallback
                0x0800a43a       0x14 ./Drivers/STM32F4xx_HAL_Driver/Src/stm32f4xx_hal_tim.o
                0x0800a43a                HAL_TIM_IC_CaptureCallback
 .text.HAL_TIM_PWM_PulseFinishedCallback
                0x0800a44e       0x14 ./Drivers/STM32F4xx_HAL_Driver/Src/stm32f4xx_hal_tim.o
                0x0800a44e                HAL_TIM_PWM_PulseFinishedCallback
 .text.HAL_TIM_TriggerCallback
                0x0800a462       0x14 ./Drivers/STM32F4xx_HAL_Driver/Src/stm32f4xx_hal_tim.o
                0x0800a462                HAL_TIM_TriggerCallback
 *fill*         0x0800a476        0x2 
 .text.TIM_Base_SetConfig
                0x0800a478      0x14c ./Drivers/STM32F4xx_HAL_Driver/Src/stm32f4xx_hal_tim.o
                0x0800a478                TIM_Base_SetConfig
 .text.TIM_OC1_SetConfig
                0x0800a5c4       0xe0 ./Drivers/STM32F4xx_HAL_Driver/Src/stm32f4xx_hal_tim.o
 .text.TIM_OC2_SetConfig
                0x0800a6a4       0xec ./Drivers/STM32F4xx_HAL_Driver/Src/stm32f4xx_hal_tim.o
                0x0800a6a4                TIM_OC2_SetConfig
 .text.TIM_OC3_SetConfig
                0x0800a790       0xe8 ./Drivers/STM32F4xx_HAL_Driver/Src/stm32f4xx_hal_tim.o
 .text.TIM_OC4_SetConfig
                0x0800a878       0xac ./Drivers/STM32F4xx_HAL_Driver/Src/stm32f4xx_hal_tim.o
 .text.TIM_TI1_ConfigInputStage
                0x0800a924       0x5e ./Drivers/STM32F4xx_HAL_Driver/Src/stm32f4xx_hal_tim.o
 .text.TIM_TI2_ConfigInputStage
                0x0800a982       0x60 ./Drivers/STM32F4xx_HAL_Driver/Src/stm32f4xx_hal_tim.o
 .text.TIM_ITRx_SetConfig
                0x0800a9e2       0x36 ./Drivers/STM32F4xx_HAL_Driver/Src/stm32f4xx_hal_tim.o
 .text.TIM_ETR_SetConfig
                0x0800aa18       0x40 ./Drivers/STM32F4xx_HAL_Driver/Src/stm32f4xx_hal_tim.o
                0x0800aa18                TIM_ETR_SetConfig
 .text.TIM_CCxChannelCmd
                0x0800aa58       0x4a ./Drivers/STM32F4xx_HAL_Driver/Src/stm32f4xx_hal_tim.o
                0x0800aa58                TIM_CCxChannelCmd
 *fill*         0x0800aaa2        0x2 
 .text.HAL_TIMEx_MasterConfigSynchronization
                0x0800aaa4       0xf8 ./Drivers/STM32F4xx_HAL_Driver/Src/stm32f4xx_hal_tim_ex.o
                0x0800aaa4                HAL_TIMEx_MasterConfigSynchronization
 .text.HAL_TIMEx_CommutCallback
                0x0800ab9c       0x14 ./Drivers/STM32F4xx_HAL_Driver/Src/stm32f4xx_hal_tim_ex.o
                0x0800ab9c                HAL_TIMEx_CommutCallback
 .text.HAL_TIMEx_BreakCallback
                0x0800abb0       0x14 ./Drivers/STM32F4xx_HAL_Driver/Src/stm32f4xx_hal_tim_ex.o
                0x0800abb0                HAL_TIMEx_BreakCallback
 .text.SDIO_Init
                0x0800abc4       0x56 ./Drivers/STM32F4xx_HAL_Driver/Src/stm32f4xx_ll_sdmmc.o
                0x0800abc4                SDIO_Init
 .text.SDIO_ReadFIFO
                0x0800ac1a       0x1a ./Drivers/STM32F4xx_HAL_Driver/Src/stm32f4xx_ll_sdmmc.o
                0x0800ac1a                SDIO_ReadFIFO
 .text.SDIO_WriteFIFO
                0x0800ac34       0x22 ./Drivers/STM32F4xx_HAL_Driver/Src/stm32f4xx_ll_sdmmc.o
                0x0800ac34                SDIO_WriteFIFO
 .text.SDIO_PowerState_ON
                0x0800ac56       0x1c ./Drivers/STM32F4xx_HAL_Driver/Src/stm32f4xx_ll_sdmmc.o
                0x0800ac56                SDIO_PowerState_ON
 .text.SDIO_PowerState_OFF
                0x0800ac72       0x1c ./Drivers/STM32F4xx_HAL_Driver/Src/stm32f4xx_ll_sdmmc.o
                0x0800ac72                SDIO_PowerState_OFF
 .text.SDIO_GetPowerState
                0x0800ac8e       0x1c ./Drivers/STM32F4xx_HAL_Driver/Src/stm32f4xx_ll_sdmmc.o
                0x0800ac8e                SDIO_GetPowerState
 .text.SDIO_SendCommand
                0x0800acaa       0x54 ./Drivers/STM32F4xx_HAL_Driver/Src/stm32f4xx_ll_sdmmc.o
                0x0800acaa                SDIO_SendCommand
 .text.SDIO_GetCommandResponse
                0x0800acfe       0x1a ./Drivers/STM32F4xx_HAL_Driver/Src/stm32f4xx_ll_sdmmc.o
                0x0800acfe                SDIO_GetCommandResponse
 .text.SDIO_GetResponse
                0x0800ad18       0x26 ./Drivers/STM32F4xx_HAL_Driver/Src/stm32f4xx_ll_sdmmc.o
                0x0800ad18                SDIO_GetResponse
 .text.SDIO_ConfigData
                0x0800ad3e       0x58 ./Drivers/STM32F4xx_HAL_Driver/Src/stm32f4xx_ll_sdmmc.o
                0x0800ad3e                SDIO_ConfigData
 .text.SDMMC_CmdBlockLength
                0x0800ad96       0x44 ./Drivers/STM32F4xx_HAL_Driver/Src/stm32f4xx_ll_sdmmc.o
                0x0800ad96                SDMMC_CmdBlockLength
 .text.SDMMC_CmdReadSingleBlock
                0x0800adda       0x44 ./Drivers/STM32F4xx_HAL_Driver/Src/stm32f4xx_ll_sdmmc.o
                0x0800adda                SDMMC_CmdReadSingleBlock
 .text.SDMMC_CmdReadMultiBlock
                0x0800ae1e       0x44 ./Drivers/STM32F4xx_HAL_Driver/Src/stm32f4xx_ll_sdmmc.o
                0x0800ae1e                SDMMC_CmdReadMultiBlock
 .text.SDMMC_CmdWriteSingleBlock
                0x0800ae62       0x44 ./Drivers/STM32F4xx_HAL_Driver/Src/stm32f4xx_ll_sdmmc.o
                0x0800ae62                SDMMC_CmdWriteSingleBlock
 .text.SDMMC_CmdWriteMultiBlock
                0x0800aea6       0x44 ./Drivers/STM32F4xx_HAL_Driver/Src/stm32f4xx_ll_sdmmc.o
                0x0800aea6                SDMMC_CmdWriteMultiBlock
 *fill*         0x0800aeea        0x2 
 .text.SDMMC_CmdStopTransfer
                0x0800aeec       0x44 ./Drivers/STM32F4xx_HAL_Driver/Src/stm32f4xx_ll_sdmmc.o
                0x0800aeec                SDMMC_CmdStopTransfer
 .text.SDMMC_CmdSelDesel
                0x0800af30       0x46 ./Drivers/STM32F4xx_HAL_Driver/Src/stm32f4xx_ll_sdmmc.o
                0x0800af30                SDMMC_CmdSelDesel
 .text.SDMMC_CmdGoIdleState
                0x0800af76       0x3c ./Drivers/STM32F4xx_HAL_Driver/Src/stm32f4xx_ll_sdmmc.o
                0x0800af76                SDMMC_CmdGoIdleState
 .text.SDMMC_CmdOperCond
                0x0800afb2       0x3e ./Drivers/STM32F4xx_HAL_Driver/Src/stm32f4xx_ll_sdmmc.o
                0x0800afb2                SDMMC_CmdOperCond
 .text.SDMMC_CmdAppCommand
                0x0800aff0       0x44 ./Drivers/STM32F4xx_HAL_Driver/Src/stm32f4xx_ll_sdmmc.o
                0x0800aff0                SDMMC_CmdAppCommand
 .text.SDMMC_CmdAppOperCommand
                0x0800b034       0x46 ./Drivers/STM32F4xx_HAL_Driver/Src/stm32f4xx_ll_sdmmc.o
                0x0800b034                SDMMC_CmdAppOperCommand
 .text.SDMMC_CmdSendCID
                0x0800b07a       0x3c ./Drivers/STM32F4xx_HAL_Driver/Src/stm32f4xx_ll_sdmmc.o
                0x0800b07a                SDMMC_CmdSendCID
 .text.SDMMC_CmdSendCSD
                0x0800b0b6       0x3e ./Drivers/STM32F4xx_HAL_Driver/Src/stm32f4xx_ll_sdmmc.o
                0x0800b0b6                SDMMC_CmdSendCSD
 .text.SDMMC_CmdSetRelAdd
                0x0800b0f4       0x42 ./Drivers/STM32F4xx_HAL_Driver/Src/stm32f4xx_ll_sdmmc.o
                0x0800b0f4                SDMMC_CmdSetRelAdd
 .text.SDMMC_CmdSendStatus
                0x0800b136       0x44 ./Drivers/STM32F4xx_HAL_Driver/Src/stm32f4xx_ll_sdmmc.o
                0x0800b136                SDMMC_CmdSendStatus
 *fill*         0x0800b17a        0x2 
 .text.SDMMC_GetCmdResp1
                0x0800b17c      0x1dc ./Drivers/STM32F4xx_HAL_Driver/Src/stm32f4xx_ll_sdmmc.o
                0x0800b17c                SDMMC_GetCmdResp1
 .text.SDMMC_GetCmdResp2
                0x0800b358       0x90 ./Drivers/STM32F4xx_HAL_Driver/Src/stm32f4xx_ll_sdmmc.o
                0x0800b358                SDMMC_GetCmdResp2
 .text.SDMMC_GetCmdResp3
                0x0800b3e8       0x7c ./Drivers/STM32F4xx_HAL_Driver/Src/stm32f4xx_ll_sdmmc.o
                0x0800b3e8                SDMMC_GetCmdResp3
 .text.SDMMC_GetCmdResp6
                0x0800b464       0xec ./Drivers/STM32F4xx_HAL_Driver/Src/stm32f4xx_ll_sdmmc.o
                0x0800b464                SDMMC_GetCmdResp6
 .text.SDMMC_GetCmdResp7
                0x0800b550       0x9c ./Drivers/STM32F4xx_HAL_Driver/Src/stm32f4xx_ll_sdmmc.o
                0x0800b550                SDMMC_GetCmdResp7
 .text.SDMMC_GetCmdError
                0x0800b5ec       0x58 ./Drivers/STM32F4xx_HAL_Driver/Src/stm32f4xx_ll_sdmmc.o
 .text.MX_FATFS_Init
                0x0800b644       0x24 ./FATFS/App/fatfs.o
                0x0800b644                MX_FATFS_Init
 .text.BSP_SD_Init
                0x0800b668       0x30 ./FATFS/Target/bsp_driver_sd.o
                0x0800b668                BSP_SD_Init
 .text.BSP_SD_ReadBlocks_DMA
                0x0800b698       0x34 ./FATFS/Target/bsp_driver_sd.o
                0x0800b698                BSP_SD_ReadBlocks_DMA
 .text.BSP_SD_WriteBlocks_DMA
                0x0800b6cc       0x34 ./FATFS/Target/bsp_driver_sd.o
                0x0800b6cc                BSP_SD_WriteBlocks_DMA
 .text.BSP_SD_GetCardState
                0x0800b700       0x20 ./FATFS/Target/bsp_driver_sd.o
                0x0800b700                BSP_SD_GetCardState
 .text.BSP_SD_GetCardInfo
                0x0800b720       0x1c ./FATFS/Target/bsp_driver_sd.o
                0x0800b720                BSP_SD_GetCardInfo
 .text.HAL_SD_AbortCallback
                0x0800b73c       0x14 ./FATFS/Target/bsp_driver_sd.o
                0x0800b73c                HAL_SD_AbortCallback
 .text.HAL_SD_TxCpltCallback
                0x0800b750       0x14 ./FATFS/Target/bsp_driver_sd.o
                0x0800b750                HAL_SD_TxCpltCallback
 .text.HAL_SD_RxCpltCallback
                0x0800b764       0x14 ./FATFS/Target/bsp_driver_sd.o
                0x0800b764                HAL_SD_RxCpltCallback
 .text.BSP_SD_AbortCallback
                0x0800b778        0xe ./FATFS/Target/bsp_driver_sd.o
                0x0800b778                BSP_SD_AbortCallback
 .text.BSP_SD_IsDetected
                0x0800b786       0x24 ./FATFS/Target/bsp_driver_sd.o
                0x0800b786                BSP_SD_IsDetected
 *fill*         0x0800b7aa        0x2 
 .text.BSP_PlatformIsDetected
                0x0800b7ac       0x2c ./FATFS/Target/fatfs_platform.o
                0x0800b7ac                BSP_PlatformIsDetected
 .text.SD_CheckStatusWithTimeout
                0x0800b7d8       0x3a ./FATFS/Target/sd_diskio.o
 *fill*         0x0800b812        0x2 
 .text.SD_CheckStatus
                0x0800b814       0x3c ./FATFS/Target/sd_diskio.o
 .text.SD_initialize
                0x0800b850       0x98 ./FATFS/Target/sd_diskio.o
                0x0800b850                SD_initialize
 .text.SD_status
                0x0800b8e8       0x1c ./FATFS/Target/sd_diskio.o
                0x0800b8e8                SD_status
 .text.SD_read  0x0800b904       0x9c ./FATFS/Target/sd_diskio.o
                0x0800b904                SD_read
 .text.SD_write
                0x0800b9a0       0x94 ./FATFS/Target/sd_diskio.o
                0x0800b9a0                SD_write
 .text.SD_ioctl
                0x0800ba34       0xb0 ./FATFS/Target/sd_diskio.o
                0x0800ba34                SD_ioctl
 .text.BSP_SD_WriteCpltCallback
                0x0800bae4       0x1c ./FATFS/Target/sd_diskio.o
                0x0800bae4                BSP_SD_WriteCpltCallback
 .text.BSP_SD_ReadCpltCallback
                0x0800bb00       0x1c ./FATFS/Target/sd_diskio.o
                0x0800bb00                BSP_SD_ReadCpltCallback
 .text.disk_status
                0x0800bb1c       0x34 ./Middlewares/Third_Party/FatFs/src/diskio.o
                0x0800bb1c                disk_status
 .text.disk_initialize
                0x0800bb50       0x50 ./Middlewares/Third_Party/FatFs/src/diskio.o
                0x0800bb50                disk_initialize
 .text.disk_read
                0x0800bba0       0x40 ./Middlewares/Third_Party/FatFs/src/diskio.o
                0x0800bba0                disk_read
 .text.disk_write
                0x0800bbe0       0x40 ./Middlewares/Third_Party/FatFs/src/diskio.o
                0x0800bbe0                disk_write
 .text.ld_word  0x0800bc20       0x32 ./Middlewares/Third_Party/FatFs/src/ff.o
 .text.ld_dword
                0x0800bc52       0x46 ./Middlewares/Third_Party/FatFs/src/ff.o
 .text.ld_qword
                0x0800bc98      0x1b6 ./Middlewares/Third_Party/FatFs/src/ff.o
 .text.mem_cmp  0x0800be4e       0x4e ./Middlewares/Third_Party/FatFs/src/ff.o
 .text.lock_fs  0x0800be9c       0x2c ./Middlewares/Third_Party/FatFs/src/ff.o
 .text.unlock_fs
                0x0800bec8       0x36 ./Middlewares/Third_Party/FatFs/src/ff.o
 *fill*         0x0800befe        0x2 
 .text.clear_lock
                0x0800bf00       0x48 ./Middlewares/Third_Party/FatFs/src/ff.o
 .text.sync_window
                0x0800bf48       0x88 ./Middlewares/Third_Party/FatFs/src/ff.o
 .text.move_window
                0x0800bfd0       0x5a ./Middlewares/Third_Party/FatFs/src/ff.o
 .text.clust2sect
                0x0800c02a       0x3e ./Middlewares/Third_Party/FatFs/src/ff.o
 .text.get_ldnumber
                0x0800c068       0x88 ./Middlewares/Third_Party/FatFs/src/ff.o
 .text.check_fs
                0x0800c0f0       0xc8 ./Middlewares/Third_Party/FatFs/src/ff.o
 .text.find_volume
                0x0800c1b8      0x6b4 ./Middlewares/Third_Party/FatFs/src/ff.o
 .text.f_mount  0x0800c86c       0xc8 ./Middlewares/Third_Party/FatFs/src/ff.o
                0x0800c86c                f_mount
 .text.FATFS_LinkDriverEx
                0x0800c934       0x98 ./Middlewares/Third_Party/FatFs/src/ff_gen_drv.o
                0x0800c934                FATFS_LinkDriverEx
 .text.FATFS_LinkDriver
                0x0800c9cc       0x1e ./Middlewares/Third_Party/FatFs/src/ff_gen_drv.o
                0x0800c9cc                FATFS_LinkDriver
 .text.ff_cre_syncobj
                0x0800c9ea       0x3e ./Middlewares/Third_Party/FatFs/src/option/syscall.o
                0x0800c9ea                ff_cre_syncobj
 .text.ff_del_syncobj
                0x0800ca28       0x18 ./Middlewares/Third_Party/FatFs/src/option/syscall.o
                0x0800ca28                ff_del_syncobj
 .text.ff_req_grant
                0x0800ca40       0x2a ./Middlewares/Third_Party/FatFs/src/option/syscall.o
                0x0800ca40                ff_req_grant
 .text.ff_rel_grant
                0x0800ca6a       0x16 ./Middlewares/Third_Party/FatFs/src/option/syscall.o
                0x0800ca6a                ff_rel_grant
 .text.makeFreeRtosPriority
                0x0800ca80       0x30 ./Middlewares/Third_Party/FreeRTOS/Source/CMSIS_RTOS/cmsis_os.o
 .text.inHandlerMode
                0x0800cab0       0x24 ./Middlewares/Third_Party/FreeRTOS/Source/CMSIS_RTOS/cmsis_os.o
 .text.osKernelStart
                0x0800cad4        0xe ./Middlewares/Third_Party/FreeRTOS/Source/CMSIS_RTOS/cmsis_os.o
                0x0800cad4                osKernelStart
 .text.osKernelRunning
                0x0800cae2       0x18 ./Middlewares/Third_Party/FreeRTOS/Source/CMSIS_RTOS/cmsis_os.o
                0x0800cae2                osKernelRunning
 .text.osKernelSysTick
                0x0800cafa       0x20 ./Middlewares/Third_Party/FreeRTOS/Source/CMSIS_RTOS/cmsis_os.o
                0x0800cafa                osKernelSysTick
 .text.osThreadCreate
                0x0800cb1a       0x98 ./Middlewares/Third_Party/FreeRTOS/Source/CMSIS_RTOS/cmsis_os.o
                0x0800cb1a                osThreadCreate
 .text.osDelay  0x0800cbb2       0x28 ./Middlewares/Third_Party/FreeRTOS/Source/CMSIS_RTOS/cmsis_os.o
                0x0800cbb2                osDelay
 .text.osMutexCreate
                0x0800cbda       0x30 ./Middlewares/Third_Party/FreeRTOS/Source/CMSIS_RTOS/cmsis_os.o
                0x0800cbda                osMutexCreate
 *fill*         0x0800cc0a        0x2 
 .text.osMutexWait
                0x0800cc0c       0x9c ./Middlewares/Third_Party/FreeRTOS/Source/CMSIS_RTOS/cmsis_os.o
                0x0800cc0c                osMutexWait
 .text.osMutexRelease
                0x0800cca8       0x6c ./Middlewares/Third_Party/FreeRTOS/Source/CMSIS_RTOS/cmsis_os.o
                0x0800cca8                osMutexRelease
 .text.osMutexDelete
                0x0800cd14       0x26 ./Middlewares/Third_Party/FreeRTOS/Source/CMSIS_RTOS/cmsis_os.o
                0x0800cd14                osMutexDelete
 .text.osMessageCreate
                0x0800cd3a       0x50 ./Middlewares/Third_Party/FreeRTOS/Source/CMSIS_RTOS/cmsis_os.o
                0x0800cd3a                osMessageCreate
 *fill*         0x0800cd8a        0x2 
 .text.osMessagePut
                0x0800cd8c       0x80 ./Middlewares/Third_Party/FreeRTOS/Source/CMSIS_RTOS/cmsis_os.o
                0x0800cd8c                osMessagePut
 .text.osMessageGet
                0x0800ce0c       0xe8 ./Middlewares/Third_Party/FreeRTOS/Source/CMSIS_RTOS/cmsis_os.o
                0x0800ce0c                osMessageGet
 .text.vListInitialise
                0x0800cef4       0x40 ./Middlewares/Third_Party/FreeRTOS/Source/list.o
                0x0800cef4                vListInitialise
 .text.vListInitialiseItem
                0x0800cf34       0x1a ./Middlewares/Third_Party/FreeRTOS/Source/list.o
                0x0800cf34                vListInitialiseItem
 .text.vListInsertEnd
                0x0800cf4e       0x48 ./Middlewares/Third_Party/FreeRTOS/Source/list.o
                0x0800cf4e                vListInsertEnd
 .text.vListInsert
                0x0800cf96       0x72 ./Middlewares/Third_Party/FreeRTOS/Source/list.o
                0x0800cf96                vListInsert
 .text.uxListRemove
                0x0800d008       0x54 ./Middlewares/Third_Party/FreeRTOS/Source/list.o
                0x0800d008                uxListRemove
 .text.xQueueGenericReset
                0x0800d05c       0xd4 ./Middlewares/Third_Party/FreeRTOS/Source/queue.o
                0x0800d05c                xQueueGenericReset
 .text.xQueueGenericCreateStatic
                0x0800d130       0xfa ./Middlewares/Third_Party/FreeRTOS/Source/queue.o
                0x0800d130                xQueueGenericCreateStatic
 .text.xQueueGenericCreate
                0x0800d22a       0x76 ./Middlewares/Third_Party/FreeRTOS/Source/queue.o
                0x0800d22a                xQueueGenericCreate
 .text.prvInitialiseNewQueue
                0x0800d2a0       0x3e ./Middlewares/Third_Party/FreeRTOS/Source/queue.o
 .text.prvInitialiseMutex
                0x0800d2de       0x34 ./Middlewares/Third_Party/FreeRTOS/Source/queue.o
 .text.xQueueCreateMutex
                0x0800d312       0x30 ./Middlewares/Third_Party/FreeRTOS/Source/queue.o
                0x0800d312                xQueueCreateMutex
 .text.xQueueCreateMutexStatic
                0x0800d342       0x36 ./Middlewares/Third_Party/FreeRTOS/Source/queue.o
                0x0800d342                xQueueCreateMutexStatic
 .text.xQueueGenericSend
                0x0800d378      0x204 ./Middlewares/Third_Party/FreeRTOS/Source/queue.o
                0x0800d378                xQueueGenericSend
 .text.xQueueGenericSendFromISR
                0x0800d57c      0x13c ./Middlewares/Third_Party/FreeRTOS/Source/queue.o
                0x0800d57c                xQueueGenericSendFromISR
 .text.xQueueGiveFromISR
                0x0800d6b8      0x120 ./Middlewares/Third_Party/FreeRTOS/Source/queue.o
                0x0800d6b8                xQueueGiveFromISR
 .text.xQueueReceive
                0x0800d7d8      0x1c4 ./Middlewares/Third_Party/FreeRTOS/Source/queue.o
                0x0800d7d8                xQueueReceive
 .text.xQueueSemaphoreTake
                0x0800d99c      0x220 ./Middlewares/Third_Party/FreeRTOS/Source/queue.o
                0x0800d99c                xQueueSemaphoreTake
 .text.xQueueReceiveFromISR
                0x0800dbbc      0x104 ./Middlewares/Third_Party/FreeRTOS/Source/queue.o
                0x0800dbbc                xQueueReceiveFromISR
 .text.vQueueDelete
                0x0800dcc0       0x48 ./Middlewares/Third_Party/FreeRTOS/Source/queue.o
                0x0800dcc0                vQueueDelete
 .text.prvGetDisinheritPriorityAfterTimeout
                0x0800dd08       0x30 ./Middlewares/Third_Party/FreeRTOS/Source/queue.o
 .text.prvCopyDataToQueue
                0x0800dd38       0xd4 ./Middlewares/Third_Party/FreeRTOS/Source/queue.o
 .text.prvCopyDataFromQueue
                0x0800de0c       0x4c ./Middlewares/Third_Party/FreeRTOS/Source/queue.o
 .text.prvUnlockQueue
                0x0800de58       0xa4 ./Middlewares/Third_Party/FreeRTOS/Source/queue.o
 .text.prvIsQueueEmpty
                0x0800defc       0x2c ./Middlewares/Third_Party/FreeRTOS/Source/queue.o
 .text.prvIsQueueFull
                0x0800df28       0x30 ./Middlewares/Third_Party/FreeRTOS/Source/queue.o
 .text.vQueueUnregisterQueue
                0x0800df58       0x54 ./Middlewares/Third_Party/FreeRTOS/Source/queue.o
                0x0800df58                vQueueUnregisterQueue
 .text.xTaskCreateStatic
                0x0800dfac       0xc0 ./Middlewares/Third_Party/FreeRTOS/Source/tasks.o
                0x0800dfac                xTaskCreateStatic
 .text.xTaskCreate
                0x0800e06c       0x8a ./Middlewares/Third_Party/FreeRTOS/Source/tasks.o
                0x0800e06c                xTaskCreate
 *fill*         0x0800e0f6        0x2 
 .text.prvInitialiseNewTask
                0x0800e0f8      0x140 ./Middlewares/Third_Party/FreeRTOS/Source/tasks.o
 .text.prvAddNewTaskToReadyList
                0x0800e238       0xd4 ./Middlewares/Third_Party/FreeRTOS/Source/tasks.o
 .text.vTaskDelay
                0x0800e30c       0x6c ./Middlewares/Third_Party/FreeRTOS/Source/tasks.o
                0x0800e30c                vTaskDelay
 .text.vTaskStartScheduler
                0x0800e378       0xd4 ./Middlewares/Third_Party/FreeRTOS/Source/tasks.o
                0x0800e378                vTaskStartScheduler
 .text.vTaskSuspendAll
                0x0800e44c       0x1c ./Middlewares/Third_Party/FreeRTOS/Source/tasks.o
                0x0800e44c                vTaskSuspendAll
 .text.xTaskResumeAll
                0x0800e468      0x13c ./Middlewares/Third_Party/FreeRTOS/Source/tasks.o
                0x0800e468                xTaskResumeAll
 .text.xTaskGetTickCount
                0x0800e5a4       0x20 ./Middlewares/Third_Party/FreeRTOS/Source/tasks.o
                0x0800e5a4                xTaskGetTickCount
 .text.xTaskGetTickCountFromISR
                0x0800e5c4       0x24 ./Middlewares/Third_Party/FreeRTOS/Source/tasks.o
                0x0800e5c4                xTaskGetTickCountFromISR
 .text.xTaskIncrementTick
                0x0800e5e8      0x184 ./Middlewares/Third_Party/FreeRTOS/Source/tasks.o
                0x0800e5e8                xTaskIncrementTick
 .text.vTaskSwitchContext
                0x0800e76c       0xc8 ./Middlewares/Third_Party/FreeRTOS/Source/tasks.o
                0x0800e76c                vTaskSwitchContext
 .text.vTaskPlaceOnEventList
                0x0800e834       0x4c ./Middlewares/Third_Party/FreeRTOS/Source/tasks.o
                0x0800e834                vTaskPlaceOnEventList
 .text.xTaskRemoveFromEventList
                0x0800e880       0xc8 ./Middlewares/Third_Party/FreeRTOS/Source/tasks.o
                0x0800e880                xTaskRemoveFromEventList
 .text.vTaskInternalSetTimeOutState
                0x0800e948       0x2c ./Middlewares/Third_Party/FreeRTOS/Source/tasks.o
                0x0800e948                vTaskInternalSetTimeOutState
 .text.xTaskCheckForTimeOut
                0x0800e974       0xc8 ./Middlewares/Third_Party/FreeRTOS/Source/tasks.o
                0x0800e974                xTaskCheckForTimeOut
 .text.vTaskMissedYield
                0x0800ea3c       0x18 ./Middlewares/Third_Party/FreeRTOS/Source/tasks.o
                0x0800ea3c                vTaskMissedYield
 .text.prvIdleTask
                0x0800ea54       0x34 ./Middlewares/Third_Party/FreeRTOS/Source/tasks.o
 .text.prvInitialiseTaskLists
                0x0800ea88       0x80 ./Middlewares/Third_Party/FreeRTOS/Source/tasks.o
 .text.prvCheckTasksWaitingTermination
                0x0800eb08       0x5c ./Middlewares/Third_Party/FreeRTOS/Source/tasks.o
 .text.prvDeleteTCB
                0x0800eb64       0x6a ./Middlewares/Third_Party/FreeRTOS/Source/tasks.o
 *fill*         0x0800ebce        0x2 
 .text.prvResetNextTaskUnblockTime
                0x0800ebd0       0x40 ./Middlewares/Third_Party/FreeRTOS/Source/tasks.o
 .text.xTaskGetSchedulerState
                0x0800ec10       0x3c ./Middlewares/Third_Party/FreeRTOS/Source/tasks.o
                0x0800ec10                xTaskGetSchedulerState
 .text.xTaskPriorityInherit
                0x0800ec4c       0xec ./Middlewares/Third_Party/FreeRTOS/Source/tasks.o
                0x0800ec4c                xTaskPriorityInherit
 .text.xTaskPriorityDisinherit
                0x0800ed38      0x110 ./Middlewares/Third_Party/FreeRTOS/Source/tasks.o
                0x0800ed38                xTaskPriorityDisinherit
 .text.vTaskPriorityDisinheritAfterTimeout
                0x0800ee48      0x120 ./Middlewares/Third_Party/FreeRTOS/Source/tasks.o
                0x0800ee48                vTaskPriorityDisinheritAfterTimeout
 .text.pvTaskIncrementMutexHeldCount
                0x0800ef68       0x28 ./Middlewares/Third_Party/FreeRTOS/Source/tasks.o
                0x0800ef68                pvTaskIncrementMutexHeldCount
 .text.prvAddCurrentTaskToDelayedList
                0x0800ef90       0xcc ./Middlewares/Third_Party/FreeRTOS/Source/tasks.o
 .text.pxPortInitialiseStack
                0x0800f05c       0x68 ./Middlewares/Third_Party/FreeRTOS/Source/portable/GCC/ARM_CM4F/port.o
                0x0800f05c                pxPortInitialiseStack
 .text.prvTaskExitError
                0x0800f0c4       0x5c ./Middlewares/Third_Party/FreeRTOS/Source/portable/GCC/ARM_CM4F/port.o
 .text.SVC_Handler
                0x0800f120       0x28 ./Middlewares/Third_Party/FreeRTOS/Source/portable/GCC/ARM_CM4F/port.o
                0x0800f120                SVC_Handler
 .text.prvPortStartFirstTask
                0x0800f148       0x28 ./Middlewares/Third_Party/FreeRTOS/Source/portable/GCC/ARM_CM4F/port.o
 .text.xPortStartScheduler
                0x0800f170      0x148 ./Middlewares/Third_Party/FreeRTOS/Source/portable/GCC/ARM_CM4F/port.o
                0x0800f170                xPortStartScheduler
 .text.vPortEnterCritical
                0x0800f2b8       0x64 ./Middlewares/Third_Party/FreeRTOS/Source/portable/GCC/ARM_CM4F/port.o
                0x0800f2b8                vPortEnterCritical
 .text.vPortExitCritical
                0x0800f31c       0x54 ./Middlewares/Third_Party/FreeRTOS/Source/portable/GCC/ARM_CM4F/port.o
                0x0800f31c                vPortExitCritical
 .text.PendSV_Handler
                0x0800f370       0x68 ./Middlewares/Third_Party/FreeRTOS/Source/portable/GCC/ARM_CM4F/port.o
                0x0800f370                PendSV_Handler
 .text.SysTick_Handler
                0x0800f3d8       0x44 ./Middlewares/Third_Party/FreeRTOS/Source/portable/GCC/ARM_CM4F/port.o
                0x0800f3d8                SysTick_Handler
 .text.vPortSetupTimerInterrupt
                0x0800f41c       0x48 ./Middlewares/Third_Party/FreeRTOS/Source/portable/GCC/ARM_CM4F/port.o
                0x0800f41c                vPortSetupTimerInterrupt
 .text.vPortEnableVFP
                0x0800f464       0x14 ./Middlewares/Third_Party/FreeRTOS/Source/portable/GCC/ARM_CM4F/port.o
 .text.vPortValidateInterruptPriority
                0x0800f478       0x84 ./Middlewares/Third_Party/FreeRTOS/Source/portable/GCC/ARM_CM4F/port.o
                0x0800f478                vPortValidateInterruptPriority
 .text.pvPortMalloc
                0x0800f4fc      0x1a8 ./Middlewares/Third_Party/FreeRTOS/Source/portable/MemMang/heap_4.o
                0x0800f4fc                pvPortMalloc
 .text.vPortFree
                0x0800f6a4       0xc8 ./Middlewares/Third_Party/FreeRTOS/Source/portable/MemMang/heap_4.o
                0x0800f6a4                vPortFree
 .text.prvHeapInit
                0x0800f76c       0xc4 ./Middlewares/Third_Party/FreeRTOS/Source/portable/MemMang/heap_4.o
 .text.prvInsertBlockIntoFreeList
                0x0800f830       0xb4 ./Middlewares/Third_Party/FreeRTOS/Source/portable/MemMang/heap_4.o
 .text.__cvt    0x0800f8e4       0xca D:/STM32CubeIDE_1.17.0/STM32CubeIDE/plugins/com.st.stm32cube.ide.mcu.externaltools.gnu-tools-for-stm32.13.3.rel1.win32_1.0.0.202411081344/tools/bin/../lib/gcc/arm-none-eabi/13.3.1/../../../../arm-none-eabi/lib/thumb/v7e-m+fp/hard\libc_nano.a(libc_a-nano-vfprintf_float.o)
                0x0800f8e4                __cvt
 .text.__exponent
                0x0800f9ae       0x74 D:/STM32CubeIDE_1.17.0/STM32CubeIDE/plugins/com.st.stm32cube.ide.mcu.externaltools.gnu-tools-for-stm32.13.3.rel1.win32_1.0.0.202411081344/tools/bin/../lib/gcc/arm-none-eabi/13.3.1/../../../../arm-none-eabi/lib/thumb/v7e-m+fp/hard\libc_nano.a(libc_a-nano-vfprintf_float.o)
                0x0800f9ae                __exponent
 *fill*         0x0800fa22        0x2 
 .text._printf_float
                0x0800fa24      0x454 D:/STM32CubeIDE_1.17.0/STM32CubeIDE/plugins/com.st.stm32cube.ide.mcu.externaltools.gnu-tools-for-stm32.13.3.rel1.win32_1.0.0.202411081344/tools/bin/../lib/gcc/arm-none-eabi/13.3.1/../../../../arm-none-eabi/lib/thumb/v7e-m+fp/hard\libc_nano.a(libc_a-nano-vfprintf_float.o)
                0x0800fa24                _printf_float
 .text._printf_common
                0x0800fe78       0xda D:/STM32CubeIDE_1.17.0/STM32CubeIDE/plugins/com.st.stm32cube.ide.mcu.externaltools.gnu-tools-for-stm32.13.3.rel1.win32_1.0.0.202411081344/tools/bin/../lib/gcc/arm-none-eabi/13.3.1/../../../../arm-none-eabi/lib/thumb/v7e-m+fp/hard\libc_nano.a(libc_a-nano-vfprintf_i.o)
                0x0800fe78                _printf_common
 *fill*         0x0800ff52        0x2 
 .text._printf_i
                0x0800ff54      0x23c D:/STM32CubeIDE_1.17.0/STM32CubeIDE/plugins/com.st.stm32cube.ide.mcu.externaltools.gnu-tools-for-stm32.13.3.rel1.win32_1.0.0.202411081344/tools/bin/../lib/gcc/arm-none-eabi/13.3.1/../../../../arm-none-eabi/lib/thumb/v7e-m+fp/hard\libc_nano.a(libc_a-nano-vfprintf_i.o)
                0x0800ff54                _printf_i
 .text.std      0x08010190       0x6c D:/STM32CubeIDE_1.17.0/STM32CubeIDE/plugins/com.st.stm32cube.ide.mcu.externaltools.gnu-tools-for-stm32.13.3.rel1.win32_1.0.0.202411081344/tools/bin/../lib/gcc/arm-none-eabi/13.3.1/../../../../arm-none-eabi/lib/thumb/v7e-m+fp/hard\libc_nano.a(libc_a-findfp.o)
 .text.stdio_exit_handler
                0x080101fc       0x18 D:/STM32CubeIDE_1.17.0/STM32CubeIDE/plugins/com.st.stm32cube.ide.mcu.externaltools.gnu-tools-for-stm32.13.3.rel1.win32_1.0.0.202411081344/tools/bin/../lib/gcc/arm-none-eabi/13.3.1/../../../../arm-none-eabi/lib/thumb/v7e-m+fp/hard\libc_nano.a(libc_a-findfp.o)
 .text.cleanup_stdio
                0x08010214       0x40 D:/STM32CubeIDE_1.17.0/STM32CubeIDE/plugins/com.st.stm32cube.ide.mcu.externaltools.gnu-tools-for-stm32.13.3.rel1.win32_1.0.0.202411081344/tools/bin/../lib/gcc/arm-none-eabi/13.3.1/../../../../arm-none-eabi/lib/thumb/v7e-m+fp/hard\libc_nano.a(libc_a-findfp.o)
 .text.global_stdio_init.part.0
                0x08010254       0x3c D:/STM32CubeIDE_1.17.0/STM32CubeIDE/plugins/com.st.stm32cube.ide.mcu.externaltools.gnu-tools-for-stm32.13.3.rel1.win32_1.0.0.202411081344/tools/bin/../lib/gcc/arm-none-eabi/13.3.1/../../../../arm-none-eabi/lib/thumb/v7e-m+fp/hard\libc_nano.a(libc_a-findfp.o)
 .text.__sfp_lock_acquire
                0x08010290        0xc D:/STM32CubeIDE_1.17.0/STM32CubeIDE/plugins/com.st.stm32cube.ide.mcu.externaltools.gnu-tools-for-stm32.13.3.rel1.win32_1.0.0.202411081344/tools/bin/../lib/gcc/arm-none-eabi/13.3.1/../../../../arm-none-eabi/lib/thumb/v7e-m+fp/hard\libc_nano.a(libc_a-findfp.o)
                0x08010290                __sfp_lock_acquire
 .text.__sfp_lock_release
                0x0801029c        0xc D:/STM32CubeIDE_1.17.0/STM32CubeIDE/plugins/com.st.stm32cube.ide.mcu.externaltools.gnu-tools-for-stm32.13.3.rel1.win32_1.0.0.202411081344/tools/bin/../lib/gcc/arm-none-eabi/13.3.1/../../../../arm-none-eabi/lib/thumb/v7e-m+fp/hard\libc_nano.a(libc_a-findfp.o)
                0x0801029c                __sfp_lock_release
 .text.__sinit  0x080102a8       0x30 D:/STM32CubeIDE_1.17.0/STM32CubeIDE/plugins/com.st.stm32cube.ide.mcu.externaltools.gnu-tools-for-stm32.13.3.rel1.win32_1.0.0.202411081344/tools/bin/../lib/gcc/arm-none-eabi/13.3.1/../../../../arm-none-eabi/lib/thumb/v7e-m+fp/hard\libc_nano.a(libc_a-findfp.o)
                0x080102a8                __sinit
 .text._fwalk_sglue
                0x080102d8       0x3c D:/STM32CubeIDE_1.17.0/STM32CubeIDE/plugins/com.st.stm32cube.ide.mcu.externaltools.gnu-tools-for-stm32.13.3.rel1.win32_1.0.0.202411081344/tools/bin/../lib/gcc/arm-none-eabi/13.3.1/../../../../arm-none-eabi/lib/thumb/v7e-m+fp/hard\libc_nano.a(libc_a-fwalk.o)
                0x080102d8                _fwalk_sglue
 .text.printf   0x08010314       0x24 D:/STM32CubeIDE_1.17.0/STM32CubeIDE/plugins/com.st.stm32cube.ide.mcu.externaltools.gnu-tools-for-stm32.13.3.rel1.win32_1.0.0.202411081344/tools/bin/../lib/gcc/arm-none-eabi/13.3.1/../../../../arm-none-eabi/lib/thumb/v7e-m+fp/hard\libc_nano.a(libc_a-printf.o)
                0x08010314                iprintf
                0x08010314                printf
 .text._puts_r  0x08010338       0xaa D:/STM32CubeIDE_1.17.0/STM32CubeIDE/plugins/com.st.stm32cube.ide.mcu.externaltools.gnu-tools-for-stm32.13.3.rel1.win32_1.0.0.202411081344/tools/bin/../lib/gcc/arm-none-eabi/13.3.1/../../../../arm-none-eabi/lib/thumb/v7e-m+fp/hard\libc_nano.a(libc_a-puts.o)
                0x08010338                _puts_r
 *fill*         0x080103e2        0x2 
 .text.puts     0x080103e4       0x10 D:/STM32CubeIDE_1.17.0/STM32CubeIDE/plugins/com.st.stm32cube.ide.mcu.externaltools.gnu-tools-for-stm32.13.3.rel1.win32_1.0.0.202411081344/tools/bin/../lib/gcc/arm-none-eabi/13.3.1/../../../../arm-none-eabi/lib/thumb/v7e-m+fp/hard\libc_nano.a(libc_a-puts.o)
                0x080103e4                puts
 .text.snprintf
                0x080103f4       0x6c D:/STM32CubeIDE_1.17.0/STM32CubeIDE/plugins/com.st.stm32cube.ide.mcu.externaltools.gnu-tools-for-stm32.13.3.rel1.win32_1.0.0.202411081344/tools/bin/../lib/gcc/arm-none-eabi/13.3.1/../../../../arm-none-eabi/lib/thumb/v7e-m+fp/hard\libc_nano.a(libc_a-snprintf.o)
                0x080103f4                sniprintf
                0x080103f4                snprintf
 .text.__sread  0x08010460       0x22 D:/STM32CubeIDE_1.17.0/STM32CubeIDE/plugins/com.st.stm32cube.ide.mcu.externaltools.gnu-tools-for-stm32.13.3.rel1.win32_1.0.0.202411081344/tools/bin/../lib/gcc/arm-none-eabi/13.3.1/../../../../arm-none-eabi/lib/thumb/v7e-m+fp/hard\libc_nano.a(libc_a-stdio.o)
                0x08010460                __sread
 .text.__swrite
                0x08010482       0x38 D:/STM32CubeIDE_1.17.0/STM32CubeIDE/plugins/com.st.stm32cube.ide.mcu.externaltools.gnu-tools-for-stm32.13.3.rel1.win32_1.0.0.202411081344/tools/bin/../lib/gcc/arm-none-eabi/13.3.1/../../../../arm-none-eabi/lib/thumb/v7e-m+fp/hard\libc_nano.a(libc_a-stdio.o)
                0x08010482                __swrite
 .text.__sseek  0x080104ba       0x24 D:/STM32CubeIDE_1.17.0/STM32CubeIDE/plugins/com.st.stm32cube.ide.mcu.externaltools.gnu-tools-for-stm32.13.3.rel1.win32_1.0.0.202411081344/tools/bin/../lib/gcc/arm-none-eabi/13.3.1/../../../../arm-none-eabi/lib/thumb/v7e-m+fp/hard\libc_nano.a(libc_a-stdio.o)
                0x080104ba                __sseek
 .text.__sclose
                0x080104de        0x8 D:/STM32CubeIDE_1.17.0/STM32CubeIDE/plugins/com.st.stm32cube.ide.mcu.externaltools.gnu-tools-for-stm32.13.3.rel1.win32_1.0.0.202411081344/tools/bin/../lib/gcc/arm-none-eabi/13.3.1/../../../../arm-none-eabi/lib/thumb/v7e-m+fp/hard\libc_nano.a(libc_a-stdio.o)
                0x080104de                __sclose
 .text.__swbuf_r
                0x080104e6       0x7c D:/STM32CubeIDE_1.17.0/STM32CubeIDE/plugins/com.st.stm32cube.ide.mcu.externaltools.gnu-tools-for-stm32.13.3.rel1.win32_1.0.0.202411081344/tools/bin/../lib/gcc/arm-none-eabi/13.3.1/../../../../arm-none-eabi/lib/thumb/v7e-m+fp/hard\libc_nano.a(libc_a-wbuf.o)
                0x080104e6                __swbuf_r
 *fill*         0x08010562        0x2 
 .text.__swsetup_r
                0x08010564       0xac D:/STM32CubeIDE_1.17.0/STM32CubeIDE/plugins/com.st.stm32cube.ide.mcu.externaltools.gnu-tools-for-stm32.13.3.rel1.win32_1.0.0.202411081344/tools/bin/../lib/gcc/arm-none-eabi/13.3.1/../../../../arm-none-eabi/lib/thumb/v7e-m+fp/hard\libc_nano.a(libc_a-wsetup.o)
                0x08010564                __swsetup_r
 .text.memset   0x08010610       0x10 D:/STM32CubeIDE_1.17.0/STM32CubeIDE/plugins/com.st.stm32cube.ide.mcu.externaltools.gnu-tools-for-stm32.13.3.rel1.win32_1.0.0.202411081344/tools/bin/../lib/gcc/arm-none-eabi/13.3.1/../../../../arm-none-eabi/lib/thumb/v7e-m+fp/hard\libc_nano.a(libc_a-memset.o)
                0x08010610                memset
 .text._localeconv_r
                0x08010620        0x8 D:/STM32CubeIDE_1.17.0/STM32CubeIDE/plugins/com.st.stm32cube.ide.mcu.externaltools.gnu-tools-for-stm32.13.3.rel1.win32_1.0.0.202411081344/tools/bin/../lib/gcc/arm-none-eabi/13.3.1/../../../../arm-none-eabi/lib/thumb/v7e-m+fp/hard\libc_nano.a(libc_a-localeconv.o)
                0x08010620                _localeconv_r
 .text._close_r
                0x08010628       0x20 D:/STM32CubeIDE_1.17.0/STM32CubeIDE/plugins/com.st.stm32cube.ide.mcu.externaltools.gnu-tools-for-stm32.13.3.rel1.win32_1.0.0.202411081344/tools/bin/../lib/gcc/arm-none-eabi/13.3.1/../../../../arm-none-eabi/lib/thumb/v7e-m+fp/hard\libc_nano.a(libc_a-closer.o)
                0x08010628                _close_r
 .text._reclaim_reent
                0x08010648       0xbc D:/STM32CubeIDE_1.17.0/STM32CubeIDE/plugins/com.st.stm32cube.ide.mcu.externaltools.gnu-tools-for-stm32.13.3.rel1.win32_1.0.0.202411081344/tools/bin/../lib/gcc/arm-none-eabi/13.3.1/../../../../arm-none-eabi/lib/thumb/v7e-m+fp/hard\libc_nano.a(libc_a-reent.o)
                0x08010648                _reclaim_reent
 .text._lseek_r
                0x08010704       0x24 D:/STM32CubeIDE_1.17.0/STM32CubeIDE/plugins/com.st.stm32cube.ide.mcu.externaltools.gnu-tools-for-stm32.13.3.rel1.win32_1.0.0.202411081344/tools/bin/../lib/gcc/arm-none-eabi/13.3.1/../../../../arm-none-eabi/lib/thumb/v7e-m+fp/hard\libc_nano.a(libc_a-lseekr.o)
                0x08010704                _lseek_r
 .text._read_r  0x08010728       0x24 D:/STM32CubeIDE_1.17.0/STM32CubeIDE/plugins/com.st.stm32cube.ide.mcu.externaltools.gnu-tools-for-stm32.13.3.rel1.win32_1.0.0.202411081344/tools/bin/../lib/gcc/arm-none-eabi/13.3.1/../../../../arm-none-eabi/lib/thumb/v7e-m+fp/hard\libc_nano.a(libc_a-readr.o)
                0x08010728                _read_r
 .text._write_r
                0x0801074c       0x24 D:/STM32CubeIDE_1.17.0/STM32CubeIDE/plugins/com.st.stm32cube.ide.mcu.externaltools.gnu-tools-for-stm32.13.3.rel1.win32_1.0.0.202411081344/tools/bin/../lib/gcc/arm-none-eabi/13.3.1/../../../../arm-none-eabi/lib/thumb/v7e-m+fp/hard\libc_nano.a(libc_a-writer.o)
                0x0801074c                _write_r
 .text.__errno  0x08010770        0xc D:/STM32CubeIDE_1.17.0/STM32CubeIDE/plugins/com.st.stm32cube.ide.mcu.externaltools.gnu-tools-for-stm32.13.3.rel1.win32_1.0.0.202411081344/tools/bin/../lib/gcc/arm-none-eabi/13.3.1/../../../../arm-none-eabi/lib/thumb/v7e-m+fp/hard\libc_nano.a(libc_a-errno.o)
                0x08010770                __errno
 .text.__libc_init_array
                0x0801077c       0x48 D:/STM32CubeIDE_1.17.0/STM32CubeIDE/plugins/com.st.stm32cube.ide.mcu.externaltools.gnu-tools-for-stm32.13.3.rel1.win32_1.0.0.202411081344/tools/bin/../lib/gcc/arm-none-eabi/13.3.1/../../../../arm-none-eabi/lib/thumb/v7e-m+fp/hard\libc_nano.a(libc_a-init.o)
                0x0801077c                __libc_init_array
 .text.__retarget_lock_init_recursive
                0x080107c4        0x2 D:/STM32CubeIDE_1.17.0/STM32CubeIDE/plugins/com.st.stm32cube.ide.mcu.externaltools.gnu-tools-for-stm32.13.3.rel1.win32_1.0.0.202411081344/tools/bin/../lib/gcc/arm-none-eabi/13.3.1/../../../../arm-none-eabi/lib/thumb/v7e-m+fp/hard\libc_nano.a(libc_a-lock.o)
                0x080107c4                __retarget_lock_init_recursive
 .text.__retarget_lock_acquire_recursive
                0x080107c6        0x2 D:/STM32CubeIDE_1.17.0/STM32CubeIDE/plugins/com.st.stm32cube.ide.mcu.externaltools.gnu-tools-for-stm32.13.3.rel1.win32_1.0.0.202411081344/tools/bin/../lib/gcc/arm-none-eabi/13.3.1/../../../../arm-none-eabi/lib/thumb/v7e-m+fp/hard\libc_nano.a(libc_a-lock.o)
                0x080107c6                __retarget_lock_acquire_recursive
 .text.__retarget_lock_release_recursive
                0x080107c8        0x2 D:/STM32CubeIDE_1.17.0/STM32CubeIDE/plugins/com.st.stm32cube.ide.mcu.externaltools.gnu-tools-for-stm32.13.3.rel1.win32_1.0.0.202411081344/tools/bin/../lib/gcc/arm-none-eabi/13.3.1/../../../../arm-none-eabi/lib/thumb/v7e-m+fp/hard\libc_nano.a(libc_a-lock.o)
                0x080107c8                __retarget_lock_release_recursive
 .text.memcpy   0x080107ca       0x1c D:/STM32CubeIDE_1.17.0/STM32CubeIDE/plugins/com.st.stm32cube.ide.mcu.externaltools.gnu-tools-for-stm32.13.3.rel1.win32_1.0.0.202411081344/tools/bin/../lib/gcc/arm-none-eabi/13.3.1/../../../../arm-none-eabi/lib/thumb/v7e-m+fp/hard\libc_nano.a(libc_a-memcpy-stub.o)
                0x080107ca                memcpy
 .text.quorem   0x080107e6      0x110 D:/STM32CubeIDE_1.17.0/STM32CubeIDE/plugins/com.st.stm32cube.ide.mcu.externaltools.gnu-tools-for-stm32.13.3.rel1.win32_1.0.0.202411081344/tools/bin/../lib/gcc/arm-none-eabi/13.3.1/../../../../arm-none-eabi/lib/thumb/v7e-m+fp/hard\libc_nano.a(libc_a-dtoa.o)
 *fill*         0x080108f6        0x2 
 .text._dtoa_r  0x080108f8      0xba0 D:/STM32CubeIDE_1.17.0/STM32CubeIDE/plugins/com.st.stm32cube.ide.mcu.externaltools.gnu-tools-for-stm32.13.3.rel1.win32_1.0.0.202411081344/tools/bin/../lib/gcc/arm-none-eabi/13.3.1/../../../../arm-none-eabi/lib/thumb/v7e-m+fp/hard\libc_nano.a(libc_a-dtoa.o)
                0x080108f8                _dtoa_r
 .text._free_r  0x08011498       0x94 D:/STM32CubeIDE_1.17.0/STM32CubeIDE/plugins/com.st.stm32cube.ide.mcu.externaltools.gnu-tools-for-stm32.13.3.rel1.win32_1.0.0.202411081344/tools/bin/../lib/gcc/arm-none-eabi/13.3.1/../../../../arm-none-eabi/lib/thumb/v7e-m+fp/hard\libc_nano.a(libc_a-freer.o)
                0x08011498                _free_r
 .text.malloc   0x0801152c       0x10 D:/STM32CubeIDE_1.17.0/STM32CubeIDE/plugins/com.st.stm32cube.ide.mcu.externaltools.gnu-tools-for-stm32.13.3.rel1.win32_1.0.0.202411081344/tools/bin/../lib/gcc/arm-none-eabi/13.3.1/../../../../arm-none-eabi/lib/thumb/v7e-m+fp/hard\libc_nano.a(libc_a-malloc.o)
                0x0801152c                malloc
 .text.sbrk_aligned
                0x0801153c       0x44 D:/STM32CubeIDE_1.17.0/STM32CubeIDE/plugins/com.st.stm32cube.ide.mcu.externaltools.gnu-tools-for-stm32.13.3.rel1.win32_1.0.0.202411081344/tools/bin/../lib/gcc/arm-none-eabi/13.3.1/../../../../arm-none-eabi/lib/thumb/v7e-m+fp/hard\libc_nano.a(libc_a-mallocr.o)
 .text._malloc_r
                0x08011580      0x100 D:/STM32CubeIDE_1.17.0/STM32CubeIDE/plugins/com.st.stm32cube.ide.mcu.externaltools.gnu-tools-for-stm32.13.3.rel1.win32_1.0.0.202411081344/tools/bin/../lib/gcc/arm-none-eabi/13.3.1/../../../../arm-none-eabi/lib/thumb/v7e-m+fp/hard\libc_nano.a(libc_a-mallocr.o)
                0x08011580                _malloc_r
 .text.__malloc_lock
                0x08011680        0xc D:/STM32CubeIDE_1.17.0/STM32CubeIDE/plugins/com.st.stm32cube.ide.mcu.externaltools.gnu-tools-for-stm32.13.3.rel1.win32_1.0.0.202411081344/tools/bin/../lib/gcc/arm-none-eabi/13.3.1/../../../../arm-none-eabi/lib/thumb/v7e-m+fp/hard\libc_nano.a(libc_a-mlock.o)
                0x08011680                __malloc_lock
 .text.__malloc_unlock
                0x0801168c        0xc D:/STM32CubeIDE_1.17.0/STM32CubeIDE/plugins/com.st.stm32cube.ide.mcu.externaltools.gnu-tools-for-stm32.13.3.rel1.win32_1.0.0.202411081344/tools/bin/../lib/gcc/arm-none-eabi/13.3.1/../../../../arm-none-eabi/lib/thumb/v7e-m+fp/hard\libc_nano.a(libc_a-mlock.o)
                0x0801168c                __malloc_unlock
 .text._Balloc  0x08011698       0x80 D:/STM32CubeIDE_1.17.0/STM32CubeIDE/plugins/com.st.stm32cube.ide.mcu.externaltools.gnu-tools-for-stm32.13.3.rel1.win32_1.0.0.202411081344/tools/bin/../lib/gcc/arm-none-eabi/13.3.1/../../../../arm-none-eabi/lib/thumb/v7e-m+fp/hard\libc_nano.a(libc_a-mprec.o)
                0x08011698                _Balloc
 .text._Bfree   0x08011718       0x44 D:/STM32CubeIDE_1.17.0/STM32CubeIDE/plugins/com.st.stm32cube.ide.mcu.externaltools.gnu-tools-for-stm32.13.3.rel1.win32_1.0.0.202411081344/tools/bin/../lib/gcc/arm-none-eabi/13.3.1/../../../../arm-none-eabi/lib/thumb/v7e-m+fp/hard\libc_nano.a(libc_a-mprec.o)
                0x08011718                _Bfree
 .text.__multadd
                0x0801175c       0x8c D:/STM32CubeIDE_1.17.0/STM32CubeIDE/plugins/com.st.stm32cube.ide.mcu.externaltools.gnu-tools-for-stm32.13.3.rel1.win32_1.0.0.202411081344/tools/bin/../lib/gcc/arm-none-eabi/13.3.1/../../../../arm-none-eabi/lib/thumb/v7e-m+fp/hard\libc_nano.a(libc_a-mprec.o)
                0x0801175c                __multadd
 .text.__hi0bits
                0x080117e8       0x3e D:/STM32CubeIDE_1.17.0/STM32CubeIDE/plugins/com.st.stm32cube.ide.mcu.externaltools.gnu-tools-for-stm32.13.3.rel1.win32_1.0.0.202411081344/tools/bin/../lib/gcc/arm-none-eabi/13.3.1/../../../../arm-none-eabi/lib/thumb/v7e-m+fp/hard\libc_nano.a(libc_a-mprec.o)
                0x080117e8                __hi0bits
 .text.__lo0bits
                0x08011826       0x5a D:/STM32CubeIDE_1.17.0/STM32CubeIDE/plugins/com.st.stm32cube.ide.mcu.externaltools.gnu-tools-for-stm32.13.3.rel1.win32_1.0.0.202411081344/tools/bin/../lib/gcc/arm-none-eabi/13.3.1/../../../../arm-none-eabi/lib/thumb/v7e-m+fp/hard\libc_nano.a(libc_a-mprec.o)
                0x08011826                __lo0bits
 .text.__i2b    0x08011880       0x2c D:/STM32CubeIDE_1.17.0/STM32CubeIDE/plugins/com.st.stm32cube.ide.mcu.externaltools.gnu-tools-for-stm32.13.3.rel1.win32_1.0.0.202411081344/tools/bin/../lib/gcc/arm-none-eabi/13.3.1/../../../../arm-none-eabi/lib/thumb/v7e-m+fp/hard\libc_nano.a(libc_a-mprec.o)
                0x08011880                __i2b
 .text.__multiply
                0x080118ac      0x144 D:/STM32CubeIDE_1.17.0/STM32CubeIDE/plugins/com.st.stm32cube.ide.mcu.externaltools.gnu-tools-for-stm32.13.3.rel1.win32_1.0.0.202411081344/tools/bin/../lib/gcc/arm-none-eabi/13.3.1/../../../../arm-none-eabi/lib/thumb/v7e-m+fp/hard\libc_nano.a(libc_a-mprec.o)
                0x080118ac                __multiply
 .text.__pow5mult
                0x080119f0       0xb4 D:/STM32CubeIDE_1.17.0/STM32CubeIDE/plugins/com.st.stm32cube.ide.mcu.externaltools.gnu-tools-for-stm32.13.3.rel1.win32_1.0.0.202411081344/tools/bin/../lib/gcc/arm-none-eabi/13.3.1/../../../../arm-none-eabi/lib/thumb/v7e-m+fp/hard\libc_nano.a(libc_a-mprec.o)
                0x080119f0                __pow5mult
 .text.__lshift