../Drivers/STM32F4xx_HAL_Driver/Src/stm32f4xx_hal_sd.c:335:19:HAL_SD_Init	16	static
../Drivers/STM32F4xx_HAL_Driver/Src/stm32f4xx_hal_sd.c:403:19:HAL_SD_InitCard	72	static
../Drivers/STM32F4xx_HAL_Driver/Src/stm32f4xx_hal_sd.c:468:19:HAL_SD_DeInit	16	static
../Drivers/STM32F4xx_HAL_Driver/Src/stm32f4xx_hal_sd.c:509:13:HAL_SD_MspInit	16	static
../Drivers/STM32F4xx_HAL_Driver/Src/stm32f4xx_hal_sd.c:524:13:HAL_SD_MspDeInit	16	static
../Drivers/STM32F4xx_HAL_Driver/Src/stm32f4xx_hal_sd.c:565:19:HAL_SD_ReadBlocks	80	static
../Drivers/STM32F4xx_HAL_Driver/Src/stm32f4xx_hal_sd.c:784:19:HAL_SD_WriteBlocks	80	static
../Drivers/STM32F4xx_HAL_Driver/Src/stm32f4xx_hal_sd.c:976:19:HAL_SD_ReadBlocks_IT	56	static
../Drivers/STM32F4xx_HAL_Driver/Src/stm32f4xx_hal_sd.c:1072:19:HAL_SD_WriteBlocks_IT	56	static
../Drivers/STM32F4xx_HAL_Driver/Src/stm32f4xx_hal_sd.c:1169:19:HAL_SD_ReadBlocks_DMA	56	static
../Drivers/STM32F4xx_HAL_Driver/Src/stm32f4xx_hal_sd.c:1290:19:HAL_SD_WriteBlocks_DMA	56	static
../Drivers/STM32F4xx_HAL_Driver/Src/stm32f4xx_hal_sd.c:1413:19:HAL_SD_Erase	40	static
../Drivers/STM32F4xx_HAL_Driver/Src/stm32f4xx_hal_sd.c:1515:6:HAL_SD_IRQHandler	24	static
../Drivers/STM32F4xx_HAL_Driver/Src/stm32f4xx_hal_sd.c:1731:21:HAL_SD_GetState	16	static
../Drivers/STM32F4xx_HAL_Driver/Src/stm32f4xx_hal_sd.c:1742:10:HAL_SD_GetError	16	static
../Drivers/STM32F4xx_HAL_Driver/Src/stm32f4xx_hal_sd.c:1752:13:HAL_SD_TxCpltCallback	16	static
../Drivers/STM32F4xx_HAL_Driver/Src/stm32f4xx_hal_sd.c:1767:13:HAL_SD_RxCpltCallback	16	static
../Drivers/STM32F4xx_HAL_Driver/Src/stm32f4xx_hal_sd.c:1782:13:HAL_SD_ErrorCallback	16	static
../Drivers/STM32F4xx_HAL_Driver/Src/stm32f4xx_hal_sd.c:1797:13:HAL_SD_AbortCallback	16	static
../Drivers/STM32F4xx_HAL_Driver/Src/stm32f4xx_hal_sd.c:2008:19:HAL_SD_GetCardCID	16	static
../Drivers/STM32F4xx_HAL_Driver/Src/stm32f4xx_hal_sd.c:2041:19:HAL_SD_GetCardCSD	16	static
../Drivers/STM32F4xx_HAL_Driver/Src/stm32f4xx_hal_sd.c:2155:19:HAL_SD_GetCardStatus	88	static
../Drivers/STM32F4xx_HAL_Driver/Src/stm32f4xx_hal_sd.c:2215:19:HAL_SD_GetCardInfo	16	static
../Drivers/STM32F4xx_HAL_Driver/Src/stm32f4xx_hal_sd.c:2240:19:HAL_SD_ConfigWideBusOperation	72	static
../Drivers/STM32F4xx_HAL_Driver/Src/stm32f4xx_hal_sd.c:2322:25:HAL_SD_GetCardState	32	static
../Drivers/STM32F4xx_HAL_Driver/Src/stm32f4xx_hal_sd.c:2345:19:HAL_SD_Abort	24	static
../Drivers/STM32F4xx_HAL_Driver/Src/stm32f4xx_hal_sd.c:2409:19:HAL_SD_Abort_IT	24	static
../Drivers/STM32F4xx_HAL_Driver/Src/stm32f4xx_hal_sd.c:2496:13:SD_DMATransmitCplt	24	static
../Drivers/STM32F4xx_HAL_Driver/Src/stm32f4xx_hal_sd.c:2509:13:SD_DMAReceiveCplt	24	static
../Drivers/STM32F4xx_HAL_Driver/Src/stm32f4xx_hal_sd.c:2551:13:SD_DMAError	32	static
../Drivers/STM32F4xx_HAL_Driver/Src/stm32f4xx_hal_sd.c:2595:13:SD_DMATxAbort	24	static
../Drivers/STM32F4xx_HAL_Driver/Src/stm32f4xx_hal_sd.c:2634:13:SD_DMARxAbort	24	static
../Drivers/STM32F4xx_HAL_Driver/Src/stm32f4xx_hal_sd.c:2673:17:SD_InitCard	96	static
../Drivers/STM32F4xx_HAL_Driver/Src/stm32f4xx_hal_sd.c:2765:17:SD_PowerON	32	static
../Drivers/STM32F4xx_HAL_Driver/Src/stm32f4xx_hal_sd.c:2855:13:SD_PowerOFF	16	static
../Drivers/STM32F4xx_HAL_Driver/Src/stm32f4xx_hal_sd.c:2868:17:SD_SendSDStatus	56	static
../Drivers/STM32F4xx_HAL_Driver/Src/stm32f4xx_hal_sd.c:2978:17:SD_SendStatus	24	static
../Drivers/STM32F4xx_HAL_Driver/Src/stm32f4xx_hal_sd.c:3005:17:SD_WideBus_Enable	32	static
../Drivers/STM32F4xx_HAL_Driver/Src/stm32f4xx_hal_sd.c:3052:17:SD_WideBus_Disable	32	static
../Drivers/STM32F4xx_HAL_Driver/Src/stm32f4xx_hal_sd.c:3101:17:SD_FindSCR	72	static
../Drivers/STM32F4xx_HAL_Driver/Src/stm32f4xx_hal_sd.c:3202:13:SD_Read_IT	32	static
../Drivers/STM32F4xx_HAL_Driver/Src/stm32f4xx_hal_sd.c:3241:13:SD_Write_IT	32	static
