../Core/Src/bmp5.c:288:8:bmp5_init	24	static
../Core/Src/bmp5.c:344:8:bmp5_get_regs	40	static
../Core/Src/bmp5.c:376:8:bmp5_set_regs	40	static
../Core/Src/bmp5.c:419:8:bmp5_soft_reset	24	static
../Core/Src/bmp5.c:467:8:bmp5_get_interrupt_status	24	static
../Core/Src/bmp5.c:486:8:bmp5_get_power_mode	24	static
../Core/Src/bmp5.c:550:8:bmp5_set_power_mode	24	static
../Core/Src/bmp5.c:612:8:bmp5_get_sensor_data	48	static
../Core/Src/bmp5.c:670:8:bmp5_int_source_select	24	static
../Core/Src/bmp5.c:703:8:bmp5_configure_interrupt	32	static
../Core/Src/bmp5.c:756:8:bmp5_get_osr_odr_press_config	24	static
../Core/Src/bmp5.c:799:8:bmp5_set_osr_odr_press_config	24	static
../Core/Src/bmp5.c:846:8:bmp5_get_iir_config	24	static
../Core/Src/bmp5.c:880:8:bmp5_set_iir_config	24	static
../Core/Src/bmp5.c:945:8:bmp5_get_osr_odr_eff	24	static
../Core/Src/bmp5.c:976:8:bmp5_get_fifo_configuration	24	static
../Core/Src/bmp5.c:1025:8:bmp5_set_fifo_configuration	24	static
../Core/Src/bmp5.c:1096:8:bmp5_get_fifo_len	32	static
../Core/Src/bmp5.c:1137:8:bmp5_get_fifo_data	24	static
../Core/Src/bmp5.c:1170:8:bmp5_extract_fifo_data	24	static
../Core/Src/bmp5.c:1198:8:bmp5_get_oor_configuration	24	static
../Core/Src/bmp5.c:1234:8:bmp5_set_oor_configuration	24	static
../Core/Src/bmp5.c:1278:8:bmp5_nvm_read	32	static
../Core/Src/bmp5.c:1338:8:bmp5_nvm_write	40	static
../Core/Src/bmp5.c:1434:15:null_ptr_check	24	static
../Core/Src/bmp5.c:1456:15:validate_chip_id	24	static
../Core/Src/bmp5.c:1478:15:power_up_check	24	static
../Core/Src/bmp5.c:1522:15:check_deepstandby_mode	32	static
../Core/Src/bmp5.c:1557:15:set_deep_standby_mode	24	static
../Core/Src/bmp5.c:1614:15:set_power_mode	24	static
../Core/Src/bmp5.c:1637:15:set_standby_mode	24	static
../Core/Src/bmp5.c:1681:15:set_iir_config	24	static
../Core/Src/bmp5.c:1709:15:set_fifo_iir_config	24	static
../Core/Src/bmp5.c:1767:15:set_fifo_threshold	24	static
../Core/Src/bmp5.c:1802:15:unpack_sensor_data	40	static
../Core/Src/bmp5.c:1943:15:set_oor_iir_count_limit	24	static
../Core/Src/bmp5.c:2014:15:nvm_write_addr	32	static
../Core/Src/bmp5.c:2050:15:set_nvm_addr	24	static
../Core/Src/bmp5.c:2093:15:get_nvm_data	24	static
../Core/Src/bmp5.c:2128:15:get_nvm_status	24	static
