../Core/Src/LoRa.c:19:6:newLoRa	72	static
../Core/Src/LoRa.c:42:6:configureLoRa	72	static
../Core/Src/LoRa.c:79:6:LoRa_reset	16	static
../Core/Src/LoRa.c:97:6:LoRa_gotoMode	24	static
../Core/Src/LoRa.c:141:6:LoRa_readReg	24	static
../Core/Src/LoRa.c:167:6:LoRa_writeReg	24	static
../Core/Src/LoRa.c:189:6:LoRa_setLowDaraRateOptimization	24	static
../Core/Src/LoRa.c:214:6:LoRa_setAutoLDO	96	static
../Core/Src/LoRa.c:231:6:LoRa_setFrequency	24	static
../Core/Src/LoRa.c:263:6:LoRa_setSpreadingFactor	24	static
../Core/Src/LoRa.c:293:6:LoRa_setPower	16	static
../Core/Src/LoRa.c:309:6:LoRa_setOCP	24	static
../Core/Src/LoRa.c:337:6:LoRa_setTOMsb_setCRCon	24	static
../Core/Src/LoRa.c:357:6:LoRa_setSyncWord	16	static
../Core/Src/LoRa.c:373:9:LoRa_read	32	static
../Core/Src/LoRa.c:396:6:LoRa_write	32	static
../Core/Src/LoRa.c:420:6:LoRa_BurstWrite	32	static
../Core/Src/LoRa.c:448:9:LoRa_isvalid	16	static
../Core/Src/LoRa.c:465:9:LoRa_transmit	32	static
../Core/Src/LoRa.c:502:6:LoRa_startReceiving	16	static
../Core/Src/LoRa.c:518:9:LoRa_receive	48	static
../Core/Src/LoRa.c:554:5:LoRa_getRSSI	24	static
../Core/Src/LoRa.c:570:10:LoRa_init	24	static
